Archive member included to satisfy reference by file (symbol)

c:/mounriver/mounriver_studio/toolchain/risc-v embedded gcc/bin/../lib/gcc/riscv-none-embed/8.2.0/rv32imacxw/ilp32\libgcc.a(adddf3.o)
                              ./HSM20G/hsm20g.o (__adddf3)
c:/mounriver/mounriver_studio/toolchain/risc-v embedded gcc/bin/../lib/gcc/riscv-none-embed/8.2.0/rv32imacxw/ilp32\libgcc.a(muldf3.o)
                              ./HSM20G/hsm20g.o (__muldf3)
c:/mounriver/mounriver_studio/toolchain/risc-v embedded gcc/bin/../lib/gcc/riscv-none-embed/8.2.0/rv32imacxw/ilp32\libgcc.a(subdf3.o)
                              ./HSM20G/hsm20g.o (__subdf3)
c:/mounriver/mounriver_studio/toolchain/risc-v embedded gcc/bin/../lib/gcc/riscv-none-embed/8.2.0/rv32imacxw/ilp32\libgcc.a(fixdfsi.o)
                              ./HSM20G/hsm20g.o (__fixdfsi)
c:/mounriver/mounriver_studio/toolchain/risc-v embedded gcc/bin/../lib/gcc/riscv-none-embed/8.2.0/rv32imacxw/ilp32\libgcc.a(floatsidf.o)
                              ./HSM20G/hsm20g.o (__floatsidf)
c:/mounriver/mounriver_studio/toolchain/risc-v embedded gcc/bin/../lib/gcc/riscv-none-embed/8.2.0/rv32imacxw/ilp32\libgcc.a(addsf3.o)
                              ./NEO7/gps.o (__addsf3)
c:/mounriver/mounriver_studio/toolchain/risc-v embedded gcc/bin/../lib/gcc/riscv-none-embed/8.2.0/rv32imacxw/ilp32\libgcc.a(divsf3.o)
                              ./NEO7/gps.o (__divsf3)
c:/mounriver/mounriver_studio/toolchain/risc-v embedded gcc/bin/../lib/gcc/riscv-none-embed/8.2.0/rv32imacxw/ilp32\libgcc.a(mulsf3.o)
                              ./NEO7/gps.o (__mulsf3)
c:/mounriver/mounriver_studio/toolchain/risc-v embedded gcc/bin/../lib/gcc/riscv-none-embed/8.2.0/rv32imacxw/ilp32\libgcc.a(fixunssfsi.o)
                              ./NEO7/gps.o (__fixunssfsi)
c:/mounriver/mounriver_studio/toolchain/risc-v embedded gcc/bin/../lib/gcc/riscv-none-embed/8.2.0/rv32imacxw/ilp32\libgcc.a(floatsisf.o)
                              ./NEO7/gps.o (__floatsisf)
c:/mounriver/mounriver_studio/toolchain/risc-v embedded gcc/bin/../lib/gcc/riscv-none-embed/8.2.0/rv32imacxw/ilp32\libgcc.a(floatunsisf.o)
                              ./NEO7/gps.o (__floatunsisf)
c:/mounriver/mounriver_studio/toolchain/risc-v embedded gcc/bin/../lib/gcc/riscv-none-embed/8.2.0/rv32imacxw/ilp32\libgcc.a(extendsfdf2.o)
                              ./NEO7/gps.o (__extendsfdf2)
c:/mounriver/mounriver_studio/toolchain/risc-v embedded gcc/bin/../lib/gcc/riscv-none-embed/8.2.0/rv32imacxw/ilp32\libgcc.a(save-restore.o)
                              ./rtthread/components/finsh/shell.o (__riscv_save_12)
c:/mounriver/mounriver_studio/toolchain/risc-v embedded gcc/bin/../lib/gcc/riscv-none-embed/8.2.0/rv32imacxw/ilp32\libgcc.a(_clzsi2.o)
                              c:/mounriver/mounriver_studio/toolchain/risc-v embedded gcc/bin/../lib/gcc/riscv-none-embed/8.2.0/rv32imacxw/ilp32\libgcc.a(adddf3.o) (__clzsi2)
c:/mounriver/mounriver_studio/toolchain/risc-v embedded gcc/bin/../lib/gcc/riscv-none-embed/8.2.0/rv32imacxw/ilp32\libgcc.a(_clz.o)
                              c:/mounriver/mounriver_studio/toolchain/risc-v embedded gcc/bin/../lib/gcc/riscv-none-embed/8.2.0/rv32imacxw/ilp32\libgcc.a(_clzsi2.o) (__clz_tab)
c:/mounriver/mounriver_studio/toolchain/risc-v embedded gcc/bin/../lib/gcc/riscv-none-embed/8.2.0/../../../../riscv-none-embed/lib/rv32imacxw/ilp32\libg_nano.a(lib_a-memcmp.o)
                              ./rtthread/components/finsh/shell.o (memcmp)
c:/mounriver/mounriver_studio/toolchain/risc-v embedded gcc/bin/../lib/gcc/riscv-none-embed/8.2.0/../../../../riscv-none-embed/lib/rv32imacxw/ilp32\libg_nano.a(lib_a-memcpy.o)
                              ./rtthread/components/finsh/cmd.o (memcpy)
c:/mounriver/mounriver_studio/toolchain/risc-v embedded gcc/bin/../lib/gcc/riscv-none-embed/8.2.0/../../../../riscv-none-embed/lib/rv32imacxw/ilp32\libg_nano.a(lib_a-memset.o)
                              ./rtthread/components/finsh/msh.o (memset)
c:/mounriver/mounriver_studio/toolchain/risc-v embedded gcc/bin/../lib/gcc/riscv-none-embed/8.2.0/../../../../riscv-none-embed/lib/rv32imacxw/ilp32\libg_nano.a(lib_a-printf.o)
                              ./User/main.o (printf)
c:/mounriver/mounriver_studio/toolchain/risc-v embedded gcc/bin/../lib/gcc/riscv-none-embed/8.2.0/../../../../riscv-none-embed/lib/rv32imacxw/ilp32\libg_nano.a(lib_a-sprintf.o)
                              ./GPRS/gprs.o (sprintf)
c:/mounriver/mounriver_studio/toolchain/risc-v embedded gcc/bin/../lib/gcc/riscv-none-embed/8.2.0/../../../../riscv-none-embed/lib/rv32imacxw/ilp32\libg_nano.a(lib_a-strcat.o)
                              ./rtthread/components/finsh/shell.o (strcat)
c:/mounriver/mounriver_studio/toolchain/risc-v embedded gcc/bin/../lib/gcc/riscv-none-embed/8.2.0/../../../../riscv-none-embed/lib/rv32imacxw/ilp32\libg_nano.a(lib_a-strcpy.o)
                              ./rtthread/components/finsh/shell.o (strcpy)
[...]
Memory Configuration

Name             Origin             Length             Attributes
FLASH            0x0000000000000000 0x0000000000040000 xr
RAM              0x0000000020000000 0x0000000000010000 xrw
*default*        0x0000000000000000 0xffffffffffffffff

Linker script and memory map

LOAD ./rtthread/src/clock.o
LOAD ./rtthread/src/components.o
LOAD ./rtthread/src/cpu.o
LOAD ./rtthread/src/device.o
LOAD ./rtthread/src/idle.o
LOAD ./rtthread/src/ipc.o
LOAD ./rtthread/src/irq.o
LOAD ./rtthread/src/kservice.o
LOAD ./rtthread/src/mem.o
LOAD ./rtthread/src/memheap.o
LOAD ./rtthread/src/mempool.o
LOAD ./rtthread/src/object.o
LOAD ./rtthread/src/scheduler.o
LOAD ./rtthread/src/slab.o
LOAD ./rtthread/src/thread.o
LOAD ./rtthread/src/timer.o
LOAD ./rtthread/libcpu/risc-v/common/context_gcc.o
LOAD ./rtthread/libcpu/risc-v/common/cpuport.o
LOAD ./rtthread/libcpu/risc-v/common/interrupt_gcc.o
LOAD ./rtthread/components/finsh/cmd.o
LOAD ./rtthread/components/finsh/msh.o
LOAD ./rtthread/components/finsh/msh_cmd.o
LOAD ./rtthread/components/finsh/msh_file.o
LOAD ./rtthread/components/finsh/shell.o
LOAD ./rtthread/components/finsh/symbol.o
LOAD ./rtthread/components/drivers/serial/serial.o
LOAD ./rtthread/components/drivers/misc/pin.o
LOAD ./rtthread/board.o
LOAD ./drivers/drv_gpio.o
LOAD ./drivers/drv_usart.o
LOAD ./User/ch32v30x_it.o
LOAD ./User/main.o
LOAD ./User/system_ch32v30x.o
LOAD ./Startup/startup_ch32v30x.o
LOAD ./Peripheral/src/ch32v30x_adc.o
LOAD ./Peripheral/src/ch32v30x_bkp.o
LOAD ./Peripheral/src/ch32v30x_can.o
LOAD ./Peripheral/src/ch32v30x_crc.o
LOAD ./Peripheral/src/ch32v30x_dac.o
LOAD ./Peripheral/src/ch32v30x_dbgmcu.o
LOAD ./Peripheral/src/ch32v30x_dma.o
LOAD ./Peripheral/src/ch32v30x_dvp.o
LOAD ./Peripheral/src/ch32v30x_eth.o
LOAD ./Peripheral/src/ch32v30x_exti.o
LOAD ./Peripheral/src/ch32v30x_flash.o
LOAD ./Peripheral/src/ch32v30x_fsmc.o
LOAD ./Peripheral/src/ch32v30x_gpio.o
LOAD ./Peripheral/src/ch32v30x_i2c.o
LOAD ./Peripheral/src/ch32v30x_iwdg.o
LOAD ./Peripheral/src/ch32v30x_misc.o
LOAD ./Peripheral/src/ch32v30x_opa.o
LOAD ./Peripheral/src/ch32v30x_pwr.o
LOAD ./Peripheral/src/ch32v30x_rcc.o
LOAD ./Peripheral/src/ch32v30x_rng.o
LOAD ./Peripheral/src/ch32v30x_rtc.o
LOAD ./Peripheral/src/ch32v30x_sdio.o
LOAD ./Peripheral/src/ch32v30x_spi.o
LOAD ./Peripheral/src/ch32v30x_tim.o
LOAD ./Peripheral/src/ch32v30x_usart.o
LOAD ./Peripheral/src/ch32v30x_wwdg.o
LOAD ./NEO7/gps.o
LOAD ./NEO7/usart.o
LOAD ./LCD/LiquidCrystal.o
LOAD ./HSM20G/hsm20g.o
LOAD ./GPRS/gprs.o
LOAD ./GPRS/usart2.o
LOAD ./Debug/debug.o
LOAD ./Core/core_riscv.o
LOAD c:/mounriver/mounriver_studio/toolchain/risc-v embedded gcc/bin/../lib/gcc/riscv-none-embed/8.2.0/rv32imacxw/ilp32\libgcc.a
LOAD c:/mounriver/mounriver_studio/toolchain/risc-v embedded gcc/bin/../lib/gcc/riscv-none-embed/8.2.0/../../../../riscv-none-embed/lib/rv32imacxw/ilp32\libg_nano.a
LOAD c:/mounriver/mounriver_studio/toolchain/risc-v embedded gcc/bin/../lib/gcc/riscv-none-embed/8.2.0/../../../../riscv-none-embed/lib/rv32imacxw/ilp32\libc_nano.a
LOAD c:/mounriver/mounriver_studio/toolchain/risc-v embedded gcc/bin/../lib/gcc/riscv-none-embed/8.2.0/rv32imacxw/ilp32\libgcc.a
START GROUP
LOAD c:/mounriver/mounriver_studio/toolchain/risc-v embedded gcc/bin/../lib/gcc/riscv-none-embed/8.2.0/rv32imacxw/ilp32\libgcc.a
LOAD c:/mounriver/mounriver_studio/toolchain/risc-v embedded gcc/bin/../lib/gcc/riscv-none-embed/8.2.0/../../../../riscv-none-embed/lib/rv32imacxw/ilp32\libc_nano.a
LOAD c:/mounriver/mounriver_studio/toolchain/risc-v embedded gcc/bin/../lib/gcc/riscv-none-embed/8.2.0/../../../../riscv-none-embed/lib/rv32imacxw/ilp32\libnosys.a
END GROUP
START GROUP
LOAD c:/mounriver/mounriver_studio/toolchain/risc-v embedded gcc/bin/../lib/gcc/riscv-none-embed/8.2.0/rv32imacxw/ilp32\libgcc.a
LOAD c:/mounriver/mounriver_studio/toolchain/risc-v embedded gcc/bin/../lib/gcc/riscv-none-embed/8.2.0/../../../../riscv-none-embed/lib/rv32imacxw/ilp32\libc_nano.a
LOAD c:/mounriver/mounriver_studio/toolchain/risc-v embedded gcc/bin/../lib/gcc/riscv-none-embed/8.2.0/../../../../riscv-none-embed/lib/rv32imacxw/ilp32\libnosys.a
END GROUP
                0x0000000000000800                __stack_size = 0x800
                [!provide]                        PROVIDE (_stack_size = __stack_size)

.init           0x0000000000000000       0x38
                0x0000000000000000                _sinit = .
                0x0000000000000000                . = ALIGN (0x4)
 *(SORT_NONE(.init))
 .init          0x0000000000000000       0x38 ./Startup/startup_ch32v30x.o
                0x0000000000000000                _start
                0x0000000000000038                . = ALIGN (0x4)
                0x0000000000000038                _einit = .

.vector         0x0000000000000038      0x1c8
 *(.vector)
 .vector        0x0000000000000038      0x1a0 ./Startup/startup_ch32v30x.o
                0x0000000000000200                . = ALIGN (0x40)
 *fill*         0x00000000000001d8       0x28 

.text           0x0000000000000200     0x697c
                0x0000000000000200                . = ALIGN (0x4)
 *(.text)
 .text          0x0000000000000200       0xce ./rtthread/libcpu/risc-v/common/context_gcc.o
                0x0000000000000200                rt_hw_context_switch_to
                0x000000000000021c                rt_hw_context_switch
                0x0000000000000276                rt_hw_context_switch_exit
 *fill*         0x00000000000002ce        0x2 
 .text          0x00000000000002d0       0xe2 ./rtthread/libcpu/risc-v/common/interrupt_gcc.o
                0x00000000000002d0                SW_handler
 .text          0x00000000000003b2       0x60 c:/mounriver/mounriver_studio/toolchain/risc-v embedded gcc/bin/../lib/gcc/riscv-none-embed/8.2.0/rv32imacxw/ilp32\libgcc.a(save-restore.o)
                0x00000000000003b2                __riscv_save_12
                0x00000000000003ba                __riscv_save_9
                0x00000000000003ba                __riscv_save_11
                0x00000000000003ba                __riscv_save_10
                0x00000000000003ba                __riscv_save_8
                0x00000000000003c8                __riscv_save_4
                0x00000000000003c8                __riscv_save_6
                0x00000000000003c8                __riscv_save_5
                0x00000000000003c8                __riscv_save_7
                0x00000000000003e2                __riscv_save_3
                0x00000000000003e2                __riscv_save_2
                0x00000000000003e2                __riscv_save_1
                0x00000000000003e2                __riscv_save_0
                0x00000000000003ee                __riscv_restore_12
                0x00000000000003f2                __riscv_restore_11
                0x00000000000003f2                __riscv_restore_9
                0x00000000000003f2                __riscv_restore_10
                0x00000000000003f2                __riscv_restore_8
                0x00000000000003fc                __riscv_restore_5
                0x00000000000003fc                __riscv_restore_7
                0x00000000000003fc                __riscv_restore_6
                0x00000000000003fc                __riscv_restore_4
                0x0000000000000406                __riscv_restore_3
                0x0000000000000406                __riscv_restore_0
                0x0000000000000406                __riscv_restore_2
                0x0000000000000406                __riscv_restore_1
 .text          0x0000000000000412       0xa8 c:/mounriver/mounriver_studio/toolchain/risc-v embedded gcc/bin/../lib/gcc/riscv-none-embed/8.2.0/../../../../riscv-none-embed/lib/rv32imacxw/ilp32\libg_nano.a(lib_a-memset.o)
                0x0000000000000412                memset
 *(.text.*)
 .text.rt_tick_get
                0x00000000000004ba        0x6 ./rtthread/src/clock.o
                0x00000000000004ba                rt_tick_get
 .text.rt_tick_increase
                0x00000000000004c0       0x28 ./rtthread/src/clock.o
                0x00000000000004c0                rt_tick_increase
 .text.rt_tick_from_millisecond
                0x00000000000004e8       0x28 ./rtthread/src/clock.o
                0x00000000000004e8                rt_tick_from_millisecond
 .text.rti_start
                0x0000000000000510        0x4 ./rtthread/src/components.o
 .text.rti_end  0x0000000000000514        0x4 ./rtthread/src/components.o
 .text.rti_board_start
                0x0000000000000518        0x4 ./rtthread/src/components.o
 .text.rti_board_end
                0x000000000000051c        0x4 ./rtthread/src/components.o
 .text.rt_components_board_init
                0x0000000000000520       0x1e ./rtthread/src/components.o
                0x0000000000000520                rt_components_board_init
 .text.rt_components_init
                0x000000000000053e       0x1e ./rtthread/src/components.o
                0x000000000000053e                rt_components_init
 .text.main_thread_entry
                0x000000000000055c        0xc ./rtthread/src/components.o
                0x000000000000055c                main_thread_entry
 .text.rt_application_init
                0x0000000000000568       0x28 ./rtthread/src/components.o
                0x0000000000000568                rt_application_init
 .text.rtthread_startup
                0x0000000000000590       0x28 ./rtthread/src/components.o
                0x0000000000000590                rtthread_startup
 .text.entry    0x00000000000005b8        0xa ./rtthread/src/components.o
                0x00000000000005b8                entry
 .text.rt_device_find
                0x00000000000005c2       0x48 ./rtthread/src/device.o
                0x00000000000005c2                rt_device_find
 .text.rt_device_register
                0x000000000000060a       0x34 ./rtthread/src/device.o
                0x000000000000060a                rt_device_register
 .text.rt_device_open
                0x000000000000063e       0x7a ./rtthread/src/device.o
                0x000000000000063e                rt_device_open
 .text.rt_device_close
                0x00000000000006b8       0x38 ./rtthread/src/device.o
                0x00000000000006b8                rt_device_close
 .text.rt_device_read
                0x00000000000006f0       0x1c ./rtthread/src/device.o
                0x00000000000006f0                rt_device_read
 .text.rt_device_write
                0x000000000000070c       0x1c ./rtthread/src/device.o
                0x000000000000070c                rt_device_write
 .text.rt_device_set_rx_indicate
                0x0000000000000728        0x6 ./rtthread/src/device.o
                0x0000000000000728                rt_device_set_rx_indicate
 .text.rt_thread_idle_excute
                0x000000000000072e       0x74 ./rtthread/src/idle.o
                0x000000000000072e                rt_thread_idle_excute
 .text.rt_thread_idle_entry
                0x00000000000007a2       0x1c ./rtthread/src/idle.o
 .text.rt_thread_idle_init
                0x00000000000007be       0x36 ./rtthread/src/idle.o
                0x00000000000007be                rt_thread_idle_init
 .text.rt_ipc_list_suspend
                0x00000000000007f4       0x5a ./rtthread/src/ipc.o
 .text.rt_sem_init
                0x000000000000084e       0x28 ./rtthread/src/ipc.o
                0x000000000000084e                rt_sem_init
 .text.rt_sem_take
                0x0000000000000876       0x80 ./rtthread/src/ipc.o
                0x0000000000000876                rt_sem_take
 .text.rt_sem_release
                0x00000000000008f6       0x40 ./rtthread/src/ipc.o
                0x00000000000008f6                rt_sem_release
 .text.rt_interrupt_enter
                0x0000000000000936       0x2c ./rtthread/src/irq.o
                0x0000000000000936                rt_interrupt_enter
 .text.rt_interrupt_leave
                0x0000000000000962       0x2c ./rtthread/src/irq.o
                0x0000000000000962                rt_interrupt_leave
 .text.rt_interrupt_get_nest
                0x000000000000098e        0x6 ./rtthread/src/irq.o
                0x000000000000098e                rt_interrupt_get_nest
 .text.print_number
                0x0000000000000994      0x17e ./rtthread/src/kservice.o
 .text.rt_set_errno
                0x0000000000000b12       0x1c ./rtthread/src/kservice.o
                0x0000000000000b12                rt_set_errno
 .text.rt_memset
                0x0000000000000b2e       0x88 ./rtthread/src/kservice.o
                0x0000000000000b2e                rt_memset
 .text.rt_memmove
                0x0000000000000bb6       0x48 ./rtthread/src/kservice.o
                0x0000000000000bb6                rt_memmove
 .text.rt_strncpy
                0x0000000000000bfe       0x2c ./rtthread/src/kservice.o
                0x0000000000000bfe                rt_strncpy
 .text.rt_strncmp
                0x0000000000000c2a       0x2a ./rtthread/src/kservice.o
                0x0000000000000c2a                rt_strncmp
 .text.rt_strlen
                0x0000000000000c54       0x12 ./rtthread/src/kservice.o
                0x0000000000000c54                rt_strlen
 .text.rt_vsnprintf
                0x0000000000000c66      0x352 ./rtthread/src/kservice.o
                0x0000000000000c66                rt_vsnprintf
 .text.rt_console_get_device
                0x0000000000000fb8        0x6 ./rtthread/src/kservice.o
                0x0000000000000fb8                rt_console_get_device
 .text.rt_console_set_device
                0x0000000000000fbe       0x2e ./rtthread/src/kservice.o
                0x0000000000000fbe                rt_console_set_device
 .text.rt_hw_console_output
                0x0000000000000fec        0x2 ./rtthread/src/kservice.o
                0x0000000000000fec                rt_hw_console_output
 .text.rt_kprintf
                0x0000000000000fee       0x68 ./rtthread/src/kservice.o
                0x0000000000000fee                rt_kprintf
 .text.rt_show_version
                0x0000000000001056       0x3e ./rtthread/src/kservice.o
                0x0000000000001056                rt_show_version
 .text.__rt_ffs
                0x0000000000001094       0x4e ./rtthread/src/kservice.o
                0x0000000000001094                __rt_ffs
 .text.plug_holes
                0x00000000000010e2       0x58 ./rtthread/src/mem.o
 .text.list_mem
                0x000000000000113a       0x32 ./rtthread/src/mem.o
                0x000000000000113a                list_mem
 .text.rt_system_heap_init
                0x000000000000116c       0x7c ./rtthread/src/mem.o
                0x000000000000116c                rt_system_heap_init
 .text.rt_malloc
                0x00000000000011e8      0x12c ./rtthread/src/mem.o
                0x00000000000011e8                rt_malloc
 .text.rt_calloc
                0x0000000000001314       0x24 ./rtthread/src/mem.o
                0x0000000000001314                rt_calloc
 .text.rt_free  0x0000000000001338       0xaa ./rtthread/src/mem.o
                0x0000000000001338                rt_free
 .text.rt_object_get_information
                0x00000000000013e2       0x2a ./rtthread/src/object.o
                0x00000000000013e2                rt_object_get_information
 .text.rt_object_init
                0x000000000000140c       0x5e ./rtthread/src/object.o
                0x000000000000140c                rt_object_init
 .text.rt_object_detach
                0x000000000000146a       0x2e ./rtthread/src/object.o
                0x000000000000146a                rt_object_detach
 .text.rt_object_allocate
                0x0000000000001498       0x56 ./rtthread/src/object.o
                0x0000000000001498                rt_object_allocate
 .text.rt_object_delete
                0x00000000000014ee       0x32 ./rtthread/src/object.o
                0x00000000000014ee                rt_object_delete
 .text.rt_object_is_systemobject
                0x0000000000001520        0x8 ./rtthread/src/object.o
                0x0000000000001520                rt_object_is_systemobject
 .text.rt_system_scheduler_init
                0x0000000000001528       0x2e ./rtthread/src/scheduler.o
                0x0000000000001528                rt_system_scheduler_init
 .text.rt_system_scheduler_start
                0x0000000000001556       0x2c ./rtthread/src/scheduler.o
                0x0000000000001556                rt_system_scheduler_start
 .text.rt_schedule
                0x0000000000001582       0x6a ./rtthread/src/scheduler.o
                0x0000000000001582                rt_schedule
 .text.rt_schedule_insert_thread
                0x00000000000015ec       0x48 ./rtthread/src/scheduler.o
                0x00000000000015ec                rt_schedule_insert_thread
 .text.rt_schedule_remove_thread
                0x0000000000001634       0x42 ./rtthread/src/scheduler.o
                0x0000000000001634                rt_schedule_remove_thread
 .text.rt_enter_critical
                0x0000000000001676       0x16 ./rtthread/src/scheduler.o
                0x0000000000001676                rt_enter_critical
 .text.rt_exit_critical
                0x000000000000168c       0x2e ./rtthread/src/scheduler.o
                0x000000000000168c                rt_exit_critical
 .text.rt_thread_exit
                0x00000000000016ba       0x50 ./rtthread/src/thread.o
                0x00000000000016ba                rt_thread_exit
 .text._rt_thread_init.isra.0
                0x000000000000170a       0x8e ./rtthread/src/thread.o
 .text.rt_thread_timeout
                0x0000000000001798       0x20 ./rtthread/src/thread.o
                0x0000000000001798                rt_thread_timeout
 .text.rt_thread_init
                0x00000000000017b8       0x32 ./rtthread/src/thread.o
                0x00000000000017b8                rt_thread_init
 .text.rt_thread_self
                0x00000000000017ea        0x6 ./rtthread/src/thread.o
                0x00000000000017ea                rt_thread_self
 .text.rt_thread_create
                0x00000000000017f0       0x46 ./rtthread/src/thread.o
                0x00000000000017f0                rt_thread_create
 .text.rt_thread_yield
                0x0000000000001836       0x52 ./rtthread/src/thread.o
                0x0000000000001836                rt_thread_yield
 .text.rt_thread_suspend
                0x0000000000001888       0x4a ./rtthread/src/thread.o
                0x0000000000001888                rt_thread_suspend
 .text.rt_thread_sleep
                0x00000000000018d2       0x40 ./rtthread/src/thread.o
                0x00000000000018d2                rt_thread_sleep
 .text.rt_thread_mdelay
                0x0000000000001912        0xe ./rtthread/src/thread.o
                0x0000000000001912                rt_thread_mdelay
 .text.rt_thread_resume
                0x0000000000001920       0x4c ./rtthread/src/thread.o
                0x0000000000001920                rt_thread_resume
 .text.rt_thread_startup
                0x000000000000196c       0x2c ./rtthread/src/thread.o
                0x000000000000196c                rt_thread_startup
 .text._rt_timer_remove.part.1
                0x0000000000001998       0x12 ./rtthread/src/timer.o
 .text.rt_timer_init
                0x00000000000019aa       0x3a ./rtthread/src/timer.o
                0x00000000000019aa                rt_timer_init
 .text.rt_timer_detach
                0x00000000000019e4       0x1e ./rtthread/src/timer.o
                0x00000000000019e4                rt_timer_detach
 .text.rt_timer_start
                0x0000000000001a02       0x80 ./rtthread/src/timer.o
                0x0000000000001a02                rt_timer_start
 .text.rt_timer_stop
                0x0000000000001a82       0x30 ./rtthread/src/timer.o
                0x0000000000001a82                rt_timer_stop
 .text.rt_timer_control
                0x0000000000001ab2       0x38 ./rtthread/src/timer.o
                0x0000000000001ab2                rt_timer_control
 .text.rt_timer_check
                0x0000000000001aea       0x78 ./rtthread/src/timer.o
                0x0000000000001aea                rt_timer_check
 .text.rt_system_timer_init
                0x0000000000001b62        0xa ./rtthread/src/timer.o
                0x0000000000001b62                rt_system_timer_init
 .text.rt_system_timer_thread_init
                0x0000000000001b6c        0x2 ./rtthread/src/timer.o
                0x0000000000001b6c                rt_system_timer_thread_init
 .text.rt_hw_stack_init
                0x0000000000001b6e       0x36 ./rtthread/libcpu/risc-v/common/cpuport.o
                0x0000000000001b6e                rt_hw_stack_init
 .text.sw_setpend
                0x0000000000001ba4       0x10 ./rtthread/libcpu/risc-v/common/cpuport.o
                0x0000000000001ba4                sw_setpend
 .text.sw_clearpend
                0x0000000000001bb4        0xe ./rtthread/libcpu/risc-v/common/cpuport.o
                0x0000000000001bb4                sw_clearpend
 .text.rt_hw_interrupt_disable
                0x0000000000001bc2        0xc ./rtthread/libcpu/risc-v/common/cpuport.o
                0x0000000000001bc2                rt_hw_interrupt_disable
 .text.rt_hw_interrupt_enable
                0x0000000000001bce        0x6 ./rtthread/libcpu/risc-v/common/cpuport.o
                0x0000000000001bce                rt_hw_interrupt_enable
 .text.rt_hw_context_switch_interrupt
                0x0000000000001bd4       0x22 ./rtthread/libcpu/risc-v/common/cpuport.o
                0x0000000000001bd4                rt_hw_context_switch_interrupt
 .text.rt_list_len
                0x0000000000001bf6       0x12 ./rtthread/components/finsh/cmd.o
 .text.reboot   0x0000000000001c08       0x12 ./rtthread/components/finsh/cmd.o
                0x0000000000001c08                reboot
 .text.clear    0x0000000000001c1a       0x16 ./rtthread/components/finsh/cmd.o
                0x0000000000001c1a                clear
 .text.object_split
                0x0000000000001c30       0x20 ./rtthread/components/finsh/cmd.o
 .text.show_wait_queue
                0x0000000000001c50       0x36 ./rtthread/components/finsh/cmd.o
 .text.object_name_maxlen
                0x0000000000001c86       0x3e ./rtthread/components/finsh/cmd.o
 .text.list_thread
                0x0000000000001cc4       0xe2 ./rtthread/components/finsh/cmd.o
                0x0000000000001cc4                list_thread
 .text.list_sem
                0x0000000000001da6       0xb6 ./rtthread/components/finsh/cmd.o
                0x0000000000001da6                list_sem
 .text.list_event
                0x0000000000001e5c       0xac ./rtthread/components/finsh/cmd.o
                0x0000000000001e5c                list_event
 .text.list_mutex
                0x0000000000001f08       0x82 ./rtthread/components/finsh/cmd.o
                0x0000000000001f08                list_mutex
 .text.list_mailbox
                0x0000000000001f8a       0xbe ./rtthread/components/finsh/cmd.o
                0x0000000000001f8a                list_mailbox
 .text.list_msgqueue
                0x0000000000002048       0xb6 ./rtthread/components/finsh/cmd.o
                0x0000000000002048                list_msgqueue
 .text.list_device
                0x00000000000020fe       0x94 ./rtthread/components/finsh/cmd.o
                0x00000000000020fe                list_device
 .text.list_timer
                0x0000000000002192       0x9a ./rtthread/components/finsh/cmd.o
                0x0000000000002192                list_timer
 .text.list     0x000000000000222c       0x4a ./rtthread/components/finsh/cmd.o
                0x000000000000222c                list
 .text.msh_help
                0x0000000000002276       0x58 ./rtthread/components/finsh/msh.o
                0x0000000000002276                msh_help
 .text.msh_is_used
                0x00000000000022ce        0x4 ./rtthread/components/finsh/msh.o
                0x00000000000022ce                msh_is_used
 .text.msh_exec
                0x00000000000022d2      0x1aa ./rtthread/components/finsh/msh.o
                0x00000000000022d2                msh_exec
 .text.msh_auto_complete
                0x000000000000247c       0xa2 ./rtthread/components/finsh/msh.o
                0x000000000000247c                msh_auto_complete
 .text.cmd_ps   0x000000000000251e        0xe ./rtthread/components/finsh/msh_cmd.o
                0x000000000000251e                cmd_ps
 .text.cmd_free
                0x000000000000252c        0xe ./rtthread/components/finsh/msh_cmd.o
                0x000000000000252c                cmd_free
 .text.finsh_rx_ind
                0x000000000000253a       0x12 ./rtthread/components/finsh/shell.o
 .text.finsh_system_init
                0x000000000000254c       0x98 ./rtthread/components/finsh/shell.o
                0x000000000000254c                finsh_system_init
 .text.finsh_get_prompt
                0x00000000000025e4       0x3c ./rtthread/components/finsh/shell.o
                0x00000000000025e4                finsh_get_prompt
 .text.shell_handle_history
                0x0000000000002620       0x2e ./rtthread/components/finsh/shell.o
 .text.finsh_set_device
                0x000000000000264e       0x7e ./rtthread/components/finsh/shell.o
                0x000000000000264e                finsh_set_device
 .text.finsh_thread_entry
                0x00000000000026cc      0x410 ./rtthread/components/finsh/shell.o
                0x00000000000026cc                finsh_thread_entry
 .text.rt_serial_init
                0x0000000000002adc       0x20 ./rtthread/components/drivers/serial/serial.o
 .text.rt_serial_write
                0x0000000000002afc       0x42 ./rtthread/components/drivers/serial/serial.o
 .text.rt_serial_open
                0x0000000000002b3e       0x9e ./rtthread/components/drivers/serial/serial.o
 .text.rt_serial_control
                0x0000000000002bdc       0x6e ./rtthread/components/drivers/serial/serial.o
 .text.rt_serial_read
                0x0000000000002c4a       0x9e ./rtthread/components/drivers/serial/serial.o
 .text.rt_serial_close
                0x0000000000002ce8       0x40 ./rtthread/components/drivers/serial/serial.o
 .text.rt_hw_serial_register
                0x0000000000002d28       0x5a ./rtthread/components/drivers/serial/serial.o
                0x0000000000002d28                rt_hw_serial_register
 .text.rt_hw_serial_isr
                0x0000000000002d82       0xaa ./rtthread/components/drivers/serial/serial.o
                0x0000000000002d82                rt_hw_serial_isr
 .text._pin_control
                0x0000000000002e2c       0x1c ./rtthread/components/drivers/misc/pin.o
 .text.rt_pin_mode
                0x0000000000002e48       0x1a ./rtthread/components/drivers/misc/pin.o
                0x0000000000002e48                rt_pin_mode
 .text.rt_pin_write
                0x0000000000002e62       0x1a ./rtthread/components/drivers/misc/pin.o
                0x0000000000002e62                rt_pin_write
 .text.rt_pin_read
                0x0000000000002e7c       0x18 ./rtthread/components/drivers/misc/pin.o
                0x0000000000002e7c                rt_pin_read
 .text._pin_read
                0x0000000000002e94       0x2e ./rtthread/components/drivers/misc/pin.o
 .text._pin_write
                0x0000000000002ec2       0x2c ./rtthread/components/drivers/misc/pin.o
 .text.rt_device_pin_register
                0x0000000000002eee       0x54 ./rtthread/components/drivers/misc/pin.o
                0x0000000000002eee                rt_device_pin_register
 .text.rt_heap_begin_get
                0x0000000000002f42        0xa ./rtthread/board.o
                0x0000000000002f42                rt_heap_begin_get
 .text.rt_heap_end_get
                0x0000000000002f4c        0xa ./rtthread/board.o
                0x0000000000002f4c                rt_heap_end_get
 .text.rt_hw_board_init
                0x0000000000002f56       0x76 ./rtthread/board.o
                0x0000000000002f56                rt_hw_board_init
 .text.SysTick_Handler
                0x0000000000002fcc       0x20 ./rtthread/board.o
                0x0000000000002fcc                SysTick_Handler
 .text.bit2bitno
                0x0000000000002fec       0x1c ./drivers/drv_gpio.o
 .text.GPIOD_CLK_ENABLE
                0x0000000000003008       0x12 ./drivers/drv_gpio.o
 .text.GPIOB_CLK_ENABLE
                0x000000000000301a       0x10 ./drivers/drv_gpio.o
 .text.GPIOA_CLK_ENABLE
                0x000000000000302a       0x10 ./drivers/drv_gpio.o
 .text.GPIOC_CLK_ENABLE
                0x000000000000303a       0x10 ./drivers/drv_gpio.o
 .text.GPIOE_CLK_ENABLE
                0x000000000000304a       0x12 ./drivers/drv_gpio.o
 .text.rt_hw_pin_init
                0x000000000000305c       0x1c ./drivers/drv_gpio.o
                0x000000000000305c                rt_hw_pin_init
 .text.get_pin  0x0000000000003078       0x20 ./drivers/drv_gpio.o
                0x0000000000003078                get_pin
 .text.ch32_pin_write
                0x0000000000003098       0x22 ./drivers/drv_gpio.o
                0x0000000000003098                ch32_pin_write
 .text.ch32_pin_read
                0x00000000000030ba       0x1e ./drivers/drv_gpio.o
                0x00000000000030ba                ch32_pin_read
 .text.ch32_pin_mode
                0x00000000000030d8       0x7e ./drivers/drv_gpio.o
                0x00000000000030d8                ch32_pin_mode
 .text.ch32_pin_attach_irq
                0x0000000000003156       0x92 ./drivers/drv_gpio.o
                0x0000000000003156                ch32_pin_attach_irq
 .text.ch32_pin_dettach_irq
                0x00000000000031e8       0x5a ./drivers/drv_gpio.o
                0x00000000000031e8                ch32_pin_dettach_irq
 .text.ch32_pin_irq_enable
                0x0000000000003242      0x15c ./drivers/drv_gpio.o
                0x0000000000003242                ch32_pin_irq_enable
 .text.HAL_GPIO_EXTI_Callback
                0x000000000000339e       0x24 ./drivers/drv_gpio.o
                0x000000000000339e                HAL_GPIO_EXTI_Callback
 .text.EXTI0_IRQHandler
                0x00000000000033c2       0x28 ./drivers/drv_gpio.o
                0x00000000000033c2                EXTI0_IRQHandler
 .text.EXTI1_IRQHandler
                0x00000000000033ea       0x28 ./drivers/drv_gpio.o
                0x00000000000033ea                EXTI1_IRQHandler
 .text.EXTI2_IRQHandler
                0x0000000000003412       0x28 ./drivers/drv_gpio.o
                0x0000000000003412                EXTI2_IRQHandler
 .text.EXTI3_IRQHandler
                0x000000000000343a       0x28 ./drivers/drv_gpio.o
                0x000000000000343a                EXTI3_IRQHandler
 .text.EXTI4_IRQHandler
                0x0000000000003462       0x28 ./drivers/drv_gpio.o
                0x0000000000003462                EXTI4_IRQHandler
 .text.EXTI9_5_IRQHandler
                0x000000000000348a       0x78 ./drivers/drv_gpio.o
                0x000000000000348a                EXTI9_5_IRQHandler
 .text.EXTI15_10_IRQHandler
                0x0000000000003502       0x76 ./drivers/drv_gpio.o
                0x0000000000003502                EXTI15_10_IRQHandler
 .text.ch32dma_transmit
                0x0000000000003578        0x4 ./drivers/drv_usart.o
                0x0000000000003578                ch32dma_transmit
 .text.ch32_configure
                0x000000000000357c       0xca ./drivers/drv_usart.o
 .text.rt_hw_usart_init
                0x0000000000003646       0xc0 ./drivers/drv_usart.o
                0x0000000000003646                rt_hw_usart_init
 .text.ch32_getc
                0x0000000000003706       0x22 ./drivers/drv_usart.o
 .text.ch32_putc
                0x0000000000003728       0x22 ./drivers/drv_usart.o
 .text.ch32_control
                0x000000000000374a       0x5c ./drivers/drv_usart.o
 .text.USART1_IRQHandler
                0x00000000000037a6       0x4a ./drivers/drv_usart.o
                0x00000000000037a6                USART1_IRQHandler
 .text.NMI_Handler
                0x00000000000037f0       0x20 ./User/ch32v30x_it.o
                0x00000000000037f0                NMI_Handler
 .text.HardFault_Handler
                0x0000000000003810       0x20 ./User/ch32v30x_it.o
                0x0000000000003810                HardFault_Handler
 .text.led      0x0000000000003830       0x68 ./User/main.o
                0x0000000000003830                led
 .text.LED1_BLINK_INIT
                0x0000000000003898       0x30 ./User/main.o
                0x0000000000003898                LED1_BLINK_INIT
 .text.startup.main
                0x00000000000038c8       0x62 ./User/main.o
                0x00000000000038c8                main
 .text.SystemInit
                0x000000000000392a       0xf8 ./User/system_ch32v30x.o
                0x000000000000392a                SystemInit
 .text.vector_handler
                0x0000000000003a22       0xbe ./Startup/startup_ch32v30x.o
                0x0000000000003a26                Ecall_M_Mode_Handler
                0x0000000000003a28                Ecall_U_Mode_Handler
                0x0000000000003a2a                Break_Point_Handler
                0x0000000000003a30                WWDG_IRQHandler
                0x0000000000003a32                PVD_IRQHandler
                0x0000000000003a34                TAMPER_IRQHandler
                0x0000000000003a36                RTC_IRQHandler
                0x0000000000003a38                FLASH_IRQHandler
                0x0000000000003a3a                RCC_IRQHandler
                0x0000000000003a46                DMA1_Channel1_IRQHandler
                0x0000000000003a48                DMA1_Channel2_IRQHandler
                0x0000000000003a4a                DMA1_Channel3_IRQHandler
                0x0000000000003a4c                DMA1_Channel4_IRQHandler
                0x0000000000003a4e                DMA1_Channel5_IRQHandler
                0x0000000000003a50                DMA1_Channel6_IRQHandler
                0x0000000000003a52                DMA1_Channel7_IRQHandler
                0x0000000000003a54                ADC1_2_IRQHandler
                0x0000000000003a56                USB_HP_CAN1_TX_IRQHandler
                0x0000000000003a58                USB_LP_CAN1_RX0_IRQHandler
                0x0000000000003a5a                CAN1_RX1_IRQHandler
                0x0000000000003a5c                CAN1_SCE_IRQHandler
                0x0000000000003a60                TIM1_BRK_IRQHandler
                0x0000000000003a62                TIM1_UP_IRQHandler
                0x0000000000003a64                TIM1_TRG_COM_IRQHandler
                0x0000000000003a66                TIM1_CC_IRQHandler
                0x0000000000003a68                TIM2_IRQHandler
                0x0000000000003a6a                TIM3_IRQHandler
                0x0000000000003a6c                TIM4_IRQHandler
                0x0000000000003a6e                I2C1_EV_IRQHandler
                0x0000000000003a70                I2C1_ER_IRQHandler
                0x0000000000003a72                I2C2_EV_IRQHandler
                0x0000000000003a74                I2C2_ER_IRQHandler
                0x0000000000003a76                SPI1_IRQHandler
                0x0000000000003a78                SPI2_IRQHandler
                0x0000000000003a82                RTCAlarm_IRQHandler
                0x0000000000003a84                USBWakeUp_IRQHandler
                0x0000000000003a86                TIM8_BRK_IRQHandler
                0x0000000000003a88                TIM8_UP_IRQHandler
                0x0000000000003a8a                TIM8_TRG_COM_IRQHandler
                0x0000000000003a8c                TIM8_CC_IRQHandler
                0x0000000000003a8e                RNG_IRQHandler
                0x0000000000003a90                FSMC_IRQHandler
                0x0000000000003a92                SDIO_IRQHandler
                0x0000000000003a94                TIM5_IRQHandler
                0x0000000000003a96                SPI3_IRQHandler
                0x0000000000003a98                UART4_IRQHandler
                0x0000000000003a9a                UART5_IRQHandler
                0x0000000000003a9c                TIM6_IRQHandler
                0x0000000000003aa0                DMA2_Channel1_IRQHandler
                0x0000000000003aa2                DMA2_Channel2_IRQHandler
                0x0000000000003aa4                DMA2_Channel3_IRQHandler
                0x0000000000003aa6                DMA2_Channel4_IRQHandler
                0x0000000000003aa8                DMA2_Channel5_IRQHandler
                0x0000000000003aaa                ETH_IRQHandler
                0x0000000000003aac                ETH_WKUP_IRQHandler
                0x0000000000003aae                CAN2_TX_IRQHandler
                0x0000000000003ab0                CAN2_RX0_IRQHandler
                0x0000000000003ab2                CAN2_RX1_IRQHandler
                0x0000000000003ab4                CAN2_SCE_IRQHandler
                0x0000000000003ab6                OTG_FS_IRQHandler
                0x0000000000003ab8                USBHSWakeup_IRQHandler
                0x0000000000003aba                USBHS_IRQHandler
                0x0000000000003abc                DVP_IRQHandler
                0x0000000000003abe                UART6_IRQHandler
                0x0000000000003ac0                UART7_IRQHandler
                0x0000000000003ac2                UART8_IRQHandler
                0x0000000000003ac4                TIM9_BRK_IRQHandler
                0x0000000000003ac6                TIM9_UP_IRQHandler
                0x0000000000003ac8                TIM9_TRG_COM_IRQHandler
                0x0000000000003aca                TIM9_CC_IRQHandler
                0x0000000000003acc                TIM10_BRK_IRQHandler
                0x0000000000003ace                TIM10_UP_IRQHandler
                0x0000000000003ad0                TIM10_TRG_COM_IRQHandler
                0x0000000000003ad2                TIM10_CC_IRQHandler
                0x0000000000003ad4                DMA2_Channel6_IRQHandler
                0x0000000000003ad6                DMA2_Channel7_IRQHandler
                0x0000000000003ad8                DMA2_Channel8_IRQHandler
                0x0000000000003ada                DMA2_Channel9_IRQHandler
                0x0000000000003adc                DMA2_Channel10_IRQHandler
                0x0000000000003ade                DMA2_Channel11_IRQHandler
 .text.handle_reset
                0x0000000000003ae0       0x92 ./Startup/startup_ch32v30x.o
                0x0000000000003ae0                handle_reset
 .text.EXTI_Init
                0x0000000000003b72       0x6a ./Peripheral/src/ch32v30x_exti.o
                0x0000000000003b72                EXTI_Init
 .text.EXTI_GetITStatus
                0x0000000000003bdc       0x1e ./Peripheral/src/ch32v30x_exti.o
                0x0000000000003bdc                EXTI_GetITStatus
 .text.EXTI_ClearITPendingBit
                0x0000000000003bfa        0xa ./Peripheral/src/ch32v30x_exti.o
                0x0000000000003bfa                EXTI_ClearITPendingBit
 .text.GPIO_Init
                0x0000000000003c04       0xc0 ./Peripheral/src/ch32v30x_gpio.o
                0x0000000000003c04                GPIO_Init
 .text.GPIO_ReadInputDataBit
                0x0000000000003cc4        0xa ./Peripheral/src/ch32v30x_gpio.o
                0x0000000000003cc4                GPIO_ReadInputDataBit
 .text.GPIO_SetBits
                0x0000000000003cce        0x4 ./Peripheral/src/ch32v30x_gpio.o
                0x0000000000003cce                GPIO_SetBits
 .text.GPIO_ResetBits
                0x0000000000003cd2        0x4 ./Peripheral/src/ch32v30x_gpio.o
                0x0000000000003cd2                GPIO_ResetBits
 .text.GPIO_WriteBit
                0x0000000000003cd6        0xa ./Peripheral/src/ch32v30x_gpio.o
                0x0000000000003cd6                GPIO_WriteBit
 .text.GPIO_EXTILineConfig
                0x0000000000003ce0       0x2c ./Peripheral/src/ch32v30x_gpio.o
                0x0000000000003ce0                GPIO_EXTILineConfig
 .text.RCC_GetClocksFreq
                0x0000000000003d0c      0x106 ./Peripheral/src/ch32v30x_rcc.o
                0x0000000000003d0c                RCC_GetClocksFreq
 .text.RCC_APB2PeriphClockCmd
                0x0000000000003e12       0x1e ./Peripheral/src/ch32v30x_rcc.o
                0x0000000000003e12                RCC_APB2PeriphClockCmd
 .text.TIM_Cmd  0x0000000000003e30       0x18 ./Peripheral/src/ch32v30x_tim.o
                0x0000000000003e30                TIM_Cmd
 .text.TIM_SetCounter
                0x0000000000003e48        0x4 ./Peripheral/src/ch32v30x_tim.o
                0x0000000000003e48                TIM_SetCounter
 .text.TIM_GetITStatus
                0x0000000000003e4c       0x18 ./Peripheral/src/ch32v30x_tim.o
                0x0000000000003e4c                TIM_GetITStatus
 .text.TIM_ClearITPendingBit
                0x0000000000003e64        0xc ./Peripheral/src/ch32v30x_tim.o
                0x0000000000003e64                TIM_ClearITPendingBit
 .text.USART_Init
                0x0000000000003e70       0xbc ./Peripheral/src/ch32v30x_usart.o
                0x0000000000003e70                USART_Init
 .text.USART_Cmd
                0x0000000000003f2c       0x16 ./Peripheral/src/ch32v30x_usart.o
                0x0000000000003f2c                USART_Cmd
 .text.USART_ITConfig
                0x0000000000003f42       0x36 ./Peripheral/src/ch32v30x_usart.o
                0x0000000000003f42                USART_ITConfig
 .text.USART_SendData
                0x0000000000003f78        0x8 ./Peripheral/src/ch32v30x_usart.o
                0x0000000000003f78                USART_SendData
 .text.USART_ReceiveData
                0x0000000000003f80        0x8 ./Peripheral/src/ch32v30x_usart.o
                0x0000000000003f80                USART_ReceiveData
 .text.USART_GetFlagStatus
                0x0000000000003f88        0xa ./Peripheral/src/ch32v30x_usart.o
                0x0000000000003f88                USART_GetFlagStatus
 .text.USART_GetITStatus
                0x0000000000003f92       0x3c ./Peripheral/src/ch32v30x_usart.o
                0x0000000000003f92                USART_GetITStatus
 .text.USART_ClearITPendingBit
                0x0000000000003fce       0x14 ./Peripheral/src/ch32v30x_usart.o
                0x0000000000003fce                USART_ClearITPendingBit
 .text.TIM7_Set.part.0
                0x0000000000003fe2       0x20 ./NEO7/usart.o
 .text.TIM7_Set
                0x0000000000004002       0x1e ./NEO7/usart.o
                0x0000000000004002                TIM7_Set
 .text.USART3_IRQHandler
                0x0000000000004020       0x86 ./NEO7/usart.o
                0x0000000000004020                USART3_IRQHandler
 .text.TIM7_IRQHandler
                0x00000000000040a6       0x32 ./NEO7/usart.o
                0x00000000000040a6                TIM7_IRQHandler
 .text.USART2_IRQHandler
                0x00000000000040d8       0x34 ./GPRS/usart2.o
                0x00000000000040d8                USART2_IRQHandler
 .text._write   0x000000000000410c       0x3e ./Debug/debug.o
                0x000000000000410c                _write
 .text._sbrk    0x000000000000414a       0x2a ./Debug/debug.o
                0x000000000000414a                _sbrk
 .text.__get_SP
                0x0000000000004174        0x4 ./Core/core_riscv.o
                0x0000000000004174                __get_SP
 .text.memcmp   0x0000000000004178       0x24 c:/mounriver/mounriver_studio/toolchain/risc-v embedded gcc/bin/../lib/gcc/riscv-none-embed/8.2.0/../../../../riscv-none-embed/lib/rv32imacxw/ilp32\libg_nano.a(lib_a-memcmp.o)
                0x0000000000004178                memcmp
 .text.memcpy   0x000000000000419c       0xb2 c:/mounriver/mounriver_studio/toolchain/risc-v embedded gcc/bin/../lib/gcc/riscv-none-embed/8.2.0/../../../../riscv-none-embed/lib/rv32imacxw/ilp32\libg_nano.a(lib_a-memcpy.o)
                0x000000000000419c                memcpy
 .text.printf   0x000000000000424e       0x3e c:/mounriver/mounriver_studio/toolchain/risc-v embedded gcc/bin/../lib/gcc/riscv-none-embed/8.2.0/../../../../riscv-none-embed/lib/rv32imacxw/ilp32\libg_nano.a(lib_a-printf.o)
                0x000000000000424e                iprintf
                0x000000000000424e                printf
 .text.strcat   0x000000000000428c       0x1e c:/mounriver/mounriver_studio/toolchain/risc-v embedded gcc/bin/../lib/gcc/riscv-none-embed/8.2.0/../../../../riscv-none-embed/lib/rv32imacxw/ilp32\libg_nano.a(lib_a-strcat.o)
                0x000000000000428c                strcat
 .text.strcpy   0x00000000000042aa       0x10 c:/mounriver/mounriver_studio/toolchain/risc-v embedded gcc/bin/../lib/gcc/riscv-none-embed/8.2.0/../../../../riscv-none-embed/lib/rv32imacxw/ilp32\libg_nano.a(lib_a-strcpy.o)
                0x00000000000042aa                strcpy
 .text.strlen   0x00000000000042ba       0x12 c:/mounriver/mounriver_studio/toolchain/risc-v embedded gcc/bin/../lib/gcc/riscv-none-embed/8.2.0/../../../../riscv-none-embed/lib/rv32imacxw/ilp32\libg_nano.a(lib_a-strlen.o)
                0x00000000000042ba                strlen
 .text.strncmp  0x00000000000042cc       0x28 c:/mounriver/mounriver_studio/toolchain/risc-v embedded gcc/bin/../lib/gcc/riscv-none-embed/8.2.0/../../../../riscv-none-embed/lib/rv32imacxw/ilp32\libg_nano.a(lib_a-strncmp.o)
                0x00000000000042cc                strncmp
 .text.std      0x00000000000042f4       0x66 c:/mounriver/mounriver_studio/toolchain/risc-v embedded gcc/bin/../lib/gcc/riscv-none-embed/8.2.0/../../../../riscv-none-embed/lib/rv32imacxw/ilp32\libg_nano.a(lib_a-findfp.o)
 .text._cleanup_r
                0x000000000000435a        0xa c:/mounriver/mounriver_studio/toolchain/risc-v embedded gcc/bin/../lib/gcc/riscv-none-embed/8.2.0/../../../../riscv-none-embed/lib/rv32imacxw/ilp32\libg_nano.a(lib_a-findfp.o)
                0x000000000000435a                _cleanup_r
 .text.__sfmoreglue
                0x0000000000004364       0x46 c:/mounriver/mounriver_studio/toolchain/risc-v embedded gcc/bin/../lib/gcc/riscv-none-embed/8.2.0/../../../../riscv-none-embed/lib/rv32imacxw/ilp32\libg_nano.a(lib_a-findfp.o)
                0x0000000000004364                __sfmoreglue
 .text.__sinit  0x00000000000043aa       0x6c c:/mounriver/mounriver_studio/toolchain/risc-v embedded gcc/bin/../lib/gcc/riscv-none-embed/8.2.0/../../../../riscv-none-embed/lib/rv32imacxw/ilp32\libg_nano.a(lib_a-findfp.o)
                0x00000000000043aa                __sinit
 .text.__sfp    0x0000000000004416       0xa0 c:/mounriver/mounriver_studio/toolchain/risc-v embedded gcc/bin/../lib/gcc/riscv-none-embed/8.2.0/../../../../riscv-none-embed/lib/rv32imacxw/ilp32\libg_nano.a(lib_a-findfp.o)
                0x0000000000004416                __sfp
 .text._fwalk_reent
                0x00000000000044b6       0x6a c:/mounriver/mounriver_studio/toolchain/risc-v embedded gcc/bin/../lib/gcc/riscv-none-embed/8.2.0/../../../../riscv-none-embed/lib/rv32imacxw/ilp32\libg_nano.a(lib_a-fwalk.o)
                0x00000000000044b6                _fwalk_reent
 .text._malloc_r
                0x0000000000004520       0xd4 c:/mounriver/mounriver_studio/toolchain/risc-v embedded gcc/bin/../lib/gcc/riscv-none-embed/8.2.0/../../../../riscv-none-embed/lib/rv32imacxw/ilp32\libg_nano.a(lib_a-nano-mallocr.o)
                0x0000000000004520                _malloc_r
 .text.__sfputc_r
                0x00000000000045f4       0x26 c:/mounriver/mounriver_studio/toolchain/risc-v embedded gcc/bin/../lib/gcc/riscv-none-embed/8.2.0/../../../../riscv-none-embed/lib/rv32imacxw/ilp32\libg_nano.a(lib_a-nano-vfprintf.o)
 .text.__sfputs_r
                0x000000000000461a       0x42 c:/mounriver/mounriver_studio/toolchain/risc-v embedded gcc/bin/../lib/gcc/riscv-none-embed/8.2.0/../../../../riscv-none-embed/lib/rv32imacxw/ilp32\libg_nano.a(lib_a-nano-vfprintf.o)
                0x000000000000461a                __sfputs_r
 .text._vfprintf_r
                0x000000000000465c      0x28c c:/mounriver/mounriver_studio/toolchain/risc-v embedded gcc/bin/../lib/gcc/riscv-none-embed/8.2.0/../../../../riscv-none-embed/lib/rv32imacxw/ilp32\libg_nano.a(lib_a-nano-vfprintf.o)
                0x000000000000465c                _vfprintf_r
                0x000000000000465c                _vfiprintf_r
 .text._printf_common
                0x00000000000048e8      0x10c c:/mounriver/mounriver_studio/toolchain/risc-v embedded gcc/bin/../lib/gcc/riscv-none-embed/8.2.0/../../../../riscv-none-embed/lib/rv32imacxw/ilp32\libg_nano.a(lib_a-nano-vfprintf_i.o)
                0x00000000000048e8                _printf_common
 .text._printf_i
                0x00000000000049f4      0x2a2 c:/mounriver/mounriver_studio/toolchain/risc-v embedded gcc/bin/../lib/gcc/riscv-none-embed/8.2.0/../../../../riscv-none-embed/lib/rv32imacxw/ilp32\libg_nano.a(lib_a-nano-vfprintf_i.o)
                0x00000000000049f4                _printf_i
 .text._sbrk_r  0x0000000000004c96       0x32 c:/mounriver/mounriver_studio/toolchain/risc-v embedded gcc/bin/../lib/gcc/riscv-none-embed/8.2.0/../../../../riscv-none-embed/lib/rv32imacxw/ilp32\libg_nano.a(lib_a-sbrkr.o)
                0x0000000000004c96                _sbrk_r
 .text.__sread  0x0000000000004cc8       0x2c c:/mounriver/mounriver_studio/toolchain/risc-v embedded gcc/bin/../lib/gcc/riscv-none-embed/8.2.0/../../../../riscv-none-embed/lib/rv32imacxw/ilp32\libg_nano.a(lib_a-stdio.o)
                0x0000000000004cc8                __sread
 .text.__swrite
                0x0000000000004cf4       0x48 c:/mounriver/mounriver_studio/toolchain/risc-v embedded gcc/bin/../lib/gcc/riscv-none-embed/8.2.0/../../../../riscv-none-embed/lib/rv32imacxw/ilp32\libg_nano.a(lib_a-stdio.o)
                0x0000000000004cf4                __swrite
 .text.__sseek  0x0000000000004d3c       0x30 c:/mounriver/mounriver_studio/toolchain/risc-v embedded gcc/bin/../lib/gcc/riscv-none-embed/8.2.0/../../../../riscv-none-embed/lib/rv32imacxw/ilp32\libg_nano.a(lib_a-stdio.o)
                0x0000000000004d3c                __sseek
 .text.__sclose
                0x0000000000004d6c        0x6 c:/mounriver/mounriver_studio/toolchain/risc-v embedded gcc/bin/../lib/gcc/riscv-none-embed/8.2.0/../../../../riscv-none-embed/lib/rv32imacxw/ilp32\libg_nano.a(lib_a-stdio.o)
                0x0000000000004d6c                __sclose
 .text.__swbuf_r
                0x0000000000004d72       0xbe c:/mounriver/mounriver_studio/toolchain/risc-v embedded gcc/bin/../lib/gcc/riscv-none-embed/8.2.0/../../../../riscv-none-embed/lib/rv32imacxw/ilp32\libg_nano.a(lib_a-wbuf.o)
                0x0000000000004d72                __swbuf_r
 .text._write_r
                0x0000000000004e30       0x36 c:/mounriver/mounriver_studio/toolchain/risc-v embedded gcc/bin/../lib/gcc/riscv-none-embed/8.2.0/../../../../riscv-none-embed/lib/rv32imacxw/ilp32\libg_nano.a(lib_a-writer.o)
                0x0000000000004e30                _write_r
 .text.__swsetup_r
                0x0000000000004e66       0xfe c:/mounriver/mounriver_studio/toolchain/risc-v embedded gcc/bin/../lib/gcc/riscv-none-embed/8.2.0/../../../../riscv-none-embed/lib/rv32imacxw/ilp32\libg_nano.a(lib_a-wsetup.o)
                0x0000000000004e66                __swsetup_r
 .text._close_r
                0x0000000000004f64       0x30 c:/mounriver/mounriver_studio/toolchain/risc-v embedded gcc/bin/../lib/gcc/riscv-none-embed/8.2.0/../../../../riscv-none-embed/lib/rv32imacxw/ilp32\libg_nano.a(lib_a-closer.o)
                0x0000000000004f64                _close_r
 .text.__sflush_r
                0x0000000000004f94      0x130 c:/mounriver/mounriver_studio/toolchain/risc-v embedded gcc/bin/../lib/gcc/riscv-none-embed/8.2.0/../../../../riscv-none-embed/lib/rv32imacxw/ilp32\libg_nano.a(lib_a-fflush.o)
                0x0000000000004f94                __sflush_r
 .text._fflush_r
                0x00000000000050c4       0x68 c:/mounriver/mounriver_studio/toolchain/risc-v embedded gcc/bin/../lib/gcc/riscv-none-embed/8.2.0/../../../../riscv-none-embed/lib/rv32imacxw/ilp32\libg_nano.a(lib_a-fflush.o)
                0x00000000000050c4                _fflush_r
 .text._lseek_r
                0x000000000000512c       0x34 c:/mounriver/mounriver_studio/toolchain/risc-v embedded gcc/bin/../lib/gcc/riscv-none-embed/8.2.0/../../../../riscv-none-embed/lib/rv32imacxw/ilp32\libg_nano.a(lib_a-lseekr.o)
                0x000000000000512c                _lseek_r
 .text.__swhatbuf_r
                0x0000000000005160       0x56 c:/mounriver/mounriver_studio/toolchain/risc-v embedded gcc/bin/../lib/gcc/riscv-none-embed/8.2.0/../../../../riscv-none-embed/lib/rv32imacxw/ilp32\libg_nano.a(lib_a-makebuf.o)
                0x0000000000005160                __swhatbuf_r
 .text.__smakebuf_r
                0x00000000000051b6       0x92 c:/mounriver/mounriver_studio/toolchain/risc-v embedded gcc/bin/../lib/gcc/riscv-none-embed/8.2.0/../../../../riscv-none-embed/lib/rv32imacxw/ilp32\libg_nano.a(lib_a-makebuf.o)
                0x00000000000051b6                __smakebuf_r
 .text.memchr   0x0000000000005248       0x18 c:/mounriver/mounriver_studio/toolchain/risc-v embedded gcc/bin/../lib/gcc/riscv-none-embed/8.2.0/../../../../riscv-none-embed/lib/rv32imacxw/ilp32\libg_nano.a(lib_a-memchr.o)
                0x0000000000005248                memchr
 .text.__malloc_lock
                0x0000000000005260        0x2 c:/mounriver/mounriver_studio/toolchain/risc-v embedded gcc/bin/../lib/gcc/riscv-none-embed/8.2.0/../../../../riscv-none-embed/lib/rv32imacxw/ilp32\libg_nano.a(lib_a-mlock.o)
                0x0000000000005260                __malloc_lock
 .text.__malloc_unlock
                0x0000000000005262        0x2 c:/mounriver/mounriver_studio/toolchain/risc-v embedded gcc/bin/../lib/gcc/riscv-none-embed/8.2.0/../../../../riscv-none-embed/lib/rv32imacxw/ilp32\libg_nano.a(lib_a-mlock.o)
                0x0000000000005262                __malloc_unlock
 .text._free_r  0x0000000000005264       0xa8 c:/mounriver/mounriver_studio/toolchain/risc-v embedded gcc/bin/../lib/gcc/riscv-none-embed/8.2.0/../../../../riscv-none-embed/lib/rv32imacxw/ilp32\libg_nano.a(lib_a-nano-freer.o)
                0x0000000000005264                _free_r
 .text._read_r  0x000000000000530c       0x34 c:/mounriver/mounriver_studio/toolchain/risc-v embedded gcc/bin/../lib/gcc/riscv-none-embed/8.2.0/../../../../riscv-none-embed/lib/rv32imacxw/ilp32\libg_nano.a(lib_a-readr.o)
                0x000000000000530c                _read_r
 .text._fstat_r
                0x0000000000005340       0x32 c:/mounriver/mounriver_studio/toolchain/risc-v embedded gcc/bin/../lib/gcc/riscv-none-embed/8.2.0/../../../../riscv-none-embed/lib/rv32imacxw/ilp32\libg_nano.a(lib_a-fstatr.o)
                0x0000000000005340                _fstat_r
 .text._isatty_r
                0x0000000000005372       0x30 c:/mounriver/mounriver_studio/toolchain/risc-v embedded gcc/bin/../lib/gcc/riscv-none-embed/8.2.0/../../../../riscv-none-embed/lib/rv32imacxw/ilp32\libg_nano.a(lib_a-isattyr.o)
                0x0000000000005372                _isatty_r
 .text._close   0x00000000000053a2       0x10 c:/mounriver/mounriver_studio/toolchain/risc-v embedded gcc/bin/../lib/gcc/riscv-none-embed/8.2.0/../../../../riscv-none-embed/lib/rv32imacxw/ilp32\libnosys.a(close.o)
                0x00000000000053a2                _close
 .text._fstat   0x00000000000053b2       0x10 c:/mounriver/mounriver_studio/toolchain/risc-v embedded gcc/bin/../lib/gcc/riscv-none-embed/8.2.0/../../../../riscv-none-embed/lib/rv32imacxw/ilp32\libnosys.a(fstat.o)
                0x00000000000053b2                _fstat
 .text._isatty  0x00000000000053c2       0x10 c:/mounriver/mounriver_studio/toolchain/risc-v embedded gcc/bin/../lib/gcc/riscv-none-embed/8.2.0/../../../../riscv-none-embed/lib/rv32imacxw/ilp32\libnosys.a(isatty.o)
                0x00000000000053c2                _isatty
 .text._lseek   0x00000000000053d2       0x10 c:/mounriver/mounriver_studio/toolchain/risc-v embedded gcc/bin/../lib/gcc/riscv-none-embed/8.2.0/../../../../riscv-none-embed/lib/rv32imacxw/ilp32\libnosys.a(lseek.o)
                0x00000000000053d2                _lseek
 .text._read    0x00000000000053e2       0x10 c:/mounriver/mounriver_studio/toolchain/risc-v embedded gcc/bin/../lib/gcc/riscv-none-embed/8.2.0/../../../../riscv-none-embed/lib/rv32imacxw/ilp32\libnosys.a(read.o)
                0x00000000000053e2                _read
 *(.rodata)
 *fill*         0x00000000000053f2        0x2 
 .rodata        0x00000000000053f4       0x50 ./rtthread/components/finsh/cmd.o
 *(.rodata*)
 .rodata.rt_application_init.str1.4
                0x0000000000005444        0x5 ./rtthread/src/components.o
 *fill*         0x0000000000005449        0x3 
 .rodata.rt_device_init.str1.4
                0x000000000000544c       0x36 ./rtthread/src/device.o
 *fill*         0x0000000000005482        0x2 
 .rodata.rt_thread_idle_init.str1.4
                0x0000000000005484        0x6 ./rtthread/src/idle.o
 *fill*         0x000000000000548a        0x2 
 .rodata.__lowest_bit_bitmap
                0x000000000000548c      0x100 ./rtthread/src/kservice.o
                0x000000000000548c                __lowest_bit_bitmap
 .rodata.large_digits.2583
                0x000000000000558c       0x11 ./rtthread/src/kservice.o
 *fill*         0x000000000000559d        0x3 
 .rodata.rt_show_version.str1.4
                0x00000000000055a0       0x86 ./rtthread/src/kservice.o
 *fill*         0x0000000000005626        0x2 
 .rodata.rt_vsnprintf.str1.4
                0x0000000000005628        0x7 ./rtthread/src/kservice.o
 *fill*         0x000000000000562f        0x1 
 .rodata.small_digits.2582
                0x0000000000005630       0x11 ./rtthread/src/kservice.o
 *fill*         0x0000000000005641        0x3 
 .rodata.list_mem.str1.4
                0x0000000000005644       0x46 ./rtthread/src/mem.o
 *fill*         0x000000000000568a        0x2 
 .rodata.name   0x000000000000568c       0x29 ./rtthread/src/mem.o
                0x000000000000568c                __fsym_list_mem_desc
                0x00000000000056ac                __fsym_list_mem_name
 *fill*         0x00000000000056b5        0x3 
 .rodata.rt_free.str1.4
                0x00000000000056b8       0x4c ./rtthread/src/mem.o
 .rodata.rt_system_heap_init.str1.4
                0x0000000000005704       0x42 ./rtthread/src/mem.o
 *fill*         0x0000000000005746        0x2 
 .rodata.clear.str1.4
                0x0000000000005748        0x8 ./rtthread/components/finsh/cmd.o
 .rodata.list.str1.4
                0x0000000000005750       0x25 ./rtthread/components/finsh/cmd.o
 *fill*         0x0000000000005775        0x3 
 .rodata.list_device.str1.4
                0x0000000000005778       0x67 ./rtthread/components/finsh/cmd.o
 *fill*         0x00000000000057df        0x1 
 .rodata.list_event.str1.4
                0x00000000000057e0       0x76 ./rtthread/components/finsh/cmd.o
 *fill*         0x0000000000005856        0x2 
 .rodata.list_mailbox.str1.4
                0x0000000000005858       0x76 ./rtthread/components/finsh/cmd.o
 *fill*         0x00000000000058ce        0x2 
 .rodata.list_msgqueue.str1.4
                0x00000000000058d0       0x65 ./rtthread/components/finsh/cmd.o
 *fill*         0x0000000000005935        0x3 
 .rodata.list_mutex.str1.4
                0x0000000000005938       0x63 ./rtthread/components/finsh/cmd.o
 *fill*         0x000000000000599b        0x1 
 .rodata.list_sem.str1.4
                0x000000000000599c       0x60 ./rtthread/components/finsh/cmd.o
                                         0x64 (size before relaxing)
 .rodata.list_thread.str1.4
                0x00000000000059fc       0xf0 ./rtthread/components/finsh/cmd.o
 .rodata.list_timer.str1.4
                0x0000000000005aec       0x9d ./rtthread/components/finsh/cmd.o
 *fill*         0x0000000000005b89        0x3 
 .rodata.name   0x0000000000005b8c      0x323 ./rtthread/components/finsh/cmd.o
                0x0000000000005b8c                __fsym_list_desc
                0x0000000000005ba8                __fsym_list_name
                0x0000000000005bb0                __fsym___cmd_list_device_desc
                0x0000000000005bc8                __fsym___cmd_list_device_name
                0x0000000000005bdc                __fsym_list_device_desc
                0x0000000000005bf4                __fsym_list_device_name
                0x0000000000005c00                __fsym___cmd_list_timer_desc
                0x0000000000005c18                __fsym___cmd_list_timer_name
                0x0000000000005c2c                __fsym_list_timer_desc
                0x0000000000005c44                __fsym_list_timer_name
                0x0000000000005c50                __fsym___cmd_list_msgqueue_desc
                0x0000000000005c70                __fsym___cmd_list_msgqueue_name
                0x0000000000005c84                __fsym_list_msgqueue_desc
                0x0000000000005ca4                __fsym_list_msgqueue_name
                0x0000000000005cb4                __fsym___cmd_list_mailbox_desc
                0x0000000000005ccc                __fsym___cmd_list_mailbox_name
                0x0000000000005ce0                __fsym_list_mailbox_desc
                0x0000000000005cf8                __fsym_list_mailbox_name
                0x0000000000005d08                __fsym___cmd_list_mutex_desc
                0x0000000000005d20                __fsym___cmd_list_mutex_name
                0x0000000000005d34                __fsym_list_mutex_desc
                0x0000000000005d4c                __fsym_list_mutex_name
                0x0000000000005d58                __fsym___cmd_list_event_desc
                0x0000000000005d70                __fsym___cmd_list_event_name
                0x0000000000005d84                __fsym_list_event_desc
                0x0000000000005d9c                __fsym_list_event_name
                0x0000000000005da8                __fsym___cmd_list_sem_desc
                0x0000000000005dc4                __fsym___cmd_list_sem_name
                0x0000000000005dd4                __fsym_list_sem_desc
                0x0000000000005df0                __fsym_list_sem_name
                0x0000000000005dfc                __fsym___cmd_list_thread_desc
                0x0000000000005e08                __fsym___cmd_list_thread_name
                0x0000000000005e1c                __fsym_list_thread_desc
                0x0000000000005e28                __fsym_list_thread_name
                0x0000000000005e34                __fsym___cmd_clear_desc
                0x0000000000005e48                __fsym___cmd_clear_name
                0x0000000000005e54                __fsym_clear_desc
                0x0000000000005e68                __fsym_clear_name
                0x0000000000005e70                __fsym___cmd_reboot_desc
                0x0000000000005e84                __fsym___cmd_reboot_name
                0x0000000000005e94                __fsym_reboot_desc
                0x0000000000005ea8                __fsym_reboot_name
 *fill*         0x0000000000005eaf        0x1 
 .rodata.object_split.str1.4
                0x0000000000005eb0        0x2 ./rtthread/components/finsh/cmd.o
 *fill*         0x0000000000005eb2        0x2 
 .rodata.show_wait_queue.str1.4
                0x0000000000005eb4        0x6 ./rtthread/components/finsh/cmd.o
 *fill*         0x0000000000005eba        0x2 
 .rodata.str1.4
                0x0000000000005ebc      0x11c ./rtthread/components/finsh/cmd.o
 .rodata.msh_auto_complete.str1.4
                0x0000000000005fd8      0x11c ./rtthread/components/finsh/msh.o
                                          0x4 (size before relaxing)
 .rodata.msh_exec.str1.4
                0x0000000000005fd8       0x3c ./rtthread/components/finsh/msh.o
 .rodata.msh_help.str1.4
                0x0000000000006014       0x30 ./rtthread/components/finsh/msh.o
                                         0x32 (size before relaxing)
 .rodata.name   0x0000000000006044       0x23 ./rtthread/components/finsh/msh.o
                0x0000000000006044                __fsym___cmd_help_desc
                0x000000000000605c                __fsym___cmd_help_name
 *fill*         0x0000000000006067        0x1 
 .rodata.name   0x0000000000006068       0x55 ./rtthread/components/finsh/msh_cmd.o
                0x0000000000006068                __fsym___cmd_free_desc
                0x000000000000608c                __fsym___cmd_free_name
                0x0000000000006098                __fsym___cmd_ps_desc
                0x00000000000060b4                __fsym___cmd_ps_name
 *fill*         0x00000000000060bd        0x3 
 .rodata.finsh_get_prompt.str1.4
                0x00000000000060c0       0x12 ./rtthread/components/finsh/shell.o
 *fill*         0x00000000000060d2        0x2 
 .rodata.finsh_set_device.str1.4
                0x00000000000060d4       0x20 ./rtthread/components/finsh/shell.o
 .rodata.finsh_system_init.str1.4
                0x00000000000060f4       0x25 ./rtthread/components/finsh/shell.o
 *fill*         0x0000000000006119        0x3 
 .rodata.finsh_thread_entry.str1.4
                0x000000000000611c       0x14 ./rtthread/components/finsh/shell.o
                                         0x1b (size before relaxing)
 .rodata.shell_handle_history.str1.4
                0x0000000000006130        0xd ./rtthread/components/finsh/shell.o
 *fill*         0x000000000000613d        0x3 
 .rodata.name   0x0000000000006140       0x70 ./rtthread/components/drivers/misc/pin.o
                0x0000000000006140                __fsym_pinRead_desc
                0x0000000000006160                __fsym_pinRead_name
                0x0000000000006168                __fsym_pinWrite_desc
                0x0000000000006184                __fsym_pinWrite_name
                0x0000000000006190                __fsym_pinMode_desc
                0x00000000000061a8                __fsym_pinMode_name
 .rodata.rt_hw_board_init.str1.4
                0x00000000000061b0        0x6 ./rtthread/board.o
 *fill*         0x00000000000061b6        0x2 
 .rodata._ch32_pin_ops
                0x00000000000061b8       0x18 ./drivers/drv_gpio.o
 .rodata.pin_irq_map
                0x00000000000061d0       0x80 ./drivers/drv_gpio.o
 .rodata.pins   0x0000000000006250      0x650 ./drivers/drv_gpio.o
 .rodata.rt_hw_pin_init.str1.4
                0x00000000000068a0        0x4 ./drivers/drv_gpio.o
 .rodata.ch32_uart_ops
                0x00000000000068a4       0x14 ./drivers/drv_usart.o
 .rodata.rt_hw_usart_init.str1.4
                0x00000000000068b8        0x6 ./drivers/drv_usart.o
 .rodata.HardFault_Handler.str1.4
                0x00000000000068b8        0xc ./User/ch32v30x_it.o
 .rodata.NMI_Handler.str1.4
                0x00000000000068c4        0xf ./User/ch32v30x_it.o
 *fill*         0x00000000000068d3        0x1 
 .rodata.led.str1.4
                0x00000000000068d4       0x32 ./User/main.o
 *fill*         0x0000000000006906        0x2 
 .rodata.main.str1.4
                0x0000000000006908       0x32 ./User/main.o
 *fill*         0x000000000000693a        0x2 
 .rodata.name   0x000000000000693c       0x2a ./User/main.o
                0x000000000000693c                __fsym___cmd_led_desc
                0x000000000000695c                __fsym___cmd_led_name
 .rodata.USART2_IRQHandler.str1.4
                0x0000000000006966        0x3 ./GPRS/usart2.o
 *fill*         0x0000000000006966        0x2 
 .rodata.__sf_fake_stderr
                0x0000000000006968       0x20 c:/mounriver/mounriver_studio/toolchain/risc-v embedded gcc/bin/../lib/gcc/riscv-none-embed/8.2.0/../../../../riscv-none-embed/lib/rv32imacxw/ilp32\libg_nano.a(lib_a-findfp.o)
                0x0000000000006968                __sf_fake_stderr
 .rodata.__sf_fake_stdin
                0x0000000000006988       0x20 c:/mounriver/mounriver_studio/toolchain/risc-v embedded gcc/bin/../lib/gcc/riscv-none-embed/8.2.0/../../../../riscv-none-embed/lib/rv32imacxw/ilp32\libg_nano.a(lib_a-findfp.o)
                0x0000000000006988                __sf_fake_stdin
 .rodata.__sf_fake_stdout
                0x00000000000069a8       0x20 c:/mounriver/mounriver_studio/toolchain/risc-v embedded gcc/bin/../lib/gcc/riscv-none-embed/8.2.0/../../../../riscv-none-embed/lib/rv32imacxw/ilp32\libg_nano.a(lib_a-findfp.o)
                0x00000000000069a8                __sf_fake_stdout
 .rodata._vfprintf_r.str1.4
                0x00000000000069c8       0x13 c:/mounriver/mounriver_studio/toolchain/risc-v embedded gcc/bin/../lib/gcc/riscv-none-embed/8.2.0/../../../../riscv-none-embed/lib/rv32imacxw/ilp32\libg_nano.a(lib_a-nano-vfprintf.o)
 *fill*         0x00000000000069db        0x1 
 .rodata._printf_i.str1.4
                0x00000000000069dc       0x28 c:/mounriver/mounriver_studio/toolchain/risc-v embedded gcc/bin/../lib/gcc/riscv-none-embed/8.2.0/../../../../riscv-none-embed/lib/rv32imacxw/ilp32\libg_nano.a(lib_a-nano-vfprintf_i.o)
                                         0x25 (size before relaxing)
 *(.glue_7)
 *(.glue_7t)
 *(.gnu.linkonce.t.*)
                0x0000000000006a04                . = ALIGN (0x4)
                0x0000000000006a04                __fsymtab_start = .
 *(FSymTab)
 FSymTab        0x0000000000006a04        0xc ./rtthread/src/mem.o
                0x0000000000006a04                __fsym_list_mem
 FSymTab        0x0000000000006a10       0xfc ./rtthread/components/finsh/cmd.o
                0x0000000000006a10                __fsym_list
                0x0000000000006a1c                __fsym___cmd_list_device
                0x0000000000006a28                __fsym_list_device
                0x0000000000006a34                __fsym___cmd_list_timer
                0x0000000000006a40                __fsym_list_timer
                0x0000000000006a4c                __fsym___cmd_list_msgqueue
                0x0000000000006a58                __fsym_list_msgqueue
                0x0000000000006a64                __fsym___cmd_list_mailbox
                0x0000000000006a70                __fsym_list_mailbox
                0x0000000000006a7c                __fsym___cmd_list_mutex
                0x0000000000006a88                __fsym_list_mutex
                0x0000000000006a94                __fsym___cmd_list_event
                0x0000000000006aa0                __fsym_list_event
                0x0000000000006aac                __fsym___cmd_list_sem
                0x0000000000006ab8                __fsym_list_sem
                0x0000000000006ac4                __fsym___cmd_list_thread
                0x0000000000006ad0                __fsym_list_thread
                0x0000000000006adc                __fsym___cmd_clear
                0x0000000000006ae8                __fsym_clear
                0x0000000000006af4                __fsym___cmd_reboot
                0x0000000000006b00                __fsym_reboot
 FSymTab        0x0000000000006b0c        0xc ./rtthread/components/finsh/msh.o
                0x0000000000006b0c                __fsym___cmd_help
 FSymTab        0x0000000000006b18       0x18 ./rtthread/components/finsh/msh_cmd.o
                0x0000000000006b18                __fsym___cmd_free
                0x0000000000006b24                __fsym___cmd_ps
 FSymTab        0x0000000000006b30       0x24 ./rtthread/components/drivers/misc/pin.o
                0x0000000000006b30                __fsym_pinRead
                0x0000000000006b3c                __fsym_pinWrite
                0x0000000000006b48                __fsym_pinMode
 FSymTab        0x0000000000006b54        0xc ./User/main.o
                0x0000000000006b54                __fsym___cmd_led
                0x0000000000006b60                __fsymtab_end = .
                0x0000000000006b60                . = ALIGN (0x4)
                0x0000000000006b60                __vsymtab_start = .
 *(VSymTab)
                0x0000000000006b60                __vsymtab_end = .
                0x0000000000006b60                . = ALIGN (0x4)
                0x0000000000006b60                . = ALIGN (0x4)
                0x0000000000006b60                __rt_init_start = .
 *(SORT_BY_NAME(.rti_fn*))
 .rti_fn.0      0x0000000000006b60        0x4 ./rtthread/src/components.o
                0x0000000000006b60                __rt_init_rti_start
 .rti_fn.0.end  0x0000000000006b64        0x4 ./rtthread/src/components.o
                0x0000000000006b64                __rt_init_rti_board_start
 .rti_fn.1      0x0000000000006b68        0x4 ./drivers/drv_gpio.o
                0x0000000000006b68                __rt_init_rt_hw_pin_init
 .rti_fn.1      0x0000000000006b6c        0x4 ./drivers/drv_usart.o
                0x0000000000006b6c                __rt_init_rt_hw_usart_init
 .rti_fn.1.end  0x0000000000006b70        0x4 ./rtthread/src/components.o
                0x0000000000006b70                __rt_init_rti_board_end
 .rti_fn.6      0x0000000000006b74        0x4 ./rtthread/components/finsh/shell.o
                0x0000000000006b74                __rt_init_finsh_system_init
 .rti_fn.6.end  0x0000000000006b78        0x4 ./rtthread/src/components.o
                0x0000000000006b78                __rt_init_rti_end
                0x0000000000006b7c                __rt_init_end = .
                0x0000000000006b7c                . = ALIGN (0x4)
                0x0000000000006b7c                . = ALIGN (0x4)
                0x0000000000006b7c                __rtmsymtab_start = .
 *(RTMSymTab)
                0x0000000000006b7c                __rtmsymtab_end = .
                0x0000000000006b7c                . = ALIGN (0x4)

.rela.dyn       0x0000000000006b7c        0x0
 .rela.text.rt_kprintf
                0x0000000000006b7c        0x0 ./rtthread/src/clock.o
 .rela.text     0x0000000000006b7c        0x0 ./rtthread/src/clock.o
 .rela.text.finsh_system_init
                0x0000000000006b7c        0x0 ./rtthread/src/clock.o
 .rela.text.rt_hw_board_init
                0x0000000000006b7c        0x0 ./rtthread/src/clock.o
 .rela.init     0x0000000000006b7c        0x0 ./rtthread/src/clock.o
 .rela.vector   0x0000000000006b7c        0x0 ./rtthread/src/clock.o
 .rela.text.handle_reset
                0x0000000000006b7c        0x0 ./rtthread/src/clock.o
 .rela.text._sbrk
                0x0000000000006b7c        0x0 ./rtthread/src/clock.o
 .rela.sdata.curbrk.5230
                0x0000000000006b7c        0x0 ./rtthread/src/clock.o
 .rela.text._vfprintf_r
                0x0000000000006b7c        0x0 ./rtthread/src/clock.o
 .rela.text._sbrk_r
                0x0000000000006b7c        0x0 ./rtthread/src/clock.o
 .rela.text._write_r
                0x0000000000006b7c        0x0 ./rtthread/src/clock.o
 .rela.text._close_r
                0x0000000000006b7c        0x0 ./rtthread/src/clock.o
 .rela.text._lseek_r
                0x0000000000006b7c        0x0 ./rtthread/src/clock.o
 .rela.text._read_r
                0x0000000000006b7c        0x0 ./rtthread/src/clock.o
 .rela.text._fstat_r
                0x0000000000006b7c        0x0 ./rtthread/src/clock.o
 .rela.text._isatty_r
                0x0000000000006b7c        0x0 ./rtthread/src/clock.o
 .rela.text._close
                0x0000000000006b7c        0x0 ./rtthread/src/clock.o
 .rela.text._fstat
                0x0000000000006b7c        0x0 ./rtthread/src/clock.o
 .rela.text._isatty
                0x0000000000006b7c        0x0 ./rtthread/src/clock.o
 .rela.text._lseek
                0x0000000000006b7c        0x0 ./rtthread/src/clock.o
 .rela.text._read
                0x0000000000006b7c        0x0 ./rtthread/src/clock.o

.fini           0x0000000000006b7c        0x0
 *(SORT_NONE(.fini))
                0x0000000000006b7c                . = ALIGN (0x4)
                [!provide]                        PROVIDE (_etext = .)
                [!provide]                        PROVIDE (_eitcm = .)

.preinit_array  0x0000000000006b7c        0x0
                [!provide]                        PROVIDE (__preinit_array_start = .)
 *(.preinit_array)
                [!provide]                        PROVIDE (__preinit_array_end = .)

.init_array     0x0000000000006b7c        0x0
                [!provide]                        PROVIDE (__init_array_start = .)
 *(SORT_BY_INIT_PRIORITY(.init_array.*) SORT_BY_INIT_PRIORITY(.ctors.*))
 *(.init_array EXCLUDE_FILE(*crtend?.o *crtend.o *crtbegin?.o *crtbegin.o) .ctors)
                [!provide]                        PROVIDE (__init_array_end = .)

.fini_array     0x0000000000006b7c        0x0
                [!provide]                        PROVIDE (__fini_array_start = .)
 *(SORT_BY_INIT_PRIORITY(.fini_array.*) SORT_BY_INIT_PRIORITY(.dtors.*))
 *(.fini_array EXCLUDE_FILE(*crtend?.o *crtend.o *crtbegin?.o *crtbegin.o) .dtors)
                [!provide]                        PROVIDE (__fini_array_end = .)

.ctors
 *crtbegin.o(.ctors)
 *crtbegin?.o(.ctors)
 *(EXCLUDE_FILE(*crtend?.o *crtend.o) .ctors)
 *(SORT_BY_NAME(.ctors.*))
 *(.ctors)

.dtors
 *crtbegin.o(.dtors)
 *crtbegin?.o(.dtors)
 *(EXCLUDE_FILE(*crtend?.o *crtend.o) .dtors)
 *(SORT_BY_NAME(.dtors.*))
 *(.dtors)

.dalign         0x0000000020000000        0x0 load address 0x0000000000006b7c
                0x0000000020000000                . = ALIGN (0x4)
                0x0000000020000000                PROVIDE (_data_vma = .)

.dlalign        0x0000000000006b7c        0x0
                0x0000000000006b7c                . = ALIGN (0x4)
                0x0000000000006b7c                PROVIDE (_data_lma = .)

.data           0x0000000020000000      0x1c8 load address 0x0000000000006b7c
 *(.gnu.linkonce.r.*)
 *(.data .data.*)
 .data.rt_object_container
                0x0000000020000000       0x80 ./rtthread/src/object.o
 .data.pin_irq_hdr_tab
                0x0000000020000080       0xc0 ./drivers/drv_gpio.o
                0x0000000020000080                pin_irq_hdr_tab
 .data.APBAHBPrescTable
                0x0000000020000140       0x10 ./Peripheral/src/ch32v30x_rcc.o
 .data.impure_data
                0x0000000020000150       0x60 c:/mounriver/mounriver_studio/toolchain/risc-v embedded gcc/bin/../lib/gcc/riscv-none-embed/8.2.0/../../../../riscv-none-embed/lib/rv32imacxw/ilp32\libg_nano.a(lib_a-impure.o)
 *(.gnu.linkonce.d.*)
                0x00000000200001b0                . = ALIGN (0x8)
                0x00000000200009b0                PROVIDE (__global_pointer$ = (. + 0x800))
 *(.sdata .sdata.*)
 .sdata.SystemCoreClock
                0x00000000200001b0        0x4 ./User/system_ch32v30x.o
                0x00000000200001b0                SystemCoreClock
 .sdata.ADCPrescTable
                0x00000000200001b4        0x4 ./Peripheral/src/ch32v30x_rcc.o
 .sdata.curbrk.5230
                0x00000000200001b8        0x4 ./Debug/debug.o
 .sdata._impure_ptr
                0x00000000200001bc        0x4 c:/mounriver/mounriver_studio/toolchain/risc-v embedded gcc/bin/../lib/gcc/riscv-none-embed/8.2.0/../../../../riscv-none-embed/lib/rv32imacxw/ilp32\libg_nano.a(lib_a-impure.o)
                0x00000000200001bc                _impure_ptr
 *(.sdata2.*)
 .sdata2._global_impure_ptr
                0x00000000200001c0        0x4 c:/mounriver/mounriver_studio/toolchain/risc-v embedded gcc/bin/../lib/gcc/riscv-none-embed/8.2.0/../../../../riscv-none-embed/lib/rv32imacxw/ilp32\libg_nano.a(lib_a-impure.o)
                0x00000000200001c0                _global_impure_ptr
 *(.gnu.linkonce.s.*)
                0x00000000200001c8                . = ALIGN (0x8)
 *fill*         0x00000000200001c4        0x4 
 *(.srodata.cst16)
 *(.srodata.cst8)
 *(.srodata.cst4)
 *(.srodata.cst2)
 *(.srodata .srodata.*)
                0x00000000200001c8                . = ALIGN (0x4)
                0x00000000200001c8                PROVIDE (_edata = .)

.bss            0x00000000200001c8     0x19a4 load address 0x0000000000006d44
                0x00000000200001c8                . = ALIGN (0x4)
                0x00000000200001c8                PROVIDE (_sbss = .)
 *(.sbss*)
 .sbss.rt_tick  0x00000000200001c8        0x4 ./rtthread/src/clock.o
 .sbss.rt_interrupt_enter_hook
                0x00000000200001cc        0x4 ./rtthread/src/irq.o
 .sbss.rt_interrupt_leave_hook
                0x00000000200001d0        0x4 ./rtthread/src/irq.o
 .sbss.rt_interrupt_nest
                0x00000000200001d4        0x1 ./rtthread/src/irq.o
                0x00000000200001d4                rt_interrupt_nest
 *fill*         0x00000000200001d5        0x3 
 .sbss.__rt_errno
                0x00000000200001d8        0x4 ./rtthread/src/kservice.o
 .sbss._console_device
                0x00000000200001dc        0x4 ./rtthread/src/kservice.o
 .sbss.heap_end
                0x00000000200001e0        0x4 ./rtthread/src/mem.o
 .sbss.heap_ptr
                0x00000000200001e4        0x4 ./rtthread/src/mem.o
 .sbss.lfree    0x00000000200001e8        0x4 ./rtthread/src/mem.o
 .sbss.max_mem  0x00000000200001ec        0x4 ./rtthread/src/mem.o
 .sbss.mem_size_aligned
                0x00000000200001f0        0x4 ./rtthread/src/mem.o
 .sbss.rt_free_hook
                0x00000000200001f4        0x4 ./rtthread/src/mem.o
 .sbss.rt_malloc_hook
                0x00000000200001f8        0x4 ./rtthread/src/mem.o
 .sbss.used_mem
                0x00000000200001fc        0x4 ./rtthread/src/mem.o
 .sbss.rt_object_attach_hook
                0x0000000020000200        0x4 ./rtthread/src/object.o
 .sbss.rt_object_detach_hook
                0x0000000020000204        0x4 ./rtthread/src/object.o
 .sbss.rt_object_put_hook
                0x0000000020000208        0x4 ./rtthread/src/object.o
                0x0000000020000208                rt_object_put_hook
 .sbss.rt_object_take_hook
                0x000000002000020c        0x4 ./rtthread/src/object.o
                0x000000002000020c                rt_object_take_hook
 .sbss.rt_object_trytake_hook
                0x0000000020000210        0x4 ./rtthread/src/object.o
                0x0000000020000210                rt_object_trytake_hook
 .sbss.rt_current_priority
                0x0000000020000214        0x1 ./rtthread/src/scheduler.o
                0x0000000020000214                rt_current_priority
 *fill*         0x0000000020000215        0x3 
 .sbss.rt_current_thread
                0x0000000020000218        0x4 ./rtthread/src/scheduler.o
                0x0000000020000218                rt_current_thread
 .sbss.rt_scheduler_hook
                0x000000002000021c        0x4 ./rtthread/src/scheduler.o
 .sbss.rt_scheduler_lock_nest
                0x0000000020000220        0x2 ./rtthread/src/scheduler.o
 *fill*         0x0000000020000222        0x2 
 .sbss.rt_thread_defunct
                0x0000000020000224        0x8 ./rtthread/src/scheduler.o
                0x0000000020000224                rt_thread_defunct
 .sbss.rt_thread_ready_priority_group
                0x000000002000022c        0x4 ./rtthread/src/scheduler.o
                0x000000002000022c                rt_thread_ready_priority_group
 .sbss.rt_thread_inited_hook
                0x0000000020000230        0x4 ./rtthread/src/thread.o
 .sbss.rt_thread_resume_hook
                0x0000000020000234        0x4 ./rtthread/src/thread.o
 .sbss.rt_thread_suspend_hook
                0x0000000020000238        0x4 ./rtthread/src/thread.o
 .sbss.random_nr.2483
                0x000000002000023c        0x4 ./rtthread/src/timer.o
 .sbss.rt_timer_enter_hook
                0x0000000020000240        0x4 ./rtthread/src/timer.o
 .sbss.rt_timer_exit_hook
                0x0000000020000244        0x4 ./rtthread/src/timer.o
 .sbss.rt_timer_list
                0x0000000020000248        0x8 ./rtthread/src/timer.o
 .sbss.rt_interrupt_from_thread
                0x0000000020000250        0x4 ./rtthread/libcpu/risc-v/common/cpuport.o
                0x0000000020000250                rt_interrupt_from_thread
 .sbss.rt_interrupt_to_thread
                0x0000000020000254        0x4 ./rtthread/libcpu/risc-v/common/cpuport.o
                0x0000000020000254                rt_interrupt_to_thread
 .sbss.rt_thread_switch_interrupt_flag
                0x0000000020000258        0x4 ./rtthread/libcpu/risc-v/common/cpuport.o
                0x0000000020000258                rt_thread_switch_interrupt_flag
 .sbss.shell    0x000000002000025c        0x4 ./rtthread/components/finsh/shell.o
                0x000000002000025c                shell
 .sbss._syscall_table_begin
                0x0000000020000260        0x4 ./rtthread/components/finsh/symbol.o
                0x0000000020000260                _syscall_table_begin
 .sbss._syscall_table_end
                0x0000000020000264        0x4 ./rtthread/components/finsh/symbol.o
                0x0000000020000264                _syscall_table_end
 .sbss._sysvar_table_begin
                0x0000000020000268        0x4 ./rtthread/components/finsh/symbol.o
                0x0000000020000268                _sysvar_table_begin
 .sbss._sysvar_table_end
                0x000000002000026c        0x4 ./rtthread/components/finsh/symbol.o
                0x000000002000026c                _sysvar_table_end
 .sbss.GPSMSG_FLAG
                0x0000000020000270        0x2 ./NEO7/gps.o
                0x0000000020000270                GPSMSG_FLAG
 .sbss.GPSMSG_INDEX
                0x0000000020000272        0x2 ./NEO7/gps.o
                0x0000000020000272                GPSMSG_INDEX
 .sbss.__malloc_free_list
                0x0000000020000274        0x4 c:/mounriver/mounriver_studio/toolchain/risc-v embedded gcc/bin/../lib/gcc/riscv-none-embed/8.2.0/../../../../riscv-none-embed/lib/rv32imacxw/ilp32\libg_nano.a(lib_a-nano-mallocr.o)
                0x0000000020000274                __malloc_free_list
 .sbss.__malloc_sbrk_start
                0x0000000020000278        0x4 c:/mounriver/mounriver_studio/toolchain/risc-v embedded gcc/bin/../lib/gcc/riscv-none-embed/8.2.0/../../../../riscv-none-embed/lib/rv32imacxw/ilp32\libg_nano.a(lib_a-nano-mallocr.o)
                0x0000000020000278                __malloc_sbrk_start
 *(.gnu.linkonce.sb.*)
 *(.bss*)
 .bss.idle      0x000000002000027c       0x80 ./rtthread/src/idle.o
 .bss.idle_hook_list
                0x00000000200002fc       0x10 ./rtthread/src/idle.o
 .bss.rt_thread_stack
                0x000000002000030c      0x200 ./rtthread/src/idle.o
 .bss.rt_log_buf.2693
                0x000000002000050c       0x80 ./rtthread/src/kservice.o
 .bss.heap_sem  0x000000002000058c       0x20 ./rtthread/src/mem.o
 .bss.rt_thread_priority_table
                0x00000000200005ac       0x80 ./rtthread/src/scheduler.o
                0x00000000200005ac                rt_thread_priority_table
 .bss.finsh_prompt.4315
                0x000000002000062c       0x81 ./rtthread/components/finsh/shell.o
 *fill*         0x00000000200006ad        0x3 
 .bss._hw_pin   0x00000000200006b0       0x48 ./rtthread/components/drivers/misc/pin.o
 .bss.rt_heap   0x00000000200006f8     0x1000 ./rtthread/board.o
 .bss.serial1   0x00000000200016f8       0x58 ./drivers/drv_usart.o
                0x00000000200016f8                serial1
 .bss.uart1     0x0000000020001750       0x18 ./drivers/drv_usart.o
                0x0000000020001750                uart1
 .bss.GPS_BUF   0x0000000020001768      0x400 ./NEO7/gps.o
                0x0000000020001768                GPS_BUF
 *(.gnu.linkonce.b.*)
 *(COMMON*)
 COMMON         0x0000000020001b68        0x4 c:/mounriver/mounriver_studio/toolchain/risc-v embedded gcc/bin/../lib/gcc/riscv-none-embed/8.2.0/../../../../riscv-none-embed/lib/rv32imacxw/ilp32\libg_nano.a(lib_a-reent.o)
                0x0000000020001b68                errno
                0x0000000020001b6c                . = ALIGN (0x4)
                0x0000000020001b6c                PROVIDE (_ebss = .)
                0x0000000020001b6c                PROVIDE (_end = _ebss)
                [!provide]                        PROVIDE (end = .)

.stack          0x000000002000f800      0x800
                0x000000002000f800                PROVIDE (_heap_end = .)
                0x000000002000f800                . = ALIGN (0x4)
                [!provide]                        PROVIDE (_susrstack = .)
                0x0000000020010000                . = (. + __stack_size)
 *fill*         0x000000002000f800      0x800 
                0x0000000020010000                PROVIDE (_eusrstack = .)
OUTPUT(rt-thread_old.elf elf32-littleriscv)

.debug_info     0x0000000000000000    0x28072
 .debug_info    0x0000000000000000      0x4eb ./rtthread/src/clock.o
 .debug_info    0x00000000000004eb      0x65d ./rtthread/src/components.o
 .debug_info    0x0000000000000b48      0xb18 ./rtthread/src/device.o
 .debug_info    0x0000000000001660      0x7e0 ./rtthread/src/idle.o
 .debug_info    0x0000000000001e40     0x275f ./rtthread/src/ipc.o
 .debug_info    0x000000000000459f      0x22c ./rtthread/src/irq.o
 .debug_info    0x00000000000047cb     0x15dd ./rtthread/src/kservice.o
 .debug_info    0x0000000000005da8     0x130c ./rtthread/src/mem.o
 .debug_info    0x00000000000070b4      0x941 ./rtthread/src/object.o
 .debug_info    0x00000000000079f5      0x85b ./rtthread/src/scheduler.o
 .debug_info    0x0000000000008250     0x1267 ./rtthread/src/thread.o
 .debug_info    0x00000000000094b7      0xd3c ./rtthread/src/timer.o
 .debug_info    0x000000000000a1f3       0x26 ./rtthread/libcpu/risc-v/common/context_gcc.o
 .debug_info    0x000000000000a219      0xded ./rtthread/libcpu/risc-v/common/cpuport.o
 .debug_info    0x000000000000b006       0x26 ./rtthread/libcpu/risc-v/common/interrupt_gcc.o
 .debug_info    0x000000000000b02c     0x2c97 ./rtthread/components/finsh/cmd.o
 .debug_info    0x000000000000dcc3     0x1137 ./rtthread/components/finsh/msh.o
 .debug_info    0x000000000000edfa      0xc79 ./rtthread/components/finsh/msh_cmd.o
 .debug_info    0x000000000000fa73     0x1b29 ./rtthread/components/finsh/shell.o
 .debug_info    0x000000000001159c      0xac8 ./rtthread/components/finsh/symbol.o
 .debug_info    0x0000000000012064      0xe7e ./rtthread/components/drivers/serial/serial.o
 .debug_info    0x0000000000012ee2     0x1570 ./rtthread/components/drivers/misc/pin.o
 .debug_info    0x0000000000014452     0x10fe ./rtthread/board.o
 .debug_info    0x0000000000015550     0x22de ./drivers/drv_gpio.o
 .debug_info    0x000000000001782e     0x1bb6 ./drivers/drv_usart.o
 .debug_info    0x00000000000193e4      0xa5b ./User/ch32v30x_it.o
 .debug_info    0x0000000000019e3f      0xe1a ./User/main.o
 .debug_info    0x000000000001ac59      0xb63 ./User/system_ch32v30x.o
 .debug_info    0x000000000001b7bc       0x22 ./Startup/startup_ch32v30x.o
 .debug_info    0x000000000001b7de      0xc0d ./Peripheral/src/ch32v30x_exti.o
 .debug_info    0x000000000001c3eb     0x1093 ./Peripheral/src/ch32v30x_gpio.o
 .debug_info    0x000000000001d47e     0x155d ./Peripheral/src/ch32v30x_rcc.o
 .debug_info    0x000000000001e9db     0x2a16 ./Peripheral/src/ch32v30x_tim.o
 .debug_info    0x00000000000213f1     0x1420 ./Peripheral/src/ch32v30x_usart.o
 .debug_info    0x0000000000022811     0x1ae7 ./NEO7/gps.o
 .debug_info    0x00000000000242f8     0x16d4 ./NEO7/usart.o
 .debug_info    0x00000000000259cc     0x1131 ./GPRS/usart2.o
 .debug_info    0x0000000000026afd      0xf1c ./Debug/debug.o
 .debug_info    0x0000000000027a19      0x659 ./Core/core_riscv.o

.debug_abbrev   0x0000000000000000     0x7149
 .debug_abbrev  0x0000000000000000      0x1c4 ./rtthread/src/clock.o
 .debug_abbrev  0x00000000000001c4      0x20c ./rtthread/src/components.o
 .debug_abbrev  0x00000000000003d0      0x304 ./rtthread/src/device.o
 .debug_abbrev  0x00000000000006d4      0x2d9 ./rtthread/src/idle.o
 .debug_abbrev  0x00000000000009ad      0x3c6 ./rtthread/src/ipc.o
 .debug_abbrev  0x0000000000000d73      0x14d ./rtthread/src/irq.o
 .debug_abbrev  0x0000000000000ec0      0x413 ./rtthread/src/kservice.o
 .debug_abbrev  0x00000000000012d3      0x3d1 ./rtthread/src/mem.o
 .debug_abbrev  0x00000000000016a4      0x2e0 ./rtthread/src/object.o
 .debug_abbrev  0x0000000000001984      0x2af ./rtthread/src/scheduler.o
 .debug_abbrev  0x0000000000001c33      0x332 ./rtthread/src/thread.o
 .debug_abbrev  0x0000000000001f65      0x3d7 ./rtthread/src/timer.o
 .debug_abbrev  0x000000000000233c       0x14 ./rtthread/libcpu/risc-v/common/context_gcc.o
 .debug_abbrev  0x0000000000002350      0x322 ./rtthread/libcpu/risc-v/common/cpuport.o
 .debug_abbrev  0x0000000000002672       0x14 ./rtthread/libcpu/risc-v/common/interrupt_gcc.o
 .debug_abbrev  0x0000000000002686      0x4ce ./rtthread/components/finsh/cmd.o
 .debug_abbrev  0x0000000000002b54      0x3fb ./rtthread/components/finsh/msh.o
 .debug_abbrev  0x0000000000002f4f      0x25c ./rtthread/components/finsh/msh_cmd.o
 .debug_abbrev  0x00000000000031ab      0x517 ./rtthread/components/finsh/shell.o
 .debug_abbrev  0x00000000000036c2      0x1ce ./rtthread/components/finsh/symbol.o
 .debug_abbrev  0x0000000000003890      0x3eb ./rtthread/components/drivers/serial/serial.o
 .debug_abbrev  0x0000000000003c7b      0x363 ./rtthread/components/drivers/misc/pin.o
 .debug_abbrev  0x0000000000003fde      0x31f ./rtthread/board.o
 .debug_abbrev  0x00000000000042fd      0x461 ./drivers/drv_gpio.o
 .debug_abbrev  0x000000000000475e      0x423 ./drivers/drv_usart.o
 .debug_abbrev  0x0000000000004b81      0x211 ./User/ch32v30x_it.o
 .debug_abbrev  0x0000000000004d92      0x2d4 ./User/main.o
 .debug_abbrev  0x0000000000005066      0x2c0 ./User/system_ch32v30x.o
 .debug_abbrev  0x0000000000005326       0x12 ./Startup/startup_ch32v30x.o
 .debug_abbrev  0x0000000000005338      0x2da ./Peripheral/src/ch32v30x_exti.o
 .debug_abbrev  0x0000000000005612      0x309 ./Peripheral/src/ch32v30x_gpio.o
 .debug_abbrev  0x000000000000591b      0x351 ./Peripheral/src/ch32v30x_rcc.o
 .debug_abbrev  0x0000000000005c6c      0x408 ./Peripheral/src/ch32v30x_tim.o
 .debug_abbrev  0x0000000000006074      0x312 ./Peripheral/src/ch32v30x_usart.o
 .debug_abbrev  0x0000000000006386      0x3db ./NEO7/gps.o
 .debug_abbrev  0x0000000000006761      0x35b ./NEO7/usart.o
 .debug_abbrev  0x0000000000006abc      0x287 ./GPRS/usart2.o
 .debug_abbrev  0x0000000000006d43      0x2f9 ./Debug/debug.o