Archive member included to satisfy reference by file (symbol)

c:/mounriver/mounriver_studio/toolchain/risc-v embedded gcc/bin/../lib/gcc/riscv-none-embed/8.2.0/rv32imacxw/ilp32\libgcc.a(adddf3.o)
                              ./HSM20G/hsm20g.o (__adddf3)
c:/mounriver/mounriver_studio/toolchain/risc-v embedded gcc/bin/../lib/gcc/riscv-none-embed/8.2.0/rv32imacxw/ilp32\libgcc.a(muldf3.o)
                              ./HSM20G/hsm20g.o (__muldf3)
c:/mounriver/mounriver_studio/toolchain/risc-v embedded gcc/bin/../lib/gcc/riscv-none-embed/8.2.0/rv32imacxw/ilp32\libgcc.a(subdf3.o)
                              ./HSM20G/hsm20g.o (__subdf3)
c:/mounriver/mounriver_studio/toolchain/risc-v embedded gcc/bin/../lib/gcc/riscv-none-embed/8.2.0/rv32imacxw/ilp32\libgcc.a(fixdfsi.o)
                              ./HSM20G/hsm20g.o (__fixdfsi)
c:/mounriver/mounriver_studio/toolchain/risc-v embedded gcc/bin/../lib/gcc/riscv-none-embed/8.2.0/rv32imacxw/ilp32\libgcc.a(floatsidf.o)
                              ./HSM20G/hsm20g.o (__floatsidf)
c:/mounriver/mounriver_studio/toolchain/risc-v embedded gcc/bin/../lib/gcc/riscv-none-embed/8.2.0/rv32imacxw/ilp32\libgcc.a(addsf3.o)
                              ./NEO7/gps.o (__addsf3)
c:/mounriver/mounriver_studio/toolchain/risc-v embedded gcc/bin/../lib/gcc/riscv-none-embed/8.2.0/rv32imacxw/ilp32\libgcc.a(divsf3.o)
                              ./NEO7/gps.o (__divsf3)
c:/mounriver/mounriver_studio/toolchain/risc-v embedded gcc/bin/../lib/gcc/riscv-none-embed/8.2.0/rv32imacxw/ilp32\libgcc.a(mulsf3.o)
                              ./NEO7/gps.o (__mulsf3)
c:/mounriver/mounriver_studio/toolchain/risc-v embedded gcc/bin/../lib/gcc/riscv-none-embed/8.2.0/rv32imacxw/ilp32\libgcc.a(fixunssfsi.o)
                              ./NEO7/gps.o (__fixunssfsi)
c:/mounriver/mounriver_studio/toolchain/risc-v embedded gcc/bin/../lib/gcc/riscv-none-embed/8.2.0/rv32imacxw/ilp32\libgcc.a(floatsisf.o)
                              ./NEO7/gps.o (__floatsisf)
c:/mounriver/mounriver_studio/toolchain/risc-v embedded gcc/bin/../lib/gcc/riscv-none-embed/8.2.0/rv32imacxw/ilp32\libgcc.a(floatunsisf.o)
                              ./NEO7/gps.o (__floatunsisf)
c:/mounriver/mounriver_studio/toolchain/risc-v embedded gcc/bin/../lib/gcc/riscv-none-embed/8.2.0/rv32imacxw/ilp32\libgcc.a(extendsfdf2.o)
                              ./NEO7/gps.o (__extendsfdf2)
c:/mounriver/mounriver_studio/toolchain/risc-v embedded gcc/bin/../lib/gcc/riscv-none-embed/8.2.0/rv32imacxw/ilp32\libgcc.a(save-restore.o)
                              ./rtthread/components/finsh/shell.o (__riscv_save_12)
c:/mounriver/mounriver_studio/toolchain/risc-v embedded gcc/bin/../lib/gcc/riscv-none-embed/8.2.0/rv32imacxw/ilp32\libgcc.a(_clzsi2.o)
                              c:/mounriver/mounriver_studio/toolchain/risc-v embedded gcc/bin/../lib/gcc/riscv-none-embed/8.2.0/rv32imacxw/ilp32\libgcc.a(adddf3.o) (__clzsi2)
c:/mounriver/mounriver_studio/toolchain/risc-v embedded gcc/bin/../lib/gcc/riscv-none-embed/8.2.0/rv32imacxw/ilp32\libgcc.a(_clz.o)
                              c:/mounriver/mounriver_studio/toolchain/risc-v embedded gcc/bin/../lib/gcc/riscv-none-embed/8.2.0/rv32imacxw/ilp32\libgcc.a(_clzsi2.o) (__clz_tab)
c:/mounriver/mounriver_studio/toolchain/risc-v embedded gcc/bin/../lib/gcc/riscv-none-embed/8.2.0/../../../../riscv-none-embed/lib/rv32imacxw/ilp32\libg_nano.a(lib_a-memcmp.o)
                              ./rtthread/components/finsh/shell.o (memcmp)
c:/mounriver/mounriver_studio/toolchain/risc-v embedded gcc/bin/../lib/gcc/riscv-none-embed/8.2.0/../../../../riscv-none-embed/lib/rv32imacxw/ilp32\libg_nano.a(lib_a-memcpy.o)
                              ./rtthread/components/finsh/cmd.o (memcpy)
c:/mounriver/mounriver_studio/toolchain/risc-v embedded gcc/bin/../lib/gcc/riscv-none-embed/8.2.0/../../../../riscv-none-embed/lib/rv32imacxw/ilp32\libg_nano.a(lib_a-memset.o)
                              ./rtthread/components/finsh/msh.o (memset)
c:/mounriver/mounriver_studio/toolchain/risc-v embedded gcc/bin/../lib/gcc/riscv-none-embed/8.2.0/../../../../riscv-none-embed/lib/rv32imacxw/ilp32\libg_nano.a(lib_a-printf.o)
                              ./Peripheral/src/ch32v30x_eth.o (printf)
c:/mounriver/mounriver_studio/toolchain/risc-v embedded gcc/bin/../lib/gcc/riscv-none-embed/8.2.0/../../../../riscv-none-embed/lib/rv32imacxw/ilp32\libg_nano.a(lib_a-snprintf.o)
                              ./User/main.o (snprintf)
c:/mounriver/mounriver_studio/toolchain/risc-v embedded gcc/bin/../lib/gcc/riscv-none-embed/8.2.0/../../../../riscv-none-embed/lib/rv32imacxw/ilp32\libg_nano.a(lib_a-sprintf.o)
                              ./GPRS/gprs.o (sprintf)
c:/mounriver/mounriver_studio/toolchain/risc-v embedded gcc/bin/../lib/gcc/riscv-none-embed/8.2.0/../../../../riscv-none-embed/lib/rv32imacxw/ilp32\libg_nano.a(lib_a-strcat.o)
                              ./rtthread/components/finsh/shell.o (strcat)
[...]
Memory Configuration

Name             Origin             Length             Attributes
FLASH            0x0000000000000000 0x0000000000040000 xr
RAM              0x0000000020000000 0x0000000000010000 xrw
*default*        0x0000000000000000 0xffffffffffffffff

Linker script and memory map

LOAD ./rtthread/src/clock.o
LOAD ./rtthread/src/components.o
LOAD ./rtthread/src/cpu.o
LOAD ./rtthread/src/device.o
LOAD ./rtthread/src/idle.o
LOAD ./rtthread/src/ipc.o
LOAD ./rtthread/src/irq.o
LOAD ./rtthread/src/kservice.o
LOAD ./rtthread/src/mem.o
LOAD ./rtthread/src/memheap.o
LOAD ./rtthread/src/mempool.o
LOAD ./rtthread/src/object.o
LOAD ./rtthread/src/scheduler.o
LOAD ./rtthread/src/slab.o
LOAD ./rtthread/src/thread.o
LOAD ./rtthread/src/timer.o
LOAD ./rtthread/libcpu/risc-v/common/context_gcc.o
LOAD ./rtthread/libcpu/risc-v/common/cpuport.o
LOAD ./rtthread/libcpu/risc-v/common/interrupt_gcc.o
LOAD ./rtthread/components/finsh/cmd.o
LOAD ./rtthread/components/finsh/msh.o
LOAD ./rtthread/components/finsh/msh_cmd.o
LOAD ./rtthread/components/finsh/msh_file.o
LOAD ./rtthread/components/finsh/shell.o
LOAD ./rtthread/components/finsh/symbol.o
LOAD ./rtthread/components/drivers/serial/serial.o
LOAD ./rtthread/components/drivers/misc/pin.o
LOAD ./rtthread/board.o
LOAD ./drivers/drv_gpio.o
LOAD ./drivers/drv_usart.o
LOAD ./User/ch32v30x_it.o
LOAD ./User/main.o
LOAD ./User/system_ch32v30x.o
LOAD ./Startup/startup_ch32v30x.o
LOAD ./Peripheral/src/ch32v30x_adc.o
LOAD ./Peripheral/src/ch32v30x_bkp.o
LOAD ./Peripheral/src/ch32v30x_can.o
LOAD ./Peripheral/src/ch32v30x_crc.o
LOAD ./Peripheral/src/ch32v30x_dac.o
LOAD ./Peripheral/src/ch32v30x_dbgmcu.o
LOAD ./Peripheral/src/ch32v30x_dma.o
LOAD ./Peripheral/src/ch32v30x_dvp.o
LOAD ./Peripheral/src/ch32v30x_eth.o
LOAD ./Peripheral/src/ch32v30x_exti.o
LOAD ./Peripheral/src/ch32v30x_flash.o
LOAD ./Peripheral/src/ch32v30x_fsmc.o
LOAD ./Peripheral/src/ch32v30x_gpio.o
LOAD ./Peripheral/src/ch32v30x_i2c.o
LOAD ./Peripheral/src/ch32v30x_iwdg.o
LOAD ./Peripheral/src/ch32v30x_misc.o
LOAD ./Peripheral/src/ch32v30x_opa.o
LOAD ./Peripheral/src/ch32v30x_pwr.o
LOAD ./Peripheral/src/ch32v30x_rcc.o
LOAD ./Peripheral/src/ch32v30x_rng.o
LOAD ./Peripheral/src/ch32v30x_rtc.o
LOAD ./Peripheral/src/ch32v30x_sdio.o
LOAD ./Peripheral/src/ch32v30x_spi.o
LOAD ./Peripheral/src/ch32v30x_tim.o
LOAD ./Peripheral/src/ch32v30x_usart.o
LOAD ./Peripheral/src/ch32v30x_wwdg.o
LOAD ./NEO7/gps.o
LOAD ./NEO7/usart.o
LOAD ./LCD/LiquidCrystal.o
LOAD ./HSM20G/hsm20g.o
LOAD ./GPRS/gprs.o
LOAD ./GPRS/usart2.o
LOAD ./Debug/debug.o
LOAD ./Core/core_riscv.o
LOAD c:/mounriver/mounriver_studio/toolchain/risc-v embedded gcc/bin/../lib/gcc/riscv-none-embed/8.2.0/rv32imacxw/ilp32\libgcc.a
LOAD c:/mounriver/mounriver_studio/toolchain/risc-v embedded gcc/bin/../lib/gcc/riscv-none-embed/8.2.0/../../../../riscv-none-embed/lib/rv32imacxw/ilp32\libg_nano.a
LOAD c:/mounriver/mounriver_studio/toolchain/risc-v embedded gcc/bin/../lib/gcc/riscv-none-embed/8.2.0/../../../../riscv-none-embed/lib/rv32imacxw/ilp32\libc_nano.a
LOAD c:/mounriver/mounriver_studio/toolchain/risc-v embedded gcc/bin/../lib/gcc/riscv-none-embed/8.2.0/rv32imacxw/ilp32\libgcc.a
START GROUP
LOAD c:/mounriver/mounriver_studio/toolchain/risc-v embedded gcc/bin/../lib/gcc/riscv-none-embed/8.2.0/rv32imacxw/ilp32\libgcc.a
LOAD c:/mounriver/mounriver_studio/toolchain/risc-v embedded gcc/bin/../lib/gcc/riscv-none-embed/8.2.0/../../../../riscv-none-embed/lib/rv32imacxw/ilp32\libc_nano.a
LOAD c:/mounriver/mounriver_studio/toolchain/risc-v embedded gcc/bin/../lib/gcc/riscv-none-embed/8.2.0/../../../../riscv-none-embed/lib/rv32imacxw/ilp32\libnosys.a
END GROUP
START GROUP
LOAD c:/mounriver/mounriver_studio/toolchain/risc-v embedded gcc/bin/../lib/gcc/riscv-none-embed/8.2.0/rv32imacxw/ilp32\libgcc.a
LOAD c:/mounriver/mounriver_studio/toolchain/risc-v embedded gcc/bin/../lib/gcc/riscv-none-embed/8.2.0/../../../../riscv-none-embed/lib/rv32imacxw/ilp32\libc_nano.a
LOAD c:/mounriver/mounriver_studio/toolchain/risc-v embedded gcc/bin/../lib/gcc/riscv-none-embed/8.2.0/../../../../riscv-none-embed/lib/rv32imacxw/ilp32\libnosys.a
END GROUP
                0x0000000000000800                __stack_size = 0x800
                [!provide]                        PROVIDE (_stack_size = __stack_size)

.init           0x0000000000000000       0x38
                0x0000000000000000                _sinit = .
                0x0000000000000000                . = ALIGN (0x4)
 *(SORT_NONE(.init))
 .init          0x0000000000000000       0x38 ./Startup/startup_ch32v30x.o
                0x0000000000000000                _start
                0x0000000000000038                . = ALIGN (0x4)
                0x0000000000000038                _einit = .

.vector         0x0000000000000038      0x1c8
 *(.vector)
 .vector        0x0000000000000038      0x1a0 ./Startup/startup_ch32v30x.o
                0x0000000000000200                . = ALIGN (0x40)
 *fill*         0x00000000000001d8       0x28 

.text           0x0000000000000200     0xa28c
                0x0000000000000200                . = ALIGN (0x4)
 *(.text)
 .text          0x0000000000000200       0xce ./rtthread/libcpu/risc-v/common/context_gcc.o
                0x0000000000000200                rt_hw_context_switch_to
                0x000000000000021c                rt_hw_context_switch
                0x0000000000000276                rt_hw_context_switch_exit
 *fill*         0x00000000000002ce        0x2 
 .text          0x00000000000002d0       0xe2 ./rtthread/libcpu/risc-v/common/interrupt_gcc.o
                0x00000000000002d0                SW_handler
 .text          0x00000000000003b2       0x60 c:/mounriver/mounriver_studio/toolchain/risc-v embedded gcc/bin/../lib/gcc/riscv-none-embed/8.2.0/rv32imacxw/ilp32\libgcc.a(save-restore.o)
                0x00000000000003b2                __riscv_save_12
                0x00000000000003ba                __riscv_save_9
                0x00000000000003ba                __riscv_save_11
                0x00000000000003ba                __riscv_save_10
                0x00000000000003ba                __riscv_save_8
                0x00000000000003c8                __riscv_save_4
                0x00000000000003c8                __riscv_save_6
                0x00000000000003c8                __riscv_save_5
                0x00000000000003c8                __riscv_save_7
                0x00000000000003e2                __riscv_save_3
                0x00000000000003e2                __riscv_save_2
                0x00000000000003e2                __riscv_save_1
                0x00000000000003e2                __riscv_save_0
                0x00000000000003ee                __riscv_restore_12
                0x00000000000003f2                __riscv_restore_11
                0x00000000000003f2                __riscv_restore_9
                0x00000000000003f2                __riscv_restore_10
                0x00000000000003f2                __riscv_restore_8
                0x00000000000003fc                __riscv_restore_5
                0x00000000000003fc                __riscv_restore_7
                0x00000000000003fc                __riscv_restore_6
                0x00000000000003fc                __riscv_restore_4
                0x0000000000000406                __riscv_restore_3
                0x0000000000000406                __riscv_restore_0
                0x0000000000000406                __riscv_restore_2
                0x0000000000000406                __riscv_restore_1
 .text          0x0000000000000412       0xa8 c:/mounriver/mounriver_studio/toolchain/risc-v embedded gcc/bin/../lib/gcc/riscv-none-embed/8.2.0/../../../../riscv-none-embed/lib/rv32imacxw/ilp32\libg_nano.a(lib_a-memset.o)
                0x0000000000000412                memset
 *(.text.*)
 .text.rt_tick_get
                0x00000000000004ba        0x6 ./rtthread/src/clock.o
                0x00000000000004ba                rt_tick_get
 .text.rt_tick_increase
                0x00000000000004c0       0x28 ./rtthread/src/clock.o
                0x00000000000004c0                rt_tick_increase
 .text.rt_tick_from_millisecond
                0x00000000000004e8       0x28 ./rtthread/src/clock.o
                0x00000000000004e8                rt_tick_from_millisecond
 .text.rti_start
                0x0000000000000510        0x4 ./rtthread/src/components.o
 .text.rti_end  0x0000000000000514        0x4 ./rtthread/src/components.o
 .text.rti_board_start
                0x0000000000000518        0x4 ./rtthread/src/components.o
 .text.rti_board_end
                0x000000000000051c        0x4 ./rtthread/src/components.o
 .text.rt_components_board_init
                0x0000000000000520       0x1e ./rtthread/src/components.o
                0x0000000000000520                rt_components_board_init
 .text.rt_components_init
                0x000000000000053e       0x1e ./rtthread/src/components.o
                0x000000000000053e                rt_components_init
 .text.main_thread_entry
                0x000000000000055c        0xc ./rtthread/src/components.o
                0x000000000000055c                main_thread_entry
 .text.rt_application_init
                0x0000000000000568       0x28 ./rtthread/src/components.o
                0x0000000000000568                rt_application_init
 .text.rtthread_startup
                0x0000000000000590       0x28 ./rtthread/src/components.o
                0x0000000000000590                rtthread_startup
 .text.entry    0x00000000000005b8        0xa ./rtthread/src/components.o
                0x00000000000005b8                entry
 .text.rt_device_find
                0x00000000000005c2       0x48 ./rtthread/src/device.o
                0x00000000000005c2                rt_device_find
 .text.rt_device_register
                0x000000000000060a       0x34 ./rtthread/src/device.o
                0x000000000000060a                rt_device_register
 .text.rt_device_open
                0x000000000000063e       0x7a ./rtthread/src/device.o
                0x000000000000063e                rt_device_open
 .text.rt_device_close
                0x00000000000006b8       0x38 ./rtthread/src/device.o
                0x00000000000006b8                rt_device_close
 .text.rt_device_read
                0x00000000000006f0       0x1c ./rtthread/src/device.o
                0x00000000000006f0                rt_device_read
 .text.rt_device_write
                0x000000000000070c       0x1c ./rtthread/src/device.o
                0x000000000000070c                rt_device_write
 .text.rt_device_set_rx_indicate
                0x0000000000000728        0x6 ./rtthread/src/device.o
                0x0000000000000728                rt_device_set_rx_indicate
 .text.rt_thread_idle_excute
                0x000000000000072e       0x74 ./rtthread/src/idle.o
                0x000000000000072e                rt_thread_idle_excute
 .text.rt_thread_idle_entry
                0x00000000000007a2       0x1c ./rtthread/src/idle.o
 .text.rt_thread_idle_init
                0x00000000000007be       0x36 ./rtthread/src/idle.o
                0x00000000000007be                rt_thread_idle_init
 .text.rt_ipc_list_suspend
                0x00000000000007f4       0x5a ./rtthread/src/ipc.o
 .text.rt_sem_init
                0x000000000000084e       0x28 ./rtthread/src/ipc.o
                0x000000000000084e                rt_sem_init
 .text.rt_sem_take
                0x0000000000000876       0x80 ./rtthread/src/ipc.o
                0x0000000000000876                rt_sem_take
 .text.rt_sem_release
                0x00000000000008f6       0x40 ./rtthread/src/ipc.o
                0x00000000000008f6                rt_sem_release
 .text.rt_interrupt_enter
                0x0000000000000936       0x2c ./rtthread/src/irq.o
                0x0000000000000936                rt_interrupt_enter
 .text.rt_interrupt_leave
                0x0000000000000962       0x2c ./rtthread/src/irq.o
                0x0000000000000962                rt_interrupt_leave
 .text.rt_interrupt_get_nest
                0x000000000000098e        0x6 ./rtthread/src/irq.o
                0x000000000000098e                rt_interrupt_get_nest
 .text.print_number
                0x0000000000000994      0x17e ./rtthread/src/kservice.o
 .text.rt_set_errno
                0x0000000000000b12       0x1c ./rtthread/src/kservice.o
                0x0000000000000b12                rt_set_errno
 .text.rt_memset
                0x0000000000000b2e       0x88 ./rtthread/src/kservice.o
                0x0000000000000b2e                rt_memset
 .text.rt_memmove
                0x0000000000000bb6       0x48 ./rtthread/src/kservice.o
                0x0000000000000bb6                rt_memmove
 .text.rt_strncpy
                0x0000000000000bfe       0x2c ./rtthread/src/kservice.o
                0x0000000000000bfe                rt_strncpy
 .text.rt_strncmp
                0x0000000000000c2a       0x2a ./rtthread/src/kservice.o
                0x0000000000000c2a                rt_strncmp
 .text.rt_strlen
                0x0000000000000c54       0x12 ./rtthread/src/kservice.o
                0x0000000000000c54                rt_strlen
 .text.rt_vsnprintf
                0x0000000000000c66      0x352 ./rtthread/src/kservice.o
                0x0000000000000c66                rt_vsnprintf
 .text.rt_console_get_device
                0x0000000000000fb8        0x6 ./rtthread/src/kservice.o
                0x0000000000000fb8                rt_console_get_device
 .text.rt_console_set_device
                0x0000000000000fbe       0x2e ./rtthread/src/kservice.o
                0x0000000000000fbe                rt_console_set_device
 .text.rt_hw_console_output
                0x0000000000000fec        0x2 ./rtthread/src/kservice.o
                0x0000000000000fec                rt_hw_console_output
 .text.rt_kprintf
                0x0000000000000fee       0x68 ./rtthread/src/kservice.o
                0x0000000000000fee                rt_kprintf
 .text.rt_show_version
                0x0000000000001056       0x3e ./rtthread/src/kservice.o
                0x0000000000001056                rt_show_version
 .text.__rt_ffs
                0x0000000000001094       0x4e ./rtthread/src/kservice.o
                0x0000000000001094                __rt_ffs
 .text.plug_holes
                0x00000000000010e2       0x58 ./rtthread/src/mem.o
 .text.list_mem
                0x000000000000113a       0x32 ./rtthread/src/mem.o
                0x000000000000113a                list_mem
 .text.rt_system_heap_init
                0x000000000000116c       0x7c ./rtthread/src/mem.o
                0x000000000000116c                rt_system_heap_init
 .text.rt_malloc
                0x00000000000011e8      0x12c ./rtthread/src/mem.o
                0x00000000000011e8                rt_malloc
 .text.rt_calloc
                0x0000000000001314       0x24 ./rtthread/src/mem.o
                0x0000000000001314                rt_calloc
 .text.rt_free  0x0000000000001338       0xaa ./rtthread/src/mem.o
                0x0000000000001338                rt_free
 .text.rt_object_get_information
                0x00000000000013e2       0x2a ./rtthread/src/object.o
                0x00000000000013e2                rt_object_get_information
 .text.rt_object_init
                0x000000000000140c       0x5e ./rtthread/src/object.o
                0x000000000000140c                rt_object_init
 .text.rt_object_detach
                0x000000000000146a       0x2e ./rtthread/src/object.o
                0x000000000000146a                rt_object_detach
 .text.rt_object_allocate
                0x0000000000001498       0x56 ./rtthread/src/object.o
                0x0000000000001498                rt_object_allocate
 .text.rt_object_delete
                0x00000000000014ee       0x32 ./rtthread/src/object.o
                0x00000000000014ee                rt_object_delete
 .text.rt_object_is_systemobject
                0x0000000000001520        0x8 ./rtthread/src/object.o
                0x0000000000001520                rt_object_is_systemobject
 .text.rt_system_scheduler_init
                0x0000000000001528       0x2e ./rtthread/src/scheduler.o
                0x0000000000001528                rt_system_scheduler_init
 .text.rt_system_scheduler_start
                0x0000000000001556       0x2c ./rtthread/src/scheduler.o
                0x0000000000001556                rt_system_scheduler_start
 .text.rt_schedule
                0x0000000000001582       0x6a ./rtthread/src/scheduler.o
                0x0000000000001582                rt_schedule
 .text.rt_schedule_insert_thread
                0x00000000000015ec       0x48 ./rtthread/src/scheduler.o
                0x00000000000015ec                rt_schedule_insert_thread
 .text.rt_schedule_remove_thread
                0x0000000000001634       0x42 ./rtthread/src/scheduler.o
                0x0000000000001634                rt_schedule_remove_thread
 .text.rt_enter_critical
                0x0000000000001676       0x16 ./rtthread/src/scheduler.o
                0x0000000000001676                rt_enter_critical
 .text.rt_exit_critical
                0x000000000000168c       0x2e ./rtthread/src/scheduler.o
                0x000000000000168c                rt_exit_critical
 .text.rt_thread_exit
                0x00000000000016ba       0x50 ./rtthread/src/thread.o
                0x00000000000016ba                rt_thread_exit
 .text._rt_thread_init.isra.0
                0x000000000000170a       0x8e ./rtthread/src/thread.o
 .text.rt_thread_timeout
                0x0000000000001798       0x20 ./rtthread/src/thread.o
                0x0000000000001798                rt_thread_timeout
 .text.rt_thread_init
                0x00000000000017b8       0x32 ./rtthread/src/thread.o
                0x00000000000017b8                rt_thread_init
 .text.rt_thread_self
                0x00000000000017ea        0x6 ./rtthread/src/thread.o
                0x00000000000017ea                rt_thread_self
 .text.rt_thread_create
                0x00000000000017f0       0x46 ./rtthread/src/thread.o
                0x00000000000017f0                rt_thread_create
 .text.rt_thread_yield
                0x0000000000001836       0x52 ./rtthread/src/thread.o
                0x0000000000001836                rt_thread_yield
 .text.rt_thread_suspend
                0x0000000000001888       0x4a ./rtthread/src/thread.o
                0x0000000000001888                rt_thread_suspend
 .text.rt_thread_sleep
                0x00000000000018d2       0x40 ./rtthread/src/thread.o
                0x00000000000018d2                rt_thread_sleep
 .text.rt_thread_mdelay
                0x0000000000001912        0xe ./rtthread/src/thread.o
                0x0000000000001912                rt_thread_mdelay
 .text.rt_thread_resume
                0x0000000000001920       0x4c ./rtthread/src/thread.o
                0x0000000000001920                rt_thread_resume
 .text.rt_thread_startup
                0x000000000000196c       0x2c ./rtthread/src/thread.o
                0x000000000000196c                rt_thread_startup
 .text._rt_timer_remove.part.1
                0x0000000000001998       0x12 ./rtthread/src/timer.o
 .text.rt_timer_init
                0x00000000000019aa       0x3a ./rtthread/src/timer.o
                0x00000000000019aa                rt_timer_init
 .text.rt_timer_detach
                0x00000000000019e4       0x1e ./rtthread/src/timer.o
                0x00000000000019e4                rt_timer_detach
 .text.rt_timer_start
                0x0000000000001a02       0x80 ./rtthread/src/timer.o
                0x0000000000001a02                rt_timer_start
 .text.rt_timer_stop
                0x0000000000001a82       0x30 ./rtthread/src/timer.o
                0x0000000000001a82                rt_timer_stop
 .text.rt_timer_control
                0x0000000000001ab2       0x38 ./rtthread/src/timer.o
                0x0000000000001ab2                rt_timer_control
 .text.rt_timer_check
                0x0000000000001aea       0x78 ./rtthread/src/timer.o
                0x0000000000001aea                rt_timer_check
 .text.rt_system_timer_init
                0x0000000000001b62        0xa ./rtthread/src/timer.o
                0x0000000000001b62                rt_system_timer_init
 .text.rt_system_timer_thread_init
                0x0000000000001b6c        0x2 ./rtthread/src/timer.o
                0x0000000000001b6c                rt_system_timer_thread_init
 .text.rt_hw_stack_init
                0x0000000000001b6e       0x36 ./rtthread/libcpu/risc-v/common/cpuport.o
                0x0000000000001b6e                rt_hw_stack_init
 .text.sw_setpend
                0x0000000000001ba4       0x10 ./rtthread/libcpu/risc-v/common/cpuport.o
                0x0000000000001ba4                sw_setpend
 .text.sw_clearpend
                0x0000000000001bb4        0xe ./rtthread/libcpu/risc-v/common/cpuport.o
                0x0000000000001bb4                sw_clearpend
 .text.rt_hw_interrupt_disable
                0x0000000000001bc2        0xc ./rtthread/libcpu/risc-v/common/cpuport.o
                0x0000000000001bc2                rt_hw_interrupt_disable
 .text.rt_hw_interrupt_enable
                0x0000000000001bce        0x6 ./rtthread/libcpu/risc-v/common/cpuport.o
                0x0000000000001bce                rt_hw_interrupt_enable
 .text.rt_hw_context_switch_interrupt
                0x0000000000001bd4       0x22 ./rtthread/libcpu/risc-v/common/cpuport.o
                0x0000000000001bd4                rt_hw_context_switch_interrupt
 .text.rt_list_len
                0x0000000000001bf6       0x12 ./rtthread/components/finsh/cmd.o
 .text.reboot   0x0000000000001c08       0x12 ./rtthread/components/finsh/cmd.o
                0x0000000000001c08                reboot
 .text.clear    0x0000000000001c1a       0x16 ./rtthread/components/finsh/cmd.o
                0x0000000000001c1a                clear
 .text.object_split
                0x0000000000001c30       0x20 ./rtthread/components/finsh/cmd.o
 .text.show_wait_queue
                0x0000000000001c50       0x36 ./rtthread/components/finsh/cmd.o
 .text.object_name_maxlen
                0x0000000000001c86       0x3e ./rtthread/components/finsh/cmd.o
 .text.list_thread
                0x0000000000001cc4       0xe2 ./rtthread/components/finsh/cmd.o
                0x0000000000001cc4                list_thread
 .text.list_sem
                0x0000000000001da6       0xb6 ./rtthread/components/finsh/cmd.o
                0x0000000000001da6                list_sem
 .text.list_event
                0x0000000000001e5c       0xac ./rtthread/components/finsh/cmd.o
                0x0000000000001e5c                list_event
 .text.list_mutex
                0x0000000000001f08       0x82 ./rtthread/components/finsh/cmd.o
                0x0000000000001f08                list_mutex
 .text.list_mailbox
                0x0000000000001f8a       0xbe ./rtthread/components/finsh/cmd.o
                0x0000000000001f8a                list_mailbox
 .text.list_msgqueue
                0x0000000000002048       0xb6 ./rtthread/components/finsh/cmd.o
                0x0000000000002048                list_msgqueue
 .text.list_device
                0x00000000000020fe       0x94 ./rtthread/components/finsh/cmd.o
                0x00000000000020fe                list_device
 .text.list_timer
                0x0000000000002192       0x9a ./rtthread/components/finsh/cmd.o
                0x0000000000002192                list_timer
 .text.list     0x000000000000222c       0x4a ./rtthread/components/finsh/cmd.o
                0x000000000000222c                list
 .text.msh_help
                0x0000000000002276       0x58 ./rtthread/components/finsh/msh.o
                0x0000000000002276                msh_help
 .text.msh_is_used
                0x00000000000022ce        0x4 ./rtthread/components/finsh/msh.o
                0x00000000000022ce                msh_is_used
 .text.msh_exec
                0x00000000000022d2      0x1aa ./rtthread/components/finsh/msh.o
                0x00000000000022d2                msh_exec
 .text.msh_auto_complete
                0x000000000000247c       0xa2 ./rtthread/components/finsh/msh.o
                0x000000000000247c                msh_auto_complete
 .text.cmd_ps   0x000000000000251e        0xe ./rtthread/components/finsh/msh_cmd.o
                0x000000000000251e                cmd_ps
 .text.cmd_free
                0x000000000000252c        0xe ./rtthread/components/finsh/msh_cmd.o
                0x000000000000252c                cmd_free
 .text.finsh_rx_ind
                0x000000000000253a       0x12 ./rtthread/components/finsh/shell.o
 .text.finsh_system_init
                0x000000000000254c       0x98 ./rtthread/components/finsh/shell.o
                0x000000000000254c                finsh_system_init
 .text.finsh_get_prompt
                0x00000000000025e4       0x3c ./rtthread/components/finsh/shell.o
                0x00000000000025e4                finsh_get_prompt
 .text.shell_handle_history
                0x0000000000002620       0x2e ./rtthread/components/finsh/shell.o
 .text.finsh_set_device
                0x000000000000264e       0x7e ./rtthread/components/finsh/shell.o
                0x000000000000264e                finsh_set_device
 .text.finsh_thread_entry
                0x00000000000026cc      0x410 ./rtthread/components/finsh/shell.o
                0x00000000000026cc                finsh_thread_entry
 .text.rt_serial_init
                0x0000000000002adc       0x20 ./rtthread/components/drivers/serial/serial.o
 .text.rt_serial_write
                0x0000000000002afc       0x42 ./rtthread/components/drivers/serial/serial.o
 .text.rt_serial_open
                0x0000000000002b3e       0x9e ./rtthread/components/drivers/serial/serial.o
 .text.rt_serial_control
                0x0000000000002bdc       0x6e ./rtthread/components/drivers/serial/serial.o
 .text.rt_serial_read
                0x0000000000002c4a       0x9e ./rtthread/components/drivers/serial/serial.o
 .text.rt_serial_close
                0x0000000000002ce8       0x40 ./rtthread/components/drivers/serial/serial.o
 .text.rt_hw_serial_register
                0x0000000000002d28       0x5a ./rtthread/components/drivers/serial/serial.o
                0x0000000000002d28                rt_hw_serial_register
 .text.rt_hw_serial_isr
                0x0000000000002d82       0xaa ./rtthread/components/drivers/serial/serial.o
                0x0000000000002d82                rt_hw_serial_isr
 .text._pin_control
                0x0000000000002e2c       0x1c ./rtthread/components/drivers/misc/pin.o
 .text.rt_pin_mode
                0x0000000000002e48       0x1a ./rtthread/components/drivers/misc/pin.o
                0x0000000000002e48                rt_pin_mode
 .text.rt_pin_write
                0x0000000000002e62       0x1a ./rtthread/components/drivers/misc/pin.o
                0x0000000000002e62                rt_pin_write
 .text.rt_pin_read
                0x0000000000002e7c       0x18 ./rtthread/components/drivers/misc/pin.o
                0x0000000000002e7c                rt_pin_read
 .text._pin_read
                0x0000000000002e94       0x2e ./rtthread/components/drivers/misc/pin.o
 .text._pin_write
                0x0000000000002ec2       0x2c ./rtthread/components/drivers/misc/pin.o
 .text.rt_device_pin_register
                0x0000000000002eee       0x54 ./rtthread/components/drivers/misc/pin.o
                0x0000000000002eee                rt_device_pin_register
 .text.rt_heap_begin_get
                0x0000000000002f42        0xa ./rtthread/board.o
                0x0000000000002f42                rt_heap_begin_get
 .text.rt_heap_end_get
                0x0000000000002f4c        0xa ./rtthread/board.o
                0x0000000000002f4c                rt_heap_end_get
 .text.rt_hw_board_init
                0x0000000000002f56       0x76 ./rtthread/board.o
                0x0000000000002f56                rt_hw_board_init
 .text.SysTick_Handler
                0x0000000000002fcc       0x20 ./rtthread/board.o
                0x0000000000002fcc                SysTick_Handler
 .text.bit2bitno
                0x0000000000002fec       0x1c ./drivers/drv_gpio.o
 .text.GPIOD_CLK_ENABLE
                0x0000000000003008       0x12 ./drivers/drv_gpio.o
 .text.GPIOB_CLK_ENABLE
                0x000000000000301a       0x10 ./drivers/drv_gpio.o
 .text.GPIOA_CLK_ENABLE
                0x000000000000302a       0x10 ./drivers/drv_gpio.o
 .text.GPIOC_CLK_ENABLE
                0x000000000000303a       0x10 ./drivers/drv_gpio.o
 .text.GPIOE_CLK_ENABLE
                0x000000000000304a       0x12 ./drivers/drv_gpio.o
 .text.rt_hw_pin_init
                0x000000000000305c       0x1c ./drivers/drv_gpio.o
                0x000000000000305c                rt_hw_pin_init
 .text.get_pin  0x0000000000003078       0x20 ./drivers/drv_gpio.o
                0x0000000000003078                get_pin
 .text.ch32_pin_write
                0x0000000000003098       0x22 ./drivers/drv_gpio.o
                0x0000000000003098                ch32_pin_write
 .text.ch32_pin_read
                0x00000000000030ba       0x1e ./drivers/drv_gpio.o
                0x00000000000030ba                ch32_pin_read
 .text.ch32_pin_mode
                0x00000000000030d8       0x7e ./drivers/drv_gpio.o
                0x00000000000030d8                ch32_pin_mode
 .text.ch32_pin_attach_irq
                0x0000000000003156       0x92 ./drivers/drv_gpio.o
                0x0000000000003156                ch32_pin_attach_irq
 .text.ch32_pin_dettach_irq
                0x00000000000031e8       0x5a ./drivers/drv_gpio.o
                0x00000000000031e8                ch32_pin_dettach_irq
 .text.ch32_pin_irq_enable
                0x0000000000003242      0x15c ./drivers/drv_gpio.o
                0x0000000000003242                ch32_pin_irq_enable
 .text.HAL_GPIO_EXTI_Callback
                0x000000000000339e       0x24 ./drivers/drv_gpio.o
                0x000000000000339e                HAL_GPIO_EXTI_Callback
 .text.EXTI0_IRQHandler
                0x00000000000033c2       0x28 ./drivers/drv_gpio.o
                0x00000000000033c2                EXTI0_IRQHandler
 .text.EXTI1_IRQHandler
                0x00000000000033ea       0x28 ./drivers/drv_gpio.o
                0x00000000000033ea                EXTI1_IRQHandler
 .text.EXTI2_IRQHandler
                0x0000000000003412       0x28 ./drivers/drv_gpio.o
                0x0000000000003412                EXTI2_IRQHandler
 .text.EXTI3_IRQHandler
                0x000000000000343a       0x28 ./drivers/drv_gpio.o
                0x000000000000343a                EXTI3_IRQHandler
 .text.EXTI4_IRQHandler
                0x0000000000003462       0x28 ./drivers/drv_gpio.o
                0x0000000000003462                EXTI4_IRQHandler
 .text.EXTI9_5_IRQHandler
                0x000000000000348a       0x78 ./drivers/drv_gpio.o
                0x000000000000348a                EXTI9_5_IRQHandler
 .text.EXTI15_10_IRQHandler
                0x0000000000003502       0x80 ./drivers/drv_gpio.o
                0x0000000000003502                EXTI15_10_IRQHandler
 .text.ch32dma_transmit
                0x0000000000003582        0x4 ./drivers/drv_usart.o
                0x0000000000003582                ch32dma_transmit
 .text.ch32_configure
                0x0000000000003586       0xce ./drivers/drv_usart.o
 .text.rt_hw_usart_init
                0x0000000000003654       0xc4 ./drivers/drv_usart.o
                0x0000000000003654                rt_hw_usart_init
 .text.ch32_getc
                0x0000000000003718       0x22 ./drivers/drv_usart.o
 .text.ch32_putc
                0x000000000000373a       0x22 ./drivers/drv_usart.o
 .text.ch32_control
                0x000000000000375c       0x5c ./drivers/drv_usart.o
 .text.USART1_IRQHandler
                0x00000000000037b8       0x4a ./drivers/drv_usart.o
                0x00000000000037b8                USART1_IRQHandler
 .text.NMI_Handler
                0x0000000000003802       0x20 ./User/ch32v30x_it.o
                0x0000000000003802                NMI_Handler
 .text.HardFault_Handler
                0x0000000000003822       0x20 ./User/ch32v30x_it.o
                0x0000000000003822                HardFault_Handler
 .text.read_sensor
                0x0000000000003842       0x26 ./User/main.o
                0x0000000000003842                read_sensor
 .text.display  0x0000000000003868       0xa2 ./User/main.o
                0x0000000000003868                display
 .text.read_location
                0x000000000000390a       0x88 ./User/main.o
                0x000000000000390a                read_location
 .text.data_to_cloud
                0x0000000000003992       0x4a ./User/main.o
                0x0000000000003992                data_to_cloud
 .text.send_notification
                0x00000000000039dc       0x34 ./User/main.o
                0x00000000000039dc                send_notification
 .text.System_INIT
                0x0000000000003a10       0x26 ./User/main.o
                0x0000000000003a10                System_INIT
 .text.Run      0x0000000000003a36       0xd0 ./User/main.o
                0x0000000000003a36                Run
 .text.startup.main
                0x0000000000003b06       0x3e ./User/main.o
                0x0000000000003b06                main
 .text.SystemInit
                0x0000000000003b44       0xf8 ./User/system_ch32v30x.o
                0x0000000000003b44                SystemInit
 .text.vector_handler
                0x0000000000003c3c       0xbe ./Startup/startup_ch32v30x.o
                0x0000000000003c40                Ecall_M_Mode_Handler
                0x0000000000003c42                Ecall_U_Mode_Handler
                0x0000000000003c44                Break_Point_Handler
                0x0000000000003c4a                WWDG_IRQHandler
                0x0000000000003c4c                PVD_IRQHandler
                0x0000000000003c4e                TAMPER_IRQHandler
                0x0000000000003c50                RTC_IRQHandler
                0x0000000000003c52                FLASH_IRQHandler
                0x0000000000003c54                RCC_IRQHandler
                0x0000000000003c60                DMA1_Channel1_IRQHandler
                0x0000000000003c62                DMA1_Channel2_IRQHandler
                0x0000000000003c64                DMA1_Channel3_IRQHandler
                0x0000000000003c66                DMA1_Channel4_IRQHandler
                0x0000000000003c68                DMA1_Channel5_IRQHandler
                0x0000000000003c6a                DMA1_Channel6_IRQHandler
                0x0000000000003c6c                DMA1_Channel7_IRQHandler
                0x0000000000003c6e                ADC1_2_IRQHandler
                0x0000000000003c70                USB_HP_CAN1_TX_IRQHandler
                0x0000000000003c72                USB_LP_CAN1_RX0_IRQHandler
                0x0000000000003c74                CAN1_RX1_IRQHandler
                0x0000000000003c76                CAN1_SCE_IRQHandler
                0x0000000000003c7a                TIM1_BRK_IRQHandler
                0x0000000000003c7c                TIM1_UP_IRQHandler
                0x0000000000003c7e                TIM1_TRG_COM_IRQHandler
                0x0000000000003c80                TIM1_CC_IRQHandler
                0x0000000000003c82                TIM2_IRQHandler
                0x0000000000003c84                TIM3_IRQHandler
                0x0000000000003c86                TIM4_IRQHandler
                0x0000000000003c88                I2C1_EV_IRQHandler
                0x0000000000003c8a                I2C1_ER_IRQHandler
                0x0000000000003c8c                I2C2_EV_IRQHandler
                0x0000000000003c8e                I2C2_ER_IRQHandler
                0x0000000000003c90                SPI1_IRQHandler
                0x0000000000003c92                SPI2_IRQHandler
                0x0000000000003c9c                RTCAlarm_IRQHandler
                0x0000000000003c9e                USBWakeUp_IRQHandler
                0x0000000000003ca0                TIM8_BRK_IRQHandler
                0x0000000000003ca2                TIM8_UP_IRQHandler
                0x0000000000003ca4                TIM8_TRG_COM_IRQHandler
                0x0000000000003ca6                TIM8_CC_IRQHandler
                0x0000000000003ca8                RNG_IRQHandler
                0x0000000000003caa                FSMC_IRQHandler
                0x0000000000003cac                SDIO_IRQHandler
                0x0000000000003cae                TIM5_IRQHandler
                0x0000000000003cb0                SPI3_IRQHandler
                0x0000000000003cb2                UART4_IRQHandler
                0x0000000000003cb4                UART5_IRQHandler
                0x0000000000003cb6                TIM6_IRQHandler
                0x0000000000003cba                DMA2_Channel1_IRQHandler
                0x0000000000003cbc                DMA2_Channel2_IRQHandler
                0x0000000000003cbe                DMA2_Channel3_IRQHandler
                0x0000000000003cc0                DMA2_Channel4_IRQHandler
                0x0000000000003cc2                DMA2_Channel5_IRQHandler
                0x0000000000003cc4                ETH_IRQHandler
                0x0000000000003cc6                ETH_WKUP_IRQHandler
                0x0000000000003cc8                CAN2_TX_IRQHandler
                0x0000000000003cca                CAN2_RX0_IRQHandler
                0x0000000000003ccc                CAN2_RX1_IRQHandler
                0x0000000000003cce                CAN2_SCE_IRQHandler
                0x0000000000003cd0                OTG_FS_IRQHandler
                0x0000000000003cd2                USBHSWakeup_IRQHandler
                0x0000000000003cd4                USBHS_IRQHandler
                0x0000000000003cd6                DVP_IRQHandler
                0x0000000000003cd8                UART6_IRQHandler
                0x0000000000003cda                UART7_IRQHandler
                0x0000000000003cdc                UART8_IRQHandler
                0x0000000000003cde                TIM9_BRK_IRQHandler
                0x0000000000003ce0                TIM9_UP_IRQHandler
                0x0000000000003ce2                TIM9_TRG_COM_IRQHandler
                0x0000000000003ce4                TIM9_CC_IRQHandler
                0x0000000000003ce6                TIM10_BRK_IRQHandler
                0x0000000000003ce8                TIM10_UP_IRQHandler
                0x0000000000003cea                TIM10_TRG_COM_IRQHandler
                0x0000000000003cec                TIM10_CC_IRQHandler
                0x0000000000003cee                DMA2_Channel6_IRQHandler
                0x0000000000003cf0                DMA2_Channel7_IRQHandler
                0x0000000000003cf2                DMA2_Channel8_IRQHandler
                0x0000000000003cf4                DMA2_Channel9_IRQHandler
                0x0000000000003cf6                DMA2_Channel10_IRQHandler
                0x0000000000003cf8                DMA2_Channel11_IRQHandler
 .text.handle_reset
                0x0000000000003cfa       0x92 ./Startup/startup_ch32v30x.o
                0x0000000000003cfa                handle_reset
 .text.ADC_DeInit
                0x0000000000003d8c       0x40 ./Peripheral/src/ch32v30x_adc.o
                0x0000000000003d8c                ADC_DeInit
 .text.ADC_Init
                0x0000000000003dcc       0x56 ./Peripheral/src/ch32v30x_adc.o
                0x0000000000003dcc                ADC_Init
 .text.ADC_Cmd  0x0000000000003e22       0x10 ./Peripheral/src/ch32v30x_adc.o
                0x0000000000003e22                ADC_Cmd
 .text.ADC_ResetCalibration
                0x0000000000003e32        0xa ./Peripheral/src/ch32v30x_adc.o
                0x0000000000003e32                ADC_ResetCalibration
 .text.ADC_GetResetCalibrationStatus
                0x0000000000003e3c        0x8 ./Peripheral/src/ch32v30x_adc.o
                0x0000000000003e3c                ADC_GetResetCalibrationStatus
 .text.ADC_StartCalibration
                0x0000000000003e44        0xa ./Peripheral/src/ch32v30x_adc.o
                0x0000000000003e44                ADC_StartCalibration
 .text.ADC_GetCalibrationStatus
                0x0000000000003e4e        0x8 ./Peripheral/src/ch32v30x_adc.o
                0x0000000000003e4e                ADC_GetCalibrationStatus
 .text.ADC_SoftwareStartInjectedConvCmd
                0x0000000000003e56       0x18 ./Peripheral/src/ch32v30x_adc.o
                0x0000000000003e56                ADC_SoftwareStartInjectedConvCmd
 .text.ADC_InjectedChannelConfig
                0x0000000000003e6e       0x7a ./Peripheral/src/ch32v30x_adc.o
                0x0000000000003e6e                ADC_InjectedChannelConfig
 .text.ADC_InjectedSequencerLengthConfig
                0x0000000000003ee8       0x14 ./Peripheral/src/ch32v30x_adc.o
                0x0000000000003ee8                ADC_InjectedSequencerLengthConfig
 .text.ADC_GetInjectedConversionValue
                0x0000000000003efc       0x1c ./Peripheral/src/ch32v30x_adc.o
                0x0000000000003efc                ADC_GetInjectedConversionValue
 .text.ADC_GetFlagStatus
                0x0000000000003f18        0xa ./Peripheral/src/ch32v30x_adc.o
                0x0000000000003f18                ADC_GetFlagStatus
 .text.ADC_BufferCmd
                0x0000000000003f22       0x18 ./Peripheral/src/ch32v30x_adc.o
                0x0000000000003f22                ADC_BufferCmd
 .text.Get_CalibrationValue
                0x0000000000003f3a      0x134 ./Peripheral/src/ch32v30x_adc.o
                0x0000000000003f3a                Get_CalibrationValue
 .text.EXTI_Init
                0x000000000000406e       0x6a ./Peripheral/src/ch32v30x_exti.o
                0x000000000000406e                EXTI_Init
 .text.EXTI_GetITStatus
                0x00000000000040d8       0x1e ./Peripheral/src/ch32v30x_exti.o
                0x00000000000040d8                EXTI_GetITStatus
 .text.EXTI_ClearITPendingBit
                0x00000000000040f6        0xa ./Peripheral/src/ch32v30x_exti.o
                0x00000000000040f6                EXTI_ClearITPendingBit
 .text.GPIO_Init
                0x0000000000004100       0xc0 ./Peripheral/src/ch32v30x_gpio.o
                0x0000000000004100                GPIO_Init
 .text.GPIO_ReadInputDataBit
                0x00000000000041c0        0xa ./Peripheral/src/ch32v30x_gpio.o
                0x00000000000041c0                GPIO_ReadInputDataBit
 .text.GPIO_WriteBit
                0x00000000000041ca        0xa ./Peripheral/src/ch32v30x_gpio.o
                0x00000000000041ca                GPIO_WriteBit
 .text.GPIO_EXTILineConfig
                0x00000000000041d4       0x2c ./Peripheral/src/ch32v30x_gpio.o
                0x00000000000041d4                GPIO_EXTILineConfig
 .text.NVIC_PriorityGroupConfig
                0x0000000000004200        0x6 ./Peripheral/src/ch32v30x_misc.o
                0x0000000000004200                NVIC_PriorityGroupConfig
 .text.NVIC_Init
                0x0000000000004206       0xa6 ./Peripheral/src/ch32v30x_misc.o
                0x0000000000004206                NVIC_Init
 .text.RCC_ADCCLKConfig
                0x00000000000042ac       0x12 ./Peripheral/src/ch32v30x_rcc.o
                0x00000000000042ac                RCC_ADCCLKConfig
 .text.RCC_GetClocksFreq
                0x00000000000042be      0x106 ./Peripheral/src/ch32v30x_rcc.o
                0x00000000000042be                RCC_GetClocksFreq
 .text.RCC_APB2PeriphClockCmd
                0x00000000000043c4       0x1e ./Peripheral/src/ch32v30x_rcc.o
                0x00000000000043c4                RCC_APB2PeriphClockCmd
 .text.RCC_APB1PeriphClockCmd
                0x00000000000043e2       0x1e ./Peripheral/src/ch32v30x_rcc.o
                0x00000000000043e2                RCC_APB1PeriphClockCmd
 .text.RCC_APB2PeriphResetCmd
                0x0000000000004400       0x1e ./Peripheral/src/ch32v30x_rcc.o
                0x0000000000004400                RCC_APB2PeriphResetCmd
 .text.TIM_TimeBaseInit
                0x000000000000441e       0xaa ./Peripheral/src/ch32v30x_tim.o
                0x000000000000441e                TIM_TimeBaseInit
 .text.TIM_Cmd  0x00000000000044c8       0x18 ./Peripheral/src/ch32v30x_tim.o
                0x00000000000044c8                TIM_Cmd
 .text.TIM_ITConfig
                0x00000000000044e0       0x12 ./Peripheral/src/ch32v30x_tim.o
                0x00000000000044e0                TIM_ITConfig
 .text.TIM_SetCounter
                0x00000000000044f2        0x4 ./Peripheral/src/ch32v30x_tim.o
                0x00000000000044f2                TIM_SetCounter
 .text.TIM_GetITStatus
                0x00000000000044f6       0x18 ./Peripheral/src/ch32v30x_tim.o
                0x00000000000044f6                TIM_GetITStatus
 .text.TIM_ClearITPendingBit
                0x000000000000450e        0xc ./Peripheral/src/ch32v30x_tim.o
                0x000000000000450e                TIM_ClearITPendingBit
 .text.USART_Init
                0x000000000000451a       0xbc ./Peripheral/src/ch32v30x_usart.o
                0x000000000000451a                USART_Init
 .text.USART_Cmd
                0x00000000000045d6       0x16 ./Peripheral/src/ch32v30x_usart.o
                0x00000000000045d6                USART_Cmd
 .text.USART_ITConfig
                0x00000000000045ec       0x36 ./Peripheral/src/ch32v30x_usart.o
                0x00000000000045ec                USART_ITConfig
 .text.USART_SendData
                0x0000000000004622        0x8 ./Peripheral/src/ch32v30x_usart.o
                0x0000000000004622                USART_SendData
 .text.USART_ReceiveData
                0x000000000000462a        0x8 ./Peripheral/src/ch32v30x_usart.o
                0x000000000000462a                USART_ReceiveData
 .text.USART_GetFlagStatus
                0x0000000000004632        0xa ./Peripheral/src/ch32v30x_usart.o
                0x0000000000004632                USART_GetFlagStatus
 .text.USART_GetITStatus
                0x000000000000463c       0x3c ./Peripheral/src/ch32v30x_usart.o
                0x000000000000463c                USART_GetITStatus
 .text.USART_ClearITPendingBit
                0x0000000000004678       0x14 ./Peripheral/src/ch32v30x_usart.o
                0x0000000000004678                USART_ClearITPendingBit
 .text.NMEA_Comma_Pos
                0x000000000000468c       0x40 ./NEO7/gps.o
                0x000000000000468c                NMEA_Comma_Pos
 .text.NMEA_Str2num
                0x00000000000046cc      0x128 ./NEO7/gps.o
                0x00000000000046cc                NMEA_Str2num
 .text.NMEA_GPRMC_Analysis
                0x00000000000047f4      0x2c6 ./NEO7/gps.o
                0x00000000000047f4                NMEA_GPRMC_Analysis
 .text.NMEA_GPGSV_Analysis
                0x0000000000004aba      0x100 ./NEO7/gps.o
                0x0000000000004aba                NMEA_GPGSV_Analysis
 .text.NMEA_GPGGA_Analysis
                0x0000000000004bba       0x74 ./NEO7/gps.o
                0x0000000000004bba                NMEA_GPGGA_Analysis
 .text.NMEA_GPGSA_Analysis
                0x0000000000004c2e       0xc6 ./NEO7/gps.o
                0x0000000000004c2e                NMEA_GPGSA_Analysis
 .text.NMEA_GPVTG_Analysis
                0x0000000000004cf4       0x6e ./NEO7/gps.o
                0x0000000000004cf4                NMEA_GPVTG_Analysis
 .text.Send_NMEA_GPRMC
                0x0000000000004d62       0xda ./NEO7/gps.o
                0x0000000000004d62                Send_NMEA_GPRMC
 .text.Send_NMEA_GPGSV
                0x0000000000004e3c       0x76 ./NEO7/gps.o
                0x0000000000004e3c                Send_NMEA_GPGSV
 .text.Send_NMEA_GPGGA
                0x0000000000004eb2       0x38 ./NEO7/gps.o
                0x0000000000004eb2                Send_NMEA_GPGGA
 .text.Send_NMEA_GPGSA
                0x0000000000004eea       0xac ./NEO7/gps.o
                0x0000000000004eea                Send_NMEA_GPGSA
 .text.Send_NMEA_GPVTG
                0x0000000000004f96       0x30 ./NEO7/gps.o
                0x0000000000004f96                Send_NMEA_GPVTG
 .text.GPSMSG_Analysis
                0x0000000000004fc6       0x30 ./NEO7/gps.o
                0x0000000000004fc6                GPSMSG_Analysis
 .text.Send_NMEA_MSG
                0x0000000000004ff6       0x26 ./NEO7/gps.o
                0x0000000000004ff6                Send_NMEA_MSG
 .text.TIM7_Set.part.0
                0x000000000000501c       0x20 ./NEO7/usart.o
 .text.usart_configuration
                0x000000000000503c       0xb6 ./NEO7/usart.o
                0x000000000000503c                usart_configuration
 .text.timer_configuration
                0x00000000000050f2       0x6a ./NEO7/usart.o
                0x00000000000050f2                timer_configuration
 .text.TIM7_Set
                0x000000000000515c       0x1e ./NEO7/usart.o
                0x000000000000515c                TIM7_Set
 .text.USART3_IRQHandler
                0x000000000000517a       0x86 ./NEO7/usart.o
                0x000000000000517a                USART3_IRQHandler
 .text.TIM7_IRQHandler
                0x0000000000005200       0x32 ./NEO7/usart.o
                0x0000000000005200                TIM7_IRQHandler
 .text.rt_lcd_command
                0x0000000000005232       0x86 ./LCD/LiquidCrystal.o
                0x0000000000005232                rt_lcd_command
 .text.rt_lcd_init
                0x00000000000052b8       0xda ./LCD/LiquidCrystal.o
                0x00000000000052b8                rt_lcd_init
 .text.rt_lcd_data
                0x0000000000005392       0x86 ./LCD/LiquidCrystal.o
                0x0000000000005392                rt_lcd_data
 .text.rt_lcd_print
                0x0000000000005418       0x22 ./LCD/LiquidCrystal.o
                0x0000000000005418                rt_lcd_print
 .text.rt_lcd_clear
                0x000000000000543a       0x14 ./LCD/LiquidCrystal.o
                0x000000000000543a                rt_lcd_clear
 .text.rt_lcd_setCursor
                0x000000000000544e       0x28 ./LCD/LiquidCrystal.o
                0x000000000000544e                rt_lcd_setCursor
 .text.ADC_Function_Init
                0x0000000000005476      0x184 ./HSM20G/hsm20g.o
                0x0000000000005476                ADC_Function_Init
 .text.Get_TEMP_ConversionVal
                0x00000000000055fa       0x28 ./HSM20G/hsm20g.o
                0x00000000000055fa                Get_TEMP_ConversionVal
 .text.get_temp_value
                0x0000000000005622       0xc4 ./HSM20G/hsm20g.o
                0x0000000000005622                get_temp_value
 .text.Get_HUMID_ConversionVal
                0x00000000000056e6       0x28 ./HSM20G/hsm20g.o
                0x00000000000056e6                Get_HUMID_ConversionVal
 .text.get_humid_value
                0x000000000000570e       0x9a ./HSM20G/hsm20g.o
                0x000000000000570e                get_humid_value
 .text.send_apikey
                0x00000000000057a8       0xb6 ./GPRS/gprs.o
                0x00000000000057a8                send_apikey
 .text.send_command
                0x000000000000585e       0x40 ./GPRS/gprs.o
                0x000000000000585e                send_command
 .text.send_data
                0x000000000000589e      0x11e ./GPRS/gprs.o
                0x000000000000589e                send_data
 .text.temperature_high_alart
                0x00000000000059bc       0x7a ./GPRS/gprs.o
                0x00000000000059bc                temperature_high_alart
 .text.humidity_high_alart
                0x0000000000005a36       0x7a ./GPRS/gprs.o
                0x0000000000005a36                humidity_high_alart
 .text.usart2_configuration
                0x0000000000005ab0       0xb0 ./GPRS/usart2.o
                0x0000000000005ab0                usart2_configuration
 .text.USART2_IRQHandler
                0x0000000000005b60       0x34 ./GPRS/usart2.o
                0x0000000000005b60                USART2_IRQHandler
 .text._sbrk    0x0000000000005b94       0x2a ./Debug/debug.o
                0x0000000000005b94                _sbrk
 .text.__adddf3
                0x0000000000005bbe      0x730 c:/mounriver/mounriver_studio/toolchain/risc-v embedded gcc/bin/../lib/gcc/riscv-none-embed/8.2.0/rv32imacxw/ilp32\libgcc.a(adddf3.o)
                0x0000000000005bbe                __adddf3
 .text.__muldf3
                0x00000000000062ee      0x4b8 c:/mounriver/mounriver_studio/toolchain/risc-v embedded gcc/bin/../lib/gcc/riscv-none-embed/8.2.0/rv32imacxw/ilp32\libgcc.a(muldf3.o)
                0x00000000000062ee                __muldf3
 .text.__subdf3
                0x00000000000067a6      0x73e c:/mounriver/mounriver_studio/toolchain/risc-v embedded gcc/bin/../lib/gcc/riscv-none-embed/8.2.0/rv32imacxw/ilp32\libgcc.a(subdf3.o)
                0x00000000000067a6                __subdf3
 .text.__fixdfsi
                0x0000000000006ee4       0x68 c:/mounriver/mounriver_studio/toolchain/risc-v embedded gcc/bin/../lib/gcc/riscv-none-embed/8.2.0/rv32imacxw/ilp32\libgcc.a(fixdfsi.o)
                0x0000000000006ee4                __fixdfsi
 .text.__floatsidf
                0x0000000000006f4c       0x72 c:/mounriver/mounriver_studio/toolchain/risc-v embedded gcc/bin/../lib/gcc/riscv-none-embed/8.2.0/rv32imacxw/ilp32\libgcc.a(floatsidf.o)
                0x0000000000006f4c                __floatsidf
 .text.__addsf3
                0x0000000000006fbe      0x36a c:/mounriver/mounriver_studio/toolchain/risc-v embedded gcc/bin/../lib/gcc/riscv-none-embed/8.2.0/rv32imacxw/ilp32\libgcc.a(addsf3.o)
                0x0000000000006fbe                __addsf3
 .text.__divsf3
                0x0000000000007328      0x2ae c:/mounriver/mounriver_studio/toolchain/risc-v embedded gcc/bin/../lib/gcc/riscv-none-embed/8.2.0/rv32imacxw/ilp32\libgcc.a(divsf3.o)
                0x0000000000007328                __divsf3
 .text.__mulsf3
                0x00000000000075d6      0x290 c:/mounriver/mounriver_studio/toolchain/risc-v embedded gcc/bin/../lib/gcc/riscv-none-embed/8.2.0/rv32imacxw/ilp32\libgcc.a(mulsf3.o)
                0x00000000000075d6                __mulsf3
 .text.__fixunssfsi
                0x0000000000007866       0x56 c:/mounriver/mounriver_studio/toolchain/risc-v embedded gcc/bin/../lib/gcc/riscv-none-embed/8.2.0/rv32imacxw/ilp32\libgcc.a(fixunssfsi.o)
                0x0000000000007866                __fixunssfsi
 .text.__floatsisf
                0x00000000000078bc       0xc6 c:/mounriver/mounriver_studio/toolchain/risc-v embedded gcc/bin/../lib/gcc/riscv-none-embed/8.2.0/rv32imacxw/ilp32\libgcc.a(floatsisf.o)
                0x00000000000078bc                __floatsisf
 .text.__floatunsisf
                0x0000000000007982       0xce c:/mounriver/mounriver_studio/toolchain/risc-v embedded gcc/bin/../lib/gcc/riscv-none-embed/8.2.0/rv32imacxw/ilp32\libgcc.a(floatunsisf.o)
                0x0000000000007982                __floatunsisf
 .text.__extendsfdf2
                0x0000000000007a50       0xac c:/mounriver/mounriver_studio/toolchain/risc-v embedded gcc/bin/../lib/gcc/riscv-none-embed/8.2.0/rv32imacxw/ilp32\libgcc.a(extendsfdf2.o)
                0x0000000000007a50                __extendsfdf2
 .text.__clzsi2
                0x0000000000007afc       0x6e c:/mounriver/mounriver_studio/toolchain/risc-v embedded gcc/bin/../lib/gcc/riscv-none-embed/8.2.0/rv32imacxw/ilp32\libgcc.a(_clzsi2.o)
                0x0000000000007afc                __clzsi2
 .text.memcmp   0x0000000000007b6a       0x24 c:/mounriver/mounriver_studio/toolchain/risc-v embedded gcc/bin/../lib/gcc/riscv-none-embed/8.2.0/../../../../riscv-none-embed/lib/rv32imacxw/ilp32\libg_nano.a(lib_a-memcmp.o)
                0x0000000000007b6a                memcmp
 .text.memcpy   0x0000000000007b8e       0xb2 c:/mounriver/mounriver_studio/toolchain/risc-v embedded gcc/bin/../lib/gcc/riscv-none-embed/8.2.0/../../../../riscv-none-embed/lib/rv32imacxw/ilp32\libg_nano.a(lib_a-memcpy.o)
                0x0000000000007b8e                memcpy
 .text.snprintf
                0x0000000000007c40       0x6a c:/mounriver/mounriver_studio/toolchain/risc-v embedded gcc/bin/../lib/gcc/riscv-none-embed/8.2.0/../../../../riscv-none-embed/lib/rv32imacxw/ilp32\libg_nano.a(lib_a-snprintf.o)
                0x0000000000007c40                sniprintf
                0x0000000000007c40                snprintf
 .text.sprintf  0x0000000000007caa       0x44 c:/mounriver/mounriver_studio/toolchain/risc-v embedded gcc/bin/../lib/gcc/riscv-none-embed/8.2.0/../../../../riscv-none-embed/lib/rv32imacxw/ilp32\libg_nano.a(lib_a-sprintf.o)
                0x0000000000007caa                siprintf
                0x0000000000007caa                sprintf
 .text.strcat   0x0000000000007cee       0x1e c:/mounriver/mounriver_studio/toolchain/risc-v embedded gcc/bin/../lib/gcc/riscv-none-embed/8.2.0/../../../../riscv-none-embed/lib/rv32imacxw/ilp32\libg_nano.a(lib_a-strcat.o)
                0x0000000000007cee                strcat
 .text.strcpy   0x0000000000007d0c       0x10 c:/mounriver/mounriver_studio/toolchain/risc-v embedded gcc/bin/../lib/gcc/riscv-none-embed/8.2.0/../../../../riscv-none-embed/lib/rv32imacxw/ilp32\libg_nano.a(lib_a-strcpy.o)
                0x0000000000007d0c                strcpy
 .text.strlen   0x0000000000007d1c       0x12 c:/mounriver/mounriver_studio/toolchain/risc-v embedded gcc/bin/../lib/gcc/riscv-none-embed/8.2.0/../../../../riscv-none-embed/lib/rv32imacxw/ilp32\libg_nano.a(lib_a-strlen.o)
                0x0000000000007d1c                strlen
 .text.strncmp  0x0000000000007d2e       0x28 c:/mounriver/mounriver_studio/toolchain/risc-v embedded gcc/bin/../lib/gcc/riscv-none-embed/8.2.0/../../../../riscv-none-embed/lib/rv32imacxw/ilp32\libg_nano.a(lib_a-strncmp.o)
                0x0000000000007d2e                strncmp
 .text.strstr   0x0000000000007d56       0x34 c:/mounriver/mounriver_studio/toolchain/risc-v embedded gcc/bin/../lib/gcc/riscv-none-embed/8.2.0/../../../../riscv-none-embed/lib/rv32imacxw/ilp32\libg_nano.a(lib_a-strstr.o)
                0x0000000000007d56                strstr
 .text._malloc_r
                0x0000000000007d8a       0xd4 c:/mounriver/mounriver_studio/toolchain/risc-v embedded gcc/bin/../lib/gcc/riscv-none-embed/8.2.0/../../../../riscv-none-embed/lib/rv32imacxw/ilp32\libg_nano.a(lib_a-nano-mallocr.o)
                0x0000000000007d8a                _malloc_r
 .text.__ssputs_r
                0x0000000000007e5e       0xde c:/mounriver/mounriver_studio/toolchain/risc-v embedded gcc/bin/../lib/gcc/riscv-none-embed/8.2.0/../../../../riscv-none-embed/lib/rv32imacxw/ilp32\libg_nano.a(lib_a-nano-svfprintf.o)
                0x0000000000007e5e                __ssputs_r
 .text._svfprintf_r
                0x0000000000007f3c      0x264 c:/mounriver/mounriver_studio/toolchain/risc-v embedded gcc/bin/../lib/gcc/riscv-none-embed/8.2.0/../../../../riscv-none-embed/lib/rv32imacxw/ilp32\libg_nano.a(lib_a-nano-svfprintf.o)
                0x0000000000007f3c                _svfiprintf_r
                0x0000000000007f3c                _svfprintf_r
 .text._printf_common
                0x00000000000081a0      0x10c c:/mounriver/mounriver_studio/toolchain/risc-v embedded gcc/bin/../lib/gcc/riscv-none-embed/8.2.0/../../../../riscv-none-embed/lib/rv32imacxw/ilp32\libg_nano.a(lib_a-nano-vfprintf_i.o)
                0x00000000000081a0                _printf_common
 .text._printf_i
                0x00000000000082ac      0x2a2 c:/mounriver/mounriver_studio/toolchain/risc-v embedded gcc/bin/../lib/gcc/riscv-none-embed/8.2.0/../../../../riscv-none-embed/lib/rv32imacxw/ilp32\libg_nano.a(lib_a-nano-vfprintf_i.o)
                0x00000000000082ac                _printf_i
 .text._sbrk_r  0x000000000000854e       0x32 c:/mounriver/mounriver_studio/toolchain/risc-v embedded gcc/bin/../lib/gcc/riscv-none-embed/8.2.0/../../../../riscv-none-embed/lib/rv32imacxw/ilp32\libg_nano.a(lib_a-sbrkr.o)
                0x000000000000854e                _sbrk_r
 .text.memchr   0x0000000000008580       0x18 c:/mounriver/mounriver_studio/toolchain/risc-v embedded gcc/bin/../lib/gcc/riscv-none-embed/8.2.0/../../../../riscv-none-embed/lib/rv32imacxw/ilp32\libg_nano.a(lib_a-memchr.o)
                0x0000000000008580                memchr
 .text.memmove  0x0000000000008598       0x46 c:/mounriver/mounriver_studio/toolchain/risc-v embedded gcc/bin/../lib/gcc/riscv-none-embed/8.2.0/../../../../riscv-none-embed/lib/rv32imacxw/ilp32\libg_nano.a(lib_a-memmove.o)
                0x0000000000008598                memmove
 .text.__malloc_lock
                0x00000000000085de        0x2 c:/mounriver/mounriver_studio/toolchain/risc-v embedded gcc/bin/../lib/gcc/riscv-none-embed/8.2.0/../../../../riscv-none-embed/lib/rv32imacxw/ilp32\libg_nano.a(lib_a-mlock.o)
                0x00000000000085de                __malloc_lock
 .text.__malloc_unlock
                0x00000000000085e0        0x2 c:/mounriver/mounriver_studio/toolchain/risc-v embedded gcc/bin/../lib/gcc/riscv-none-embed/8.2.0/../../../../riscv-none-embed/lib/rv32imacxw/ilp32\libg_nano.a(lib_a-mlock.o)
                0x00000000000085e0                __malloc_unlock
 .text._free_r  0x00000000000085e2       0xa8 c:/mounriver/mounriver_studio/toolchain/risc-v embedded gcc/bin/../lib/gcc/riscv-none-embed/8.2.0/../../../../riscv-none-embed/lib/rv32imacxw/ilp32\libg_nano.a(lib_a-nano-freer.o)
                0x00000000000085e2                _free_r
 .text._realloc_r
                0x000000000000868a       0x58 c:/mounriver/mounriver_studio/toolchain/risc-v embedded gcc/bin/../lib/gcc/riscv-none-embed/8.2.0/../../../../riscv-none-embed/lib/rv32imacxw/ilp32\libg_nano.a(lib_a-nano-reallocr.o)
                0x000000000000868a                _realloc_r
 .text._malloc_usable_size_r
                0x00000000000086e2       0x14 c:/mounriver/mounriver_studio/toolchain/risc-v embedded gcc/bin/../lib/gcc/riscv-none-embed/8.2.0/../../../../riscv-none-embed/lib/rv32imacxw/ilp32\libg_nano.a(lib_a-nano-msizer.o)
                0x00000000000086e2                _malloc_usable_size_r
 *(.rodata)
 *fill*         0x00000000000086f6        0x2 
 .rodata        0x00000000000086f8       0x50 ./rtthread/components/finsh/cmd.o
 *(.rodata*)
 .rodata.rt_application_init.str1.4
                0x0000000000008748        0x5 ./rtthread/src/components.o
 *fill*         0x000000000000874d        0x3 
 .rodata.rt_device_init.str1.4
                0x0000000000008750       0x36 ./rtthread/src/device.o
 *fill*         0x0000000000008786        0x2 
 .rodata.rt_thread_idle_init.str1.4
                0x0000000000008788        0x6 ./rtthread/src/idle.o
 *fill*         0x000000000000878e        0x2 
 .rodata.__lowest_bit_bitmap
                0x0000000000008790      0x100 ./rtthread/src/kservice.o
                0x0000000000008790                __lowest_bit_bitmap
 .rodata.large_digits.2583
                0x0000000000008890       0x11 ./rtthread/src/kservice.o
 *fill*         0x00000000000088a1        0x3 
 .rodata.rt_show_version.str1.4
                0x00000000000088a4       0x86 ./rtthread/src/kservice.o
 *fill*         0x000000000000892a        0x2 
 .rodata.rt_vsnprintf.str1.4
                0x000000000000892c        0x7 ./rtthread/src/kservice.o
 *fill*         0x0000000000008933        0x1 
 .rodata.small_digits.2582
                0x0000000000008934       0x11 ./rtthread/src/kservice.o
 *fill*         0x0000000000008945        0x3 
 .rodata.list_mem.str1.4
                0x0000000000008948       0x46 ./rtthread/src/mem.o
 *fill*         0x000000000000898e        0x2 
 .rodata.name   0x0000000000008990       0x29 ./rtthread/src/mem.o
                0x0000000000008990                __fsym_list_mem_desc
                0x00000000000089b0                __fsym_list_mem_name
 *fill*         0x00000000000089b9        0x3 
 .rodata.rt_free.str1.4
                0x00000000000089bc       0x4c ./rtthread/src/mem.o
 .rodata.rt_system_heap_init.str1.4
                0x0000000000008a08       0x42 ./rtthread/src/mem.o
 *fill*         0x0000000000008a4a        0x2 
 .rodata.clear.str1.4
                0x0000000000008a4c        0x8 ./rtthread/components/finsh/cmd.o
 .rodata.list.str1.4
                0x0000000000008a54       0x25 ./rtthread/components/finsh/cmd.o
 *fill*         0x0000000000008a79        0x3 
 .rodata.list_device.str1.4
                0x0000000000008a7c       0x67 ./rtthread/components/finsh/cmd.o
 *fill*         0x0000000000008ae3        0x1 
 .rodata.list_event.str1.4
                0x0000000000008ae4       0x76 ./rtthread/components/finsh/cmd.o
 *fill*         0x0000000000008b5a        0x2 
 .rodata.list_mailbox.str1.4
                0x0000000000008b5c       0x76 ./rtthread/components/finsh/cmd.o
 *fill*         0x0000000000008bd2        0x2 
 .rodata.list_msgqueue.str1.4
                0x0000000000008bd4       0x65 ./rtthread/components/finsh/cmd.o
 *fill*         0x0000000000008c39        0x3 
 .rodata.list_mutex.str1.4
                0x0000000000008c3c       0x63 ./rtthread/components/finsh/cmd.o
 *fill*         0x0000000000008c9f        0x1 
 .rodata.list_sem.str1.4
                0x0000000000008ca0       0x60 ./rtthread/components/finsh/cmd.o
                                         0x64 (size before relaxing)
 .rodata.list_thread.str1.4
                0x0000000000008d00       0xf0 ./rtthread/components/finsh/cmd.o
 .rodata.list_timer.str1.4
                0x0000000000008df0       0x9d ./rtthread/components/finsh/cmd.o
 *fill*         0x0000000000008e8d        0x3 
 .rodata.name   0x0000000000008e90      0x323 ./rtthread/components/finsh/cmd.o
                0x0000000000008e90                __fsym_list_desc
                0x0000000000008eac                __fsym_list_name
                0x0000000000008eb4                __fsym___cmd_list_device_desc
                0x0000000000008ecc                __fsym___cmd_list_device_name
                0x0000000000008ee0                __fsym_list_device_desc
                0x0000000000008ef8                __fsym_list_device_name
                0x0000000000008f04                __fsym___cmd_list_timer_desc
                0x0000000000008f1c                __fsym___cmd_list_timer_name
                0x0000000000008f30                __fsym_list_timer_desc
                0x0000000000008f48                __fsym_list_timer_name
                0x0000000000008f54                __fsym___cmd_list_msgqueue_desc
                0x0000000000008f74                __fsym___cmd_list_msgqueue_name
                0x0000000000008f88                __fsym_list_msgqueue_desc
                0x0000000000008fa8                __fsym_list_msgqueue_name
                0x0000000000008fb8                __fsym___cmd_list_mailbox_desc
                0x0000000000008fd0                __fsym___cmd_list_mailbox_name
                0x0000000000008fe4                __fsym_list_mailbox_desc
                0x0000000000008ffc                __fsym_list_mailbox_name
                0x000000000000900c                __fsym___cmd_list_mutex_desc
                0x0000000000009024                __fsym___cmd_list_mutex_name
                0x0000000000009038                __fsym_list_mutex_desc
                0x0000000000009050                __fsym_list_mutex_name
                0x000000000000905c                __fsym___cmd_list_event_desc
                0x0000000000009074                __fsym___cmd_list_event_name
                0x0000000000009088                __fsym_list_event_desc
                0x00000000000090a0                __fsym_list_event_name
                0x00000000000090ac                __fsym___cmd_list_sem_desc
                0x00000000000090c8                __fsym___cmd_list_sem_name
                0x00000000000090d8                __fsym_list_sem_desc
                0x00000000000090f4                __fsym_list_sem_name
                0x0000000000009100                __fsym___cmd_list_thread_desc
                0x000000000000910c                __fsym___cmd_list_thread_name
                0x0000000000009120                __fsym_list_thread_desc
                0x000000000000912c                __fsym_list_thread_name
                0x0000000000009138                __fsym___cmd_clear_desc
                0x000000000000914c                __fsym___cmd_clear_name
                0x0000000000009158                __fsym_clear_desc
                0x000000000000916c                __fsym_clear_name
                0x0000000000009174                __fsym___cmd_reboot_desc
                0x0000000000009188                __fsym___cmd_reboot_name
                0x0000000000009198                __fsym_reboot_desc
                0x00000000000091ac                __fsym_reboot_name
 *fill*         0x00000000000091b3        0x1 
 .rodata.object_split.str1.4
                0x00000000000091b4        0x2 ./rtthread/components/finsh/cmd.o
 *fill*         0x00000000000091b6        0x2 
 .rodata.show_wait_queue.str1.4
                0x00000000000091b8        0x6 ./rtthread/components/finsh/cmd.o
 *fill*         0x00000000000091be        0x2 
 .rodata.str1.4
                0x00000000000091c0      0x11c ./rtthread/components/finsh/cmd.o
 .rodata.msh_auto_complete.str1.4
                0x00000000000092dc      0x11c ./rtthread/components/finsh/msh.o
                                          0x4 (size before relaxing)
 .rodata.msh_exec.str1.4
                0x00000000000092dc       0x3c ./rtthread/components/finsh/msh.o
 .rodata.msh_help.str1.4
                0x0000000000009318       0x30 ./rtthread/components/finsh/msh.o
                                         0x32 (size before relaxing)
 .rodata.name   0x0000000000009348       0x23 ./rtthread/components/finsh/msh.o
                0x0000000000009348                __fsym___cmd_help_desc
                0x0000000000009360                __fsym___cmd_help_name
 *fill*         0x000000000000936b        0x1 
 .rodata.name   0x000000000000936c       0x55 ./rtthread/components/finsh/msh_cmd.o
                0x000000000000936c                __fsym___cmd_free_desc
                0x0000000000009390                __fsym___cmd_free_name
                0x000000000000939c                __fsym___cmd_ps_desc
                0x00000000000093b8                __fsym___cmd_ps_name
 *fill*         0x00000000000093c1        0x3 
 .rodata.finsh_get_prompt.str1.4
                0x00000000000093c4       0x12 ./rtthread/components/finsh/shell.o
 *fill*         0x00000000000093d6        0x2 
 .rodata.finsh_set_device.str1.4
                0x00000000000093d8       0x20 ./rtthread/components/finsh/shell.o
 .rodata.finsh_system_init.str1.4
                0x00000000000093f8       0x25 ./rtthread/components/finsh/shell.o
 *fill*         0x000000000000941d        0x3 
 .rodata.finsh_thread_entry.str1.4
                0x0000000000009420       0x14 ./rtthread/components/finsh/shell.o
                                         0x1b (size before relaxing)
 .rodata.shell_handle_history.str1.4
                0x0000000000009434        0xd ./rtthread/components/finsh/shell.o
 *fill*         0x0000000000009441        0x3 
 .rodata.name   0x0000000000009444       0x70 ./rtthread/components/drivers/misc/pin.o
                0x0000000000009444                __fsym_pinRead_desc
                0x0000000000009464                __fsym_pinRead_name
                0x000000000000946c                __fsym_pinWrite_desc
                0x0000000000009488                __fsym_pinWrite_name
                0x0000000000009494                __fsym_pinMode_desc
                0x00000000000094ac                __fsym_pinMode_name
 .rodata.rt_hw_board_init.str1.4
                0x00000000000094b4        0x6 ./rtthread/board.o
 *fill*         0x00000000000094ba        0x2 
 .rodata._ch32_pin_ops
                0x00000000000094bc       0x18 ./drivers/drv_gpio.o
 .rodata.pin_irq_map
                0x00000000000094d4       0x80 ./drivers/drv_gpio.o
 .rodata.pins   0x0000000000009554      0x650 ./drivers/drv_gpio.o
 .rodata.rt_hw_pin_init.str1.4
                0x0000000000009ba4        0x4 ./drivers/drv_gpio.o
 .rodata.ch32_uart_ops
                0x0000000000009ba8       0x14 ./drivers/drv_usart.o
 .rodata.rt_hw_usart_init.str1.4
                0x0000000000009bbc        0x6 ./drivers/drv_usart.o
 .rodata.HardFault_Handler.str1.4
                0x0000000000009bbc        0xc ./User/ch32v30x_it.o
 .rodata.NMI_Handler.str1.4
                0x0000000000009bc8        0xf ./User/ch32v30x_it.o
 *fill*         0x0000000000009bd7        0x1 
 .rodata.Run.str1.4
                0x0000000000009bd8       0x3d ./User/main.o
 *fill*         0x0000000000009c15        0x3 
 .rodata.display.str1.4
                0x0000000000009c18       0x25 ./User/main.o
                                         0x29 (size before relaxing)
 *fill*         0x0000000000009c3d        0x3 
 .rodata.main.str1.4
                0x0000000000009c40       0x32 ./User/main.o
 .rodata.read_location.str1.4
                0x0000000000009c72        0x3 ./User/main.o
 *fill*         0x0000000000009c72        0x2 
 .rodata.NMEA_GPGGA_Analysis.str1.4
                0x0000000000009c74        0x7 ./NEO7/gps.o
 *fill*         0x0000000000009c7b        0x1 
 .rodata.NMEA_GPGSA_Analysis.str1.4
                0x0000000000009c7c        0x7 ./NEO7/gps.o
 *fill*         0x0000000000009c83        0x1 
 .rodata.NMEA_GPGSV_Analysis.str1.4
                0x0000000000009c84        0x7 ./NEO7/gps.o
 *fill*         0x0000000000009c8b        0x1 
 .rodata.NMEA_GPRMC_Analysis.cst4
                0x0000000000009c8c        0x4 ./NEO7/gps.o
 .rodata.NMEA_GPRMC_Analysis.str1.4
                0x0000000000009c90       0x6d ./NEO7/gps.o
 *fill*         0x0000000000009cfd        0x3 
 .rodata.NMEA_GPVTG_Analysis.str1.4
                0x0000000000009d00        0x7 ./NEO7/gps.o
 *fill*         0x0000000000009d07        0x1 
 .rodata.Send_NMEA_GPGGA.cst4
                0x0000000000009d08        0x4 ./NEO7/gps.o
 .rodata.Send_NMEA_GPGGA.str1.4
                0x0000000000009d0c       0x4d ./NEO7/gps.o
 *fill*         0x0000000000009d59        0x3 
 .rodata.Send_NMEA_GPGSA.cst4
                0x0000000000009d5c        0x4 ./NEO7/gps.o
 .rodata.Send_NMEA_GPGSA.str1.4
                0x0000000000009d60       0x2e ./NEO7/gps.o
                                         0x34 (size before relaxing)
 *fill*         0x0000000000009d8e        0x2 
 .rodata.Send_NMEA_GPGSV.str1.4
                0x0000000000009d90       0x76 ./NEO7/gps.o
                                         0x7f (size before relaxing)
 *fill*         0x0000000000009e06        0x2 
 .rodata.Send_NMEA_GPRMC.cst4
                0x0000000000009e08        0x4 ./NEO7/gps.o
 .rodata.Send_NMEA_GPRMC.str1.4
                0x0000000000009e0c       0x61 ./NEO7/gps.o
 *fill*         0x0000000000009e6d        0x3 
 .rodata.Send_NMEA_GPVTG.cst4
                0x0000000000009e70        0x4 ./NEO7/gps.o
 .rodata.Send_NMEA_GPVTG.str1.4
                0x0000000000009e74        0xe ./NEO7/gps.o
 *fill*         0x0000000000009e82        0x6 
 .rodata.get_humid_value.cst8
                0x0000000000009e88       0x10 ./HSM20G/hsm20g.o
 .rodata.get_humid_value.str1.4
                0x0000000000009e98        0xd ./HSM20G/hsm20g.o
 *fill*         0x0000000000009ea5        0x3 
 .rodata.get_temp_value.cst8
                0x0000000000009ea8       0x18 ./HSM20G/hsm20g.o
 .rodata.get_temp_value.str1.4
                0x0000000000009ec0        0xc ./HSM20G/hsm20g.o
 .rodata.humidity_high_alart.str1.4
                0x0000000000009ecc       0x22 ./GPRS/gprs.o
 *fill*         0x0000000000009eee        0x2 
 .rodata.send_apikey.str1.4
                0x0000000000009ef0        0x9 ./GPRS/gprs.o
                                         0x13 (size before relaxing)
 *fill*         0x0000000000009ef9        0x3 
 .rodata.send_data.str1.4
                0x0000000000009efc      0x10f ./GPRS/gprs.o
 *fill*         0x000000000000a00b        0x1 
 .rodata.send_test_sms.str1.4
                0x000000000000a00c       0x4d ./GPRS/gprs.o
 *fill*         0x000000000000a059        0x3 
 .rodata.temperature_high_alart.str1.4
                0x000000000000a05c       0x25 ./GPRS/gprs.o
 .rodata.USART2_IRQHandler.str1.4
                0x000000000000a081        0x3 ./GPRS/usart2.o
 *fill*         0x000000000000a081        0x3 
 .rodata.__muldf3
                0x000000000000a084       0x40 c:/mounriver/mounriver_studio/toolchain/risc-v embedded gcc/bin/../lib/gcc/riscv-none-embed/8.2.0/rv32imacxw/ilp32\libgcc.a(muldf3.o)
 .rodata.__divsf3
                0x000000000000a0c4       0x80 c:/mounriver/mounriver_studio/toolchain/risc-v embedded gcc/bin/../lib/gcc/riscv-none-embed/8.2.0/rv32imacxw/ilp32\libgcc.a(divsf3.o)
 .rodata.__mulsf3
                0x000000000000a144       0x40 c:/mounriver/mounriver_studio/toolchain/risc-v embedded gcc/bin/../lib/gcc/riscv-none-embed/8.2.0/rv32imacxw/ilp32\libgcc.a(mulsf3.o)
 .rodata.__clz_tab
                0x000000000000a184      0x100 c:/mounriver/mounriver_studio/toolchain/risc-v embedded gcc/bin/../lib/gcc/riscv-none-embed/8.2.0/rv32imacxw/ilp32\libgcc.a(_clz.o)
                0x000000000000a184                __clz_tab
 .rodata.__sf_fake_stderr
                0x000000000000a284       0x20 c:/mounriver/mounriver_studio/toolchain/risc-v embedded gcc/bin/../lib/gcc/riscv-none-embed/8.2.0/../../../../riscv-none-embed/lib/rv32imacxw/ilp32\libg_nano.a(lib_a-findfp.o)
                0x000000000000a284                __sf_fake_stderr
 .rodata.__sf_fake_stdin
                0x000000000000a2a4       0x20 c:/mounriver/mounriver_studio/toolchain/risc-v embedded gcc/bin/../lib/gcc/riscv-none-embed/8.2.0/../../../../riscv-none-embed/lib/rv32imacxw/ilp32\libg_nano.a(lib_a-findfp.o)
                0x000000000000a2a4                __sf_fake_stdin
 .rodata.__sf_fake_stdout
                0x000000000000a2c4       0x20 c:/mounriver/mounriver_studio/toolchain/risc-v embedded gcc/bin/../lib/gcc/riscv-none-embed/8.2.0/../../../../riscv-none-embed/lib/rv32imacxw/ilp32\libg_nano.a(lib_a-findfp.o)
                0x000000000000a2c4                __sf_fake_stdout
 .rodata._svfprintf_r.str1.4
                0x000000000000a2e4       0x13 c:/mounriver/mounriver_studio/toolchain/risc-v embedded gcc/bin/../lib/gcc/riscv-none-embed/8.2.0/../../../../riscv-none-embed/lib/rv32imacxw/ilp32\libg_nano.a(lib_a-nano-svfprintf.o)
 *fill*         0x000000000000a2f7        0x1 
 .rodata._printf_i.str1.4
                0x000000000000a2f8       0x28 c:/mounriver/mounriver_studio/toolchain/risc-v embedded gcc/bin/../lib/gcc/riscv-none-embed/8.2.0/../../../../riscv-none-embed/lib/rv32imacxw/ilp32\libg_nano.a(lib_a-nano-vfprintf_i.o)
                                         0x25 (size before relaxing)
 *(.glue_7)
 *(.glue_7t)
 *(.gnu.linkonce.t.*)
                0x000000000000a320                . = ALIGN (0x4)
                0x000000000000a320                __fsymtab_start = .
 *(FSymTab)
 FSymTab        0x000000000000a320        0xc ./rtthread/src/mem.o
                0x000000000000a320                __fsym_list_mem
 FSymTab        0x000000000000a32c       0xfc ./rtthread/components/finsh/cmd.o
                0x000000000000a32c                __fsym_list
                0x000000000000a338                __fsym___cmd_list_device
                0x000000000000a344                __fsym_list_device
                0x000000000000a350                __fsym___cmd_list_timer
                0x000000000000a35c                __fsym_list_timer
                0x000000000000a368                __fsym___cmd_list_msgqueue
                0x000000000000a374                __fsym_list_msgqueue
                0x000000000000a380                __fsym___cmd_list_mailbox
                0x000000000000a38c                __fsym_list_mailbox
                0x000000000000a398                __fsym___cmd_list_mutex
                0x000000000000a3a4                __fsym_list_mutex
                0x000000000000a3b0                __fsym___cmd_list_event
                0x000000000000a3bc                __fsym_list_event
                0x000000000000a3c8                __fsym___cmd_list_sem
                0x000000000000a3d4                __fsym_list_sem
                0x000000000000a3e0                __fsym___cmd_list_thread
                0x000000000000a3ec                __fsym_list_thread
                0x000000000000a3f8                __fsym___cmd_clear
                0x000000000000a404                __fsym_clear
                0x000000000000a410                __fsym___cmd_reboot
                0x000000000000a41c                __fsym_reboot
 FSymTab        0x000000000000a428        0xc ./rtthread/components/finsh/msh.o
                0x000000000000a428                __fsym___cmd_help
 FSymTab        0x000000000000a434       0x18 ./rtthread/components/finsh/msh_cmd.o
                0x000000000000a434                __fsym___cmd_free
                0x000000000000a440                __fsym___cmd_ps
 FSymTab        0x000000000000a44c       0x24 ./rtthread/components/drivers/misc/pin.o
                0x000000000000a44c                __fsym_pinRead
                0x000000000000a458                __fsym_pinWrite
                0x000000000000a464                __fsym_pinMode
                0x000000000000a470                __fsymtab_end = .
                0x000000000000a470                . = ALIGN (0x4)
                0x000000000000a470                __vsymtab_start = .
 *(VSymTab)
                0x000000000000a470                __vsymtab_end = .
                0x000000000000a470                . = ALIGN (0x4)
                0x000000000000a470                . = ALIGN (0x4)
                0x000000000000a470                __rt_init_start = .
 *(SORT_BY_NAME(.rti_fn*))
 .rti_fn.0      0x000000000000a470        0x4 ./rtthread/src/components.o
                0x000000000000a470                __rt_init_rti_start
 .rti_fn.0.end  0x000000000000a474        0x4 ./rtthread/src/components.o
                0x000000000000a474                __rt_init_rti_board_start
 .rti_fn.1      0x000000000000a478        0x4 ./drivers/drv_gpio.o
                0x000000000000a478                __rt_init_rt_hw_pin_init
 .rti_fn.1      0x000000000000a47c        0x4 ./drivers/drv_usart.o
                0x000000000000a47c                __rt_init_rt_hw_usart_init
 .rti_fn.1.end  0x000000000000a480        0x4 ./rtthread/src/components.o
                0x000000000000a480                __rt_init_rti_board_end
 .rti_fn.6      0x000000000000a484        0x4 ./rtthread/components/finsh/shell.o
                0x000000000000a484                __rt_init_finsh_system_init
 .rti_fn.6.end  0x000000000000a488        0x4 ./rtthread/src/components.o
                0x000000000000a488                __rt_init_rti_end
                0x000000000000a48c                __rt_init_end = .
                0x000000000000a48c                . = ALIGN (0x4)
                0x000000000000a48c                . = ALIGN (0x4)
                0x000000000000a48c                __rtmsymtab_start = .
 *(RTMSymTab)
                0x000000000000a48c                __rtmsymtab_end = .
                0x000000000000a48c                . = ALIGN (0x4)

.rela.dyn       0x000000000000a48c        0x0
 .rela.text.rt_kprintf
                0x000000000000a48c        0x0 ./rtthread/src/clock.o
 .rela.text     0x000000000000a48c        0x0 ./rtthread/src/clock.o
 .rela.text.finsh_system_init
                0x000000000000a48c        0x0 ./rtthread/src/clock.o
 .rela.text.rt_hw_board_init
                0x000000000000a48c        0x0 ./rtthread/src/clock.o
 .rela.init     0x000000000000a48c        0x0 ./rtthread/src/clock.o
 .rela.vector   0x000000000000a48c        0x0 ./rtthread/src/clock.o
 .rela.text.handle_reset
                0x000000000000a48c        0x0 ./rtthread/src/clock.o
 .rela.text._sbrk
                0x000000000000a48c        0x0 ./rtthread/src/clock.o
 .rela.sdata.curbrk.5230
                0x000000000000a48c        0x0 ./rtthread/src/clock.o
 .rela.text._svfprintf_r
                0x000000000000a48c        0x0 ./rtthread/src/clock.o
 .rela.text._sbrk_r
                0x000000000000a48c        0x0 ./rtthread/src/clock.o

.fini           0x000000000000a48c        0x0
 *(SORT_NONE(.fini))
                0x000000000000a48c                . = ALIGN (0x4)
                [!provide]                        PROVIDE (_etext = .)
                [!provide]                        PROVIDE (_eitcm = .)

.preinit_array  0x000000000000a48c        0x0
                [!provide]                        PROVIDE (__preinit_array_start = .)
 *(.preinit_array)
                [!provide]                        PROVIDE (__preinit_array_end = .)

.init_array     0x000000000000a48c        0x0
                [!provide]                        PROVIDE (__init_array_start = .)
 *(SORT_BY_INIT_PRIORITY(.init_array.*) SORT_BY_INIT_PRIORITY(.ctors.*))
 *(.init_array EXCLUDE_FILE(*crtend?.o *crtend.o *crtbegin?.o *crtbegin.o) .ctors)
                [!provide]                        PROVIDE (__init_array_end = .)

.fini_array     0x000000000000a48c        0x0
                [!provide]                        PROVIDE (__fini_array_start = .)
 *(SORT_BY_INIT_PRIORITY(.fini_array.*) SORT_BY_INIT_PRIORITY(.dtors.*))
 *(.fini_array EXCLUDE_FILE(*crtend?.o *crtend.o *crtbegin?.o *crtbegin.o) .dtors)
                [!provide]                        PROVIDE (__fini_array_end = .)

.ctors
 *crtbegin.o(.ctors)
 *crtbegin?.o(.ctors)
 *(EXCLUDE_FILE(*crtend?.o *crtend.o) .ctors)
 *(SORT_BY_NAME(.ctors.*))
 *(.ctors)

.dtors
 *crtbegin.o(.dtors)
 *crtbegin?.o(.dtors)
 *(EXCLUDE_FILE(*crtend?.o *crtend.o) .dtors)
 *(SORT_BY_NAME(.dtors.*))
 *(.dtors)

.dalign         0x0000000020000000        0x0 load address 0x000000000000a48c
                0x0000000020000000                . = ALIGN (0x4)
                0x0000000020000000                PROVIDE (_data_vma = .)

.dlalign        0x000000000000a48c        0x0
                0x000000000000a48c                . = ALIGN (0x4)
                0x000000000000a48c                PROVIDE (_data_lma = .)

.data           0x0000000020000000      0x1f8 load address 0x000000000000a48c
 *(.gnu.linkonce.r.*)
 *(.data .data.*)
 .data.rt_object_container
                0x0000000020000000       0x80 ./rtthread/src/object.o
 .data.pin_irq_hdr_tab
                0x0000000020000080       0xc0 ./drivers/drv_gpio.o
                0x0000000020000080                pin_irq_hdr_tab
 .data.api_key  0x0000000020000140       0x21 ./User/main.o
                0x0000000020000140                api_key
 *fill*         0x0000000020000161        0x3 
 .data.APBAHBPrescTable
                0x0000000020000164       0x10 ./Peripheral/src/ch32v30x_rcc.o
 .data.impure_data
                0x0000000020000174       0x60 c:/mounriver/mounriver_studio/toolchain/risc-v embedded gcc/bin/../lib/gcc/riscv-none-embed/8.2.0/../../../../riscv-none-embed/lib/rv32imacxw/ilp32\libg_nano.a(lib_a-impure.o)
 *(.gnu.linkonce.d.*)
                0x00000000200001d8                . = ALIGN (0x8)
 *fill*         0x00000000200001d4        0x4 
                0x00000000200009d8                PROVIDE (__global_pointer$ = (. + 0x800))
 *(.sdata .sdata.*)
 .sdata.SystemCoreClock
                0x00000000200001d8        0x4 ./User/system_ch32v30x.o
                0x00000000200001d8                SystemCoreClock
 .sdata.ADCPrescTable
                0x00000000200001dc        0x4 ./Peripheral/src/ch32v30x_rcc.o
 .sdata.lat_value
                0x00000000200001e0        0x4 ./NEO7/gps.o
                0x00000000200001e0                lat_value
 .sdata.lon_value
                0x00000000200001e4        0x4 ./NEO7/gps.o
                0x00000000200001e4                lon_value
 .sdata.data_pins
                0x00000000200001e8        0x8 ./LCD/LiquidCrystal.o
                0x00000000200001e8                data_pins
 .sdata.curbrk.5230
                0x00000000200001f0        0x4 ./Debug/debug.o
 .sdata._impure_ptr
                0x00000000200001f4        0x4 c:/mounriver/mounriver_studio/toolchain/risc-v embedded gcc/bin/../lib/gcc/riscv-none-embed/8.2.0/../../../../riscv-none-embed/lib/rv32imacxw/ilp32\libg_nano.a(lib_a-impure.o)
                0x00000000200001f4                _impure_ptr
 *(.sdata2.*)
 *(.gnu.linkonce.s.*)
                0x00000000200001f8                . = ALIGN (0x8)
 *(.srodata.cst16)
 *(.srodata.cst8)
 *(.srodata.cst4)
 *(.srodata.cst2)
 *(.srodata .srodata.*)
                0x00000000200001f8                . = ALIGN (0x4)
                0x00000000200001f8                PROVIDE (_edata = .)

.bss            0x00000000200001f8     0x1e50 load address 0x000000000000a684
                0x00000000200001f8                . = ALIGN (0x4)
                0x00000000200001f8                PROVIDE (_sbss = .)
 *(.sbss*)
 .sbss.rt_tick  0x00000000200001f8        0x4 ./rtthread/src/clock.o
 .sbss.rt_interrupt_enter_hook
                0x00000000200001fc        0x4 ./rtthread/src/irq.o
 .sbss.rt_interrupt_leave_hook
                0x0000000020000200        0x4 ./rtthread/src/irq.o
 .sbss.rt_interrupt_nest
                0x0000000020000204        0x1 ./rtthread/src/irq.o
                0x0000000020000204                rt_interrupt_nest
 *fill*         0x0000000020000205        0x3 
 .sbss.__rt_errno
                0x0000000020000208        0x4 ./rtthread/src/kservice.o
 .sbss._console_device
                0x000000002000020c        0x4 ./rtthread/src/kservice.o
 .sbss.heap_end
                0x0000000020000210        0x4 ./rtthread/src/mem.o
 .sbss.heap_ptr
                0x0000000020000214        0x4 ./rtthread/src/mem.o
 .sbss.lfree    0x0000000020000218        0x4 ./rtthread/src/mem.o
 .sbss.max_mem  0x000000002000021c        0x4 ./rtthread/src/mem.o
 .sbss.mem_size_aligned
                0x0000000020000220        0x4 ./rtthread/src/mem.o
 .sbss.rt_free_hook
                0x0000000020000224        0x4 ./rtthread/src/mem.o
 .sbss.rt_malloc_hook
                0x0000000020000228        0x4 ./rtthread/src/mem.o
 .sbss.used_mem
                0x000000002000022c        0x4 ./rtthread/src/mem.o
 .sbss.rt_object_attach_hook
                0x0000000020000230        0x4 ./rtthread/src/object.o
 .sbss.rt_object_detach_hook
                0x0000000020000234        0x4 ./rtthread/src/object.o
 .sbss.rt_object_put_hook
                0x0000000020000238        0x4 ./rtthread/src/object.o
                0x0000000020000238                rt_object_put_hook
 .sbss.rt_object_take_hook
                0x000000002000023c        0x4 ./rtthread/src/object.o
                0x000000002000023c                rt_object_take_hook
 .sbss.rt_object_trytake_hook
                0x0000000020000240        0x4 ./rtthread/src/object.o
                0x0000000020000240                rt_object_trytake_hook
 .sbss.rt_current_priority
                0x0000000020000244        0x1 ./rtthread/src/scheduler.o
                0x0000000020000244                rt_current_priority
 *fill*         0x0000000020000245        0x3 
 .sbss.rt_current_thread
                0x0000000020000248        0x4 ./rtthread/src/scheduler.o
                0x0000000020000248                rt_current_thread
 .sbss.rt_scheduler_hook
                0x000000002000024c        0x4 ./rtthread/src/scheduler.o
 .sbss.rt_scheduler_lock_nest
                0x0000000020000250        0x2 ./rtthread/src/scheduler.o
 *fill*         0x0000000020000252        0x2 
 .sbss.rt_thread_defunct
                0x0000000020000254        0x8 ./rtthread/src/scheduler.o
                0x0000000020000254                rt_thread_defunct
 .sbss.rt_thread_ready_priority_group
                0x000000002000025c        0x4 ./rtthread/src/scheduler.o
                0x000000002000025c                rt_thread_ready_priority_group
 .sbss.rt_thread_inited_hook
                0x0000000020000260        0x4 ./rtthread/src/thread.o
 .sbss.rt_thread_resume_hook
                0x0000000020000264        0x4 ./rtthread/src/thread.o
 .sbss.rt_thread_suspend_hook
                0x0000000020000268        0x4 ./rtthread/src/thread.o
 .sbss.random_nr.2483
                0x000000002000026c        0x4 ./rtthread/src/timer.o
 .sbss.rt_timer_enter_hook
                0x0000000020000270        0x4 ./rtthread/src/timer.o
 .sbss.rt_timer_exit_hook
                0x0000000020000274        0x4 ./rtthread/src/timer.o
 .sbss.rt_timer_list
                0x0000000020000278        0x8 ./rtthread/src/timer.o
 .sbss.rt_interrupt_from_thread
                0x0000000020000280        0x4 ./rtthread/libcpu/risc-v/common/cpuport.o
                0x0000000020000280                rt_interrupt_from_thread
 .sbss.rt_interrupt_to_thread
                0x0000000020000284        0x4 ./rtthread/libcpu/risc-v/common/cpuport.o
                0x0000000020000284                rt_interrupt_to_thread
 .sbss.rt_thread_switch_interrupt_flag
                0x0000000020000288        0x4 ./rtthread/libcpu/risc-v/common/cpuport.o
                0x0000000020000288                rt_thread_switch_interrupt_flag
 .sbss.shell    0x000000002000028c        0x4 ./rtthread/components/finsh/shell.o
                0x000000002000028c                shell
 .sbss._syscall_table_begin
                0x0000000020000290        0x4 ./rtthread/components/finsh/symbol.o
                0x0000000020000290                _syscall_table_begin
 .sbss._syscall_table_end
                0x0000000020000294        0x4 ./rtthread/components/finsh/symbol.o
                0x0000000020000294                _syscall_table_end
 .sbss._sysvar_table_begin
                0x0000000020000298        0x4 ./rtthread/components/finsh/symbol.o
                0x0000000020000298                _sysvar_table_begin
 .sbss._sysvar_table_end
                0x000000002000029c        0x4 ./rtthread/components/finsh/symbol.o
                0x000000002000029c                _sysvar_table_end
 .sbss.data_to_cloud_thread
                0x00000000200002a0        0x4 ./User/main.o